I0729 09:55:53.009508  4358 vbucket_config.cc:137] vbuckets[683].size= 2
I0729 09:55:53.009518  4358 vbucket_config.cc:137] vbuckets[684].size= 2
I0729 09:55:53.009528  4358 vbucket_config.cc:137] vbuckets[685].size= 2
I0729 09:55:53.009538  4358 vbucket_config.cc:137] vbuckets[686].size= 2
I0729 09:55:53.009548  4358 vbucket_config.cc:137] vbuckets[687].size= 2
I0729 09:55:53.009557  4358 vbucket_config.cc:137] vbuckets[688].size= 2
I0729 09:55:53.009568  4358 vbucket_config.cc:137] vbuckets[689].size= 2
I0729 09:55:53.009578  4358 vbucket_config.cc:137] vbuckets[690].size= 2
I0729 09:55:53.009588  4358 vbucket_config.cc:137] vbuckets[691].size= 2
I0729 09:55:53.009598  4358 vbucket_config.cc:137] vbuckets[692].size= 2
I0729 09:55:53.009608  4358 vbucket_config.cc:137] vbuckets[693].size= 2
I0729 09:55:53.009618  4358 vbucket_config.cc:137] vbuckets[694].size= 2
I0729 09:55:53.009627  4358 vbucket_config.cc:137] vbuckets[695].size= 2
I0729 09:55:53.009637  4358 vbucket_config.cc:137] vbuckets[696].size= 2
I0729 09:55:53.009647  4358 vbucket_config.cc:137] vbuckets[697].size= 2
I0729 09:55:53.009657  4358 vbucket_config.cc:137] vbuckets[698].size= 2
I0729 09:55:53.009667  4358 vbucket_config.cc:137] vbuckets[699].size= 2
I0729 09:55:53.009677  4358 vbucket_config.cc:137] vbuckets[700].size= 2
I0729 09:55:53.009687  4358 vbucket_config.cc:137] vbuckets[701].size= 2
I0729 09:55:53.009697  4358 vbucket_config.cc:137] vbuckets[702].size= 2
I0729 09:55:53.009707  4358 vbucket_config.cc:137] vbuckets[703].size= 2
I0729 09:55:53.009717  4358 vbucket_config.cc:137] vbuckets[704].size= 2
I0729 09:55:53.009727  4358 vbucket_config.cc:137] vbuckets[705].size= 2
I0729 09:55:53.009737  4358 vbucket_config.cc:137] vbuckets[706].size= 2
I0729 09:55:53.009747  4358 vbucket_config.cc:137] vbuckets[707].size= 2
I0729 09:55:53.009757  4358 vbucket_config.cc:137] vbuckets[708].size= 2
I0729 09:55:53.009768  4358 vbucket_config.cc:137] vbuckets[709].size= 2
I0729 09:55:53.009778  4358 vbucket_config.cc:137] vbuckets[710].size= 2
I0729 09:55:53.009786  4358 vbucket_config.cc:137] vbuckets[711].size= 2
I0729 09:55:53.009796  4358 vbucket_config.cc:137] vbuckets[712].size= 2
I0729 09:55:53.009806  4358 vbucket_config.cc:137] vbuckets[713].size= 2
I0729 09:55:53.009816  4358 vbucket_config.cc:137] vbuckets[714].size= 2
I0729 09:55:53.009826  4358 vbucket_config.cc:137] vbuckets[715].size= 2
I0729 09:55:53.009836  4358 vbucket_config.cc:137] vbuckets[716].size= 2
I0729 09:55:53.009846  4358 vbucket_config.cc:137] vbuckets[717].size= 2
I0729 09:55:53.009856  4358 vbucket_config.cc:137] vbuckets[718].size= 2
I0729 09:55:53.009866  4358 vbucket_config.cc:137] vbuckets[719].size= 2
I0729 09:55:53.009876  4358 vbucket_config.cc:137] vbuckets[720].size= 2
I0729 09:55:53.009886  4358 vbucket_config.cc:137] vbuckets[721].size= 2
I0729 09:55:53.009896  4358 vbucket_config.cc:137] vbuckets[722].size= 2
I0729 09:55:53.009907  4358 vbucket_config.cc:137] vbuckets[723].size= 2
I0729 09:55:53.009917  4358 vbucket_config.cc:137] vbuckets[724].size= 2
I0729 09:55:53.009925  4358 vbucket_config.cc:137] vbuckets[725].size= 2
I0729 09:55:53.009935  4358 vbucket_config.cc:137] vbuckets[726].size= 2
I0729 09:55:53.009945  4358 vbucket_config.cc:137] vbuckets[727].size= 2
I0729 09:55:53.009955  4358 vbucket_config.cc:137] vbuckets[728].size= 2
I0729 09:55:53.009974  4358 vbucket_config.cc:137] vbuckets[729].size= 2
I0729 09:55:53.009985  4358 vbucket_config.cc:137] vbuckets[730].size= 2
I0729 09:55:53.009995  4358 vbucket_config.cc:137] vbuckets[731].size= 2
I0729 09:55:53.010005  4358 vbucket_config.cc:137] vbuckets[732].size= 2
I0729 09:55:53.010015  4358 vbucket_config.cc:137] vbuckets[733].size= 2
I0729 09:55:53.010025  4358 vbucket_config.cc:137] vbuckets[734].size= 2
I0729 09:55:53.010035  4358 vbucket_config.cc:137] vbuckets[735].size= 2
I0729 09:55:53.010046  4358 vbucket_config.cc:137] vbuckets[736].size= 2
I0729 09:55:53.010056  4358 vbucket_config.cc:137] vbuckets[737].size= 2
I0729 09:55:53.010066  4358 vbucket_config.cc:137] vbuckets[738].size= 2
I0729 09:55:53.010076  4358 vbucket_config.cc:137] vbuckets[739].size= 2
I0729 09:55:53.010085  4358 vbucket_config.cc:137] vbuckets[740].size= 2
I0729 09:55:53.010095  4358 vbucket_config.cc:137] vbuckets[741].size= 2
I0729 09:55:53.010105  4358 vbucket_config.cc:137] vbuckets[742].size= 2
I0729 09:55:53.010114  4358 vbucket_config.cc:137] vbuckets[743].size= 2
I0729 09:55:53.010124  4358 vbucket_config.cc:137] vbuckets[744].size= 2
I0729 09:55:53.010134  4358 vbucket_config.cc:137] vbuckets[745].size= 2
I0729 09:55:53.010144  4358 vbucket_config.cc:137] vbuckets[746].size= 2
I0729 09:55:53.010154  4358 vbucket_config.cc:137] vbuckets[747].size= 2
I0729 09:55:53.010164  4358 vbucket_config.cc:137] vbuckets[748].size= 2
I0729 09:55:53.010174  4358 vbucket_config.cc:137] vbuckets[749].size= 2
I0729 09:55:53.010185  4358 vbucket_config.cc:137] vbuckets[750].size= 2
I0729 09:55:53.010195  4358 vbucket_config.cc:137] vbuckets[751].size= 2
I0729 09:55:53.010203  4358 vbucket_config.cc:137] vbuckets[752].size= 2
I0729 09:55:53.010213  4358 vbucket_config.cc:137] vbuckets[753].size= 2
I0729 09:55:53.010223  4358 vbucket_config.cc:137] vbuckets[754].size= 2
I0729 09:55:53.010233  4358 vbucket_config.cc:137] vbuckets[755].size= 2
I0729 09:55:53.010243  4358 vbucket_config.cc:137] vbuckets[756].size= 2
I0729 09:55:53.010253  4358 vbucket_config.cc:137] vbuckets[757].size= 2
I0729 09:55:53.010263  4358 vbucket_config.cc:137] vbuckets[758].size= 2
I0729 09:55:53.010273  4358 vbucket_config.cc:137] vbuckets[759].size= 2
I0729 09:55:53.010283  4358 vbucket_config.cc:137] vbuckets[760].size= 2
I0729 09:55:53.010293  4358 vbucket_config.cc:137] vbuckets[761].size= 2
I0729 09:55:53.010303  4358 vbucket_config.cc:137] vbuckets[762].size= 2
I0729 09:55:53.010313  4358 vbucket_config.cc:137] vbuckets[763].size= 2
I0729 09:55:53.010323  4358 vbucket_config.cc:137] vbuckets[764].size= 2
I0729 09:55:53.010332  4358 vbucket_config.cc:137] vbuckets[765].size= 2
I0729 09:55:53.010342  4358 vbucket_config.cc:137] vbuckets[766].size= 2
I0729 09:55:53.010352  4358 vbucket_config.cc:137] vbuckets[767].size= 2
I0729 09:55:53.010361  4358 vbucket_config.cc:137] vbuckets[768].size= 2
I0729 09:55:53.010371  4358 vbucket_config.cc:137] vbuckets[769].size= 2
I0729 09:55:53.010381  4358 vbucket_config.cc:137] vbuckets[770].size= 2
I0729 09:55:53.010391  4358 vbucket_config.cc:137] vbuckets[771].size= 2
I0729 09:55:53.010401  4358 vbucket_config.cc:137] vbuckets[772].size= 2
I0729 09:55:53.010411  4358 vbucket_config.cc:137] vbuckets[773].size= 2
I0729 09:55:53.010421  4358 vbucket_config.cc:137] vbuckets[774].size= 2
I0729 09:55:53.010431  4358 vbucket_config.cc:137] vbuckets[775].size= 2
I0729 09:55:53.010449  4358 vbucket_config.cc:137] vbuckets[776].size= 2
I0729 09:55:53.010465  4358 vbucket_config.cc:137] vbuckets[777].size= 2
I0729 09:55:53.010478  4358 vbucket_config.cc:137] vbuckets[778].size= 2
I0729 09:55:53.010488  4358 vbucket_config.cc:137] vbuckets[779].size= 2
I0729 09:55:53.010498  4358 vbucket_config.cc:137] vbuckets[780].size= 2
I0729 09:55:53.010507  4358 vbucket_config.cc:137] vbuckets[781].size= 2
I0729 09:55:53.010517  4358 vbucket_config.cc:137] vbuckets[782].size= 2
I0729 09:55:53.010527  4358 vbucket_config.cc:137] vbuckets[783].size= 2
I0729 09:55:53.010537  4358 vbucket_config.cc:137] vbuckets[784].size= 2
I0729 09:55:53.010555  4358 vbucket_config.cc:137] vbuckets[785].size= 2
I0729 09:55:53.010566  4358 vbucket_config.cc:137] vbuckets[786].size= 2
I0729 09:55:53.010576  4358 vbucket_config.cc:137] vbuckets[787].size= 2
I0729 09:55:53.010586  4358 vbucket_config.cc:137] vbuckets[788].size= 2
I0729 09:55:53.010596  4358 vbucket_config.cc:137] vbuckets[789].size= 2
I0729 09:55:53.010607  4358 vbucket_config.cc:137] vbuckets[790].size= 2
I0729 09:55:53.010617  4358 vbucket_config.cc:137] vbuckets[791].size= 2
I0729 09:55:53.010627  4358 vbucket_config.cc:137] vbuckets[792].size= 2
I0729 09:55:53.010637  4358 vbucket_config.cc:137] vbuckets[793].size= 2
I0729 09:55:53.010646  4358 vbucket_config.cc:137] vbuckets[794].size= 2
I0729 09:55:53.010656  4358 vbucket_config.cc:137] vbuckets[795].size= 2
I0729 09:55:53.010666  4358 vbucket_config.cc:137] vbuckets[796].size= 2
I0729 09:55:53.010676  4358 vbucket_config.cc:137] vbuckets[797].size= 2
I0729 09:55:53.010686  4358 vbucket_config.cc:137] vbuckets[798].size= 2
I0729 09:55:53.010695  4358 vbucket_config.cc:137] vbuckets[799].size= 2
I0729 09:55:53.010705  4358 vbucket_config.cc:137] vbuckets[800].size= 2
I0729 09:55:53.010715  4358 vbucket_config.cc:137] vbuckets[801].size= 2
I0729 09:55:53.010725  4358 vbucket_config.cc:137] vbuckets[802].size= 2
I0729 09:55:53.010735  4358 vbucket_config.cc:137] vbuckets[803].size= 2
I0729 09:55:53.010746  4358 vbucket_config.cc:137] vbuckets[804].size= 2
I0729 09:55:53.010756  4358 vbucket_config.cc:137] vbuckets[805].size= 2
I0729 09:55:53.010769  4358 vbucket_config.cc:137] vbuckets[806].size= 2
I0729 09:55:53.010781  4358 vbucket_config.cc:137] vbuckets[807].size= 2
I0729 09:55:53.010790  4358 vbucket_config.cc:137] vbuckets[808].size= 2
I0729 09:55:53.010800  4358 vbucket_config.cc:137] vbuckets[809].size= 2
I0729 09:55:53.010810  4358 vbucket_config.cc:137] vbuckets[810].size= 2
I0729 09:55:53.010820  4358 vbucket_config.cc:137] vbuckets[811].size= 2
I0729 09:55:53.010830  4358 vbucket_config.cc:137] vbuckets[812].size= 2
I0729 09:55:53.010840  4358 vbucket_config.cc:137] vbuckets[813].size= 2
I0729 09:55:53.010850  4358 vbucket_config.cc:137] vbuckets[814].size= 2
I0729 09:55:53.010860  4358 vbucket_config.cc:137] vbuckets[815].size= 2
I0729 09:55:53.010870  4358 vbucket_config.cc:137] vbuckets[816].size= 2
I0729 09:55:53.010880  4358 vbucket_config.cc:137] vbuckets[817].size= 2
I0729 09:55:53.010890  4358 vbucket_config.cc:137] vbuckets[818].size= 2
I0729 09:55:53.010900  4358 vbucket_config.cc:137] vbuckets[819].size= 2
I0729 09:55:53.010910  4358 vbucket_config.cc:137] vbuckets[820].size= 2
I0729 09:55:53.010921  4358 vbucket_config.cc:137] vbuckets[821].size= 2
I0729 09:55:53.010931  4358 vbucket_config.cc:137] vbuckets[822].size= 2
I0729 09:55:53.010939  4358 vbucket_config.cc:137] vbuckets[823].size= 2
I0729 09:55:53.010949  4358 vbucket_config.cc:137] vbuckets[824].size= 2
I0729 09:55:53.010959  4358 vbucket_config.cc:137] vbuckets[825].size= 2
I0729 09:55:53.010969  4358 vbucket_config.cc:137] vbuckets[826].size= 2
I0729 09:55:53.010979  4358 vbucket_config.cc:137] vbuckets[827].size= 2
I0729 09:55:53.010989  4358 vbucket_config.cc:137] vbuckets[828].size= 2
I0729 09:55:53.010999  4358 vbucket_config.cc:137] vbuckets[829].size= 2
I0729 09:55:53.011009  4358 vbucket_config.cc:137] vbuckets[830].size= 2
I0729 09:55:53.011018  4358 vbucket_config.cc:137] vbuckets[831].size= 2
I0729 09:55:53.011029  4358 vbucket_config.cc:137] vbuckets[832].size= 2
I0729 09:55:53.011039  4358 vbucket_config.cc:137] vbuckets[833].size= 2
I0729 09:55:53.011049  4358 vbucket_config.cc:137] vbuckets[834].size= 2
I0729 09:55:53.011059  4358 vbucket_config.cc:137] vbuckets[835].size= 2
I0729 09:55:53.011068  4358 vbucket_config.cc:137] vbuckets[836].size= 2
I0729 09:55:53.011078  4358 vbucket_config.cc:137] vbuckets[837].size= 2
I0729 09:55:53.011087  4358 vbucket_config.cc:137] vbuckets[838].size= 2
I0729 09:55:53.011097  4358 vbucket_config.cc:137] vbuckets[839].size= 2
I0729 09:55:53.011107  4358 vbucket_config.cc:137] vbuckets[840].size= 2
I0729 09:55:53.011124  4358 vbucket_config.cc:137] vbuckets[841].size= 2
I0729 09:55:53.011135  4358 vbucket_config.cc:137] vbuckets[842].size= 2
I0729 09:55:53.011147  4358 vbucket_config.cc:137] vbuckets[843].size= 2
I0729 09:55:53.011157  4358 vbucket_config.cc:137] vbuckets[844].size= 2
I0729 09:55:53.011167  4358 vbucket_config.cc:137] vbuckets[845].size= 2
I0729 09:55:53.011176  4358 vbucket_config.cc:137] vbuckets[846].size= 2
I0729 09:55:53.011186  4358 vbucket_config.cc:137] vbuckets[847].size= 2
I0729 09:55:53.011196  4358 vbucket_config.cc:137] vbuckets[848].size= 2
I0729 09:55:53.011206  4358 vbucket_config.cc:137] vbuckets[849].size= 2
I0729 09:55:53.011216  4358 vbucket_config.cc:137] vbuckets[850].size= 2
I0729 09:55:53.011226  4358 vbucket_config.cc:137] vbuckets[851].size= 2
I0729 09:55:53.011235  4358 vbucket_config.cc:137] vbuckets[852].size= 2
I0729 09:55:53.011245  4358 vbucket_config.cc:137] vbuckets[853].size= 2
I0729 09:55:53.011255  4358 vbucket_config.cc:137] vbuckets[854].size= 2
I0729 09:55:53.011265  4358 vbucket_config.cc:137] vbuckets[855].size= 2
I0729 09:55:53.011276  4358 vbucket_config.cc:137] vbuckets[856].size= 2
I0729 09:55:53.011286  4358 vbucket_config.cc:137] vbuckets[857].size= 2
I0729 09:55:53.011296  4358 vbucket_config.cc:137] vbuckets[858].size= 2
I0729 09:55:53.011306  4358 vbucket_config.cc:137] vbuckets[859].size= 2
I0729 09:55:53.011315  4358 vbucket_config.cc:137] vbuckets[860].size= 2
I0729 09:55:53.011325  4358 vbucket_config.cc:137] vbuckets[861].size= 2
I0729 09:55:53.011335  4358 vbucket_config.cc:137] vbuckets[862].size= 2
I0729 09:55:53.011345  4358 vbucket_config.cc:137] vbuckets[863].size= 2
I0729 09:55:53.011355  4358 vbucket_config.cc:137] vbuckets[864].size= 2
I0729 09:55:53.011365  4358 vbucket_config.cc:137] vbuckets[865].size= 2
I0729 09:55:53.011375  4358 vbucket_config.cc:137] vbuckets[866].size= 2
I0729 09:55:53.011385  4358 vbucket_config.cc:137] vbuckets[867].size= 2
I0729 09:55:53.011395  4358 vbucket_config.cc:137] vbuckets[868].size= 2
I0729 09:55:53.011405  4358 vbucket_config.cc:137] vbuckets[869].size= 2
I0729 09:55:53.011415  4358 vbucket_config.cc:137] vbuckets[870].size= 2
I0729 09:55:53.011425  4358 vbucket_config.cc:137] vbuckets[871].size= 2
I0729 09:55:53.011435  4358 vbucket_config.cc:137] vbuckets[872].size= 2
I0729 09:55:53.011459  4358 vbucket_config.cc:137] vbuckets[873].size= 2
I0729 09:55:53.011471  4358 vbucket_config.cc:137] vbuckets[874].size= 2
I0729 09:55:53.011482  4358 vbucket_config.cc:137] vbuckets[875].size= 2
I0729 09:55:53.011492  4358 vbucket_config.cc:137] vbuckets[876].size= 2
I0729 09:55:53.011502  4358 vbucket_config.cc:137] vbuckets[877].size= 2
I0729 09:55:53.011512  4358 vbucket_config.cc:137] vbuckets[878].size= 2
I0729 09:55:53.011521  4358 vbucket_config.cc:137] vbuckets[879].size= 2
I0729 09:55:53.011531  4358 vbucket_config.cc:137] vbuckets[880].size= 2
I0729 09:55:53.011543  4358 vbucket_config.cc:137] vbuckets[881].size= 2
I0729 09:55:53.011551  4358 vbucket_config.cc:137] vbuckets[882].size= 2
I0729 09:55:53.011561  4358 vbucket_config.cc:137] vbuckets[883].size= 2
I0729 09:55:53.011571  4358 vbucket_config.cc:137] vbuckets[884].size= 2
I0729 09:55:53.011581  4358 vbucket_config.cc:137] vbuckets[885].size= 2
I0729 09:55:53.011591  4358 vbucket_config.cc:137] vbuckets[886].size= 2
I0729 09:55:53.011601  4358 vbucket_config.cc:137] vbuckets[887].size= 2
I0729 09:55:53.011611  4358 vbucket_config.cc:137] vbuckets[888].size= 2
I0729 09:55:53.011621  4358 vbucket_config.cc:137] vbuckets[889].size= 2
I0729 09:55:53.011631  4358 vbucket_config.cc:137] vbuckets[890].size= 2
I0729 09:55:53.011641  4358 vbucket_config.cc:137] vbuckets[891].size= 2
I0729 09:55:53.011651  4358 vbucket_config.cc:137] vbuckets[892].size= 2
I0729 09:55:53.011662  4358 vbucket_config.cc:137] vbuckets[893].size= 2
I0729 09:55:53.011672  4358 vbucket_config.cc:137] vbuckets[894].size= 2
I0729 09:55:53.011680  4358 vbucket_config.cc:137] vbuckets[895].size= 2
I0729 09:55:53.011690  4358 vbucket_config.cc:137] vbuckets[896].size= 2
I0729 09:55:53.011718  4358 vbucket_config.cc:137] vbuckets[897].size= 2
I0729 09:55:53.011729  4358 vbucket_config.cc:137] vbuckets[898].size= 2
I0729 09:55:53.011739  4358 vbucket_config.cc:137] vbuckets[899].size= 2
I0729 09:55:53.011749  4358 vbucket_config.cc:137] vbuckets[900].size= 2
I0729 09:55:53.011759  4358 vbucket_config.cc:137] vbuckets[901].size= 2
I0729 09:55:53.011768  4358 vbucket_config.cc:137] vbuckets[902].size= 2
I0729 09:55:53.011778  4358 vbucket_config.cc:137] vbuckets[903].size= 2
I0729 09:55:53.011788  4358 vbucket_config.cc:137] vbuckets[904].size= 2
I0729 09:55:53.011798  4358 vbucket_config.cc:137] vbuckets[905].size= 2
I0729 09:55:53.011808  4358 vbucket_config.cc:137] vbuckets[906].size= 2
I0729 09:55:53.011818  4358 vbucket_config.cc:137] vbuckets[907].size= 2
I0729 09:55:53.011828  4358 vbucket_config.cc:137] vbuckets[908].size= 2
I0729 09:55:53.011838  4358 vbucket_config.cc:137] vbuckets[909].size= 2
I0729 09:55:53.011847  4358 vbucket_config.cc:137] vbuckets[910].size= 2
I0729 09:55:53.011857  4358 vbucket_config.cc:137] vbuckets[911].size= 2
I0729 09:55:53.011868  4358 vbucket_config.cc:137] vbuckets[912].size= 2
I0729 09:55:53.011876  4358 vbucket_config.cc:137] vbuckets[913].size= 2
I0729 09:55:53.011886  4358 vbucket_config.cc:137] vbuckets[914].size= 2
I0729 09:55:53.011895  4358 vbucket_config.cc:137] vbuckets[915].size= 2
I0729 09:55:53.011905  4358 vbucket_config.cc:137] vbuckets[916].size= 2
I0729 09:55:53.011915  4358 vbucket_config.cc:137] vbuckets[917].size= 2
I0729 09:55:53.011924  4358 vbucket_config.cc:137] vbuckets[918].size= 2
I0729 09:55:53.011934  4358 vbucket_config.cc:137] vbuckets[919].size= 2
I0729 09:55:53.011945  4358 vbucket_config.cc:137] vbuckets[920].size= 2
I0729 09:55:53.011953  4358 vbucket_config.cc:137] vbuckets[921].size= 2
I0729 09:55:53.011963  4358 vbucket_config.cc:137] vbuckets[922].size= 2
I0729 09:55:53.011973  4358 vbucket_config.cc:137] vbuckets[923].size= 2
I0729 09:55:53.011983  4358 vbucket_config.cc:137] vbuckets[924].size= 2
I0729 09:55:53.011992  4358 vbucket_config.cc:137] vbuckets[925].size= 2
I0729 09:55:53.012002  4358 vbucket_config.cc:137] vbuckets[926].size= 2
I0729 09:55:53.012012  4358 vbucket_config.cc:137] vbuckets[927].size= 2
I0729 09:55:53.012022  4358 vbucket_config.cc:137] vbuckets[928].size= 2
I0729 09:55:53.012035  4358 vbucket_config.cc:137] vbuckets[929].size= 2
I0729 09:55:53.012047  4358 vbucket_config.cc:137] vbuckets[930].size= 2
I0729 09:55:53.012056  4358 vbucket_config.cc:137] vbuckets[931].size= 2
I0729 09:55:53.012066  4358 vbucket_config.cc:137] vbuckets[932].size= 2
I0729 09:55:53.012076  4358 vbucket_config.cc:137] vbuckets[933].size= 2
I0729 09:55:53.012086  4358 vbucket_config.cc:137] vbuckets[934].size= 2
I0729 09:55:53.012096  4358 vbucket_config.cc:137] vbuckets[935].size= 2
I0729 09:55:53.012105  4358 vbucket_config.cc:137] vbuckets[936].size= 2
I0729 09:55:53.012115  4358 vbucket_config.cc:137] vbuckets[937].size= 2
I0729 09:55:53.012125  4358 vbucket_config.cc:137] vbuckets[938].size= 2
I0729 09:55:53.012135  4358 vbucket_config.cc:137] vbuckets[939].size= 2
I0729 09:55:53.012145  4358 vbucket_config.cc:137] vbuckets[940].size= 2
I0729 09:55:53.012154  4358 vbucket_config.cc:137] vbuckets[941].size= 2
I0729 09:55:53.012163  4358 vbucket_config.cc:137] vbuckets[942].size= 2
I0729 09:55:53.012173  4358 vbucket_config.cc:137] vbuckets[943].size= 2
I0729 09:55:53.012183  4358 vbucket_config.cc:137] vbuckets[944].size= 2
I0729 09:55:53.012193  4358 vbucket_config.cc:137] vbuckets[945].size= 2
I0729 09:55:53.012202  4358 vbucket_config.cc:137] vbuckets[946].size= 2
I0729 09:55:53.012212  4358 vbucket_config.cc:137] vbuckets[947].size= 2
I0729 09:55:53.012222  4358 vbucket_config.cc:137] vbuckets[948].size= 2
I0729 09:55:53.012231  4358 vbucket_config.cc:137] vbuckets[949].size= 2
I0729 09:55:53.012241  4358 vbucket_config.cc:137] vbuckets[950].size= 2
I0729 09:55:53.012251  4358 vbucket_config.cc:137] vbuckets[951].size= 2
I0729 09:55:53.012260  4358 vbucket_config.cc:137] vbuckets[952].size= 2
I0729 09:55:53.012277  4358 vbucket_config.cc:137] vbuckets[953].size= 2
I0729 09:55:53.012289  4358 vbucket_config.cc:137] vbuckets[954].size= 2
I0729 09:55:53.012298  4358 vbucket_config.cc:137] vbuckets[955].size= 2
I0729 09:55:53.012308  4358 vbucket_config.cc:137] vbuckets[956].size= 2
I0729 09:55:53.012317  4358 vbucket_config.cc:137] vbuckets[957].size= 2
I0729 09:55:53.012327  4358 vbucket_config.cc:137] vbuckets[958].size= 2
I0729 09:55:53.012337  4358 vbucket_config.cc:137] vbuckets[959].size= 2
I0729 09:55:53.012347  4358 vbucket_config.cc:137] vbuckets[960].size= 2
I0729 09:55:53.012357  4358 vbucket_config.cc:137] vbuckets[961].size= 2
I0729 09:55:53.012367  4358 vbucket_config.cc:137] vbuckets[962].size= 2
I0729 09:55:53.012377  4358 vbucket_config.cc:137] vbuckets[963].size= 2
I0729 09:55:53.012387  4358 vbucket_config.cc:137] vbuckets[964].size= 2
I0729 09:55:53.012395  4358 vbucket_config.cc:137] vbuckets[965].size= 2
I0729 09:55:53.012405  4358 vbucket_config.cc:137] vbuckets[966].size= 2
I0729 09:55:53.012414  4358 vbucket_config.cc:137] vbuckets[967].size= 2
I0729 09:55:53.012424  4358 vbucket_config.cc:137] vbuckets[968].size= 2
I0729 09:55:53.012434  4358 vbucket_config.cc:137] vbuckets[969].size= 2
I0729 09:55:53.012457  4358 vbucket_config.cc:137] vbuckets[970].size= 2
I0729 09:55:53.012468  4358 vbucket_config.cc:137] vbuckets[971].size= 2
I0729 09:55:53.012478  4358 vbucket_config.cc:137] vbuckets[972].size= 2
I0729 09:55:53.012488  4358 vbucket_config.cc:137] vbuckets[973].size= 2
I0729 09:55:53.012498  4358 vbucket_config.cc:137] vbuckets[974].size= 2
I0729 09:55:53.012508  4358 vbucket_config.cc:137] vbuckets[975].size= 2
I0729 09:55:53.012518  4358 vbucket_config.cc:137] vbuckets[976].size= 2
I0729 09:55:53.012528  4358 vbucket_config.cc:137] vbuckets[977].size= 2
I0729 09:55:53.012538  4358 vbucket_config.cc:137] vbuckets[978].size= 2
I0729 09:55:53.012547  4358 vbucket_config.cc:137] vbuckets[979].size= 2
I0729 09:55:53.012557  4358 vbucket_config.cc:137] vbuckets[980].size= 2
I0729 09:55:53.012567  4358 vbucket_config.cc:137] vbuckets[981].size= 2
I0729 09:55:53.012578  4358 vbucket_config.cc:137] vbuckets[982].size= 2
I0729 09:55:53.012588  4358 vbucket_config.cc:137] vbuckets[983].size= 2
I0729 09:55:53.012596  4358 vbucket_config.cc:137] vbuckets[984].size= 2
I0729 09:55:53.012606  4358 vbucket_config.cc:137] vbuckets[985].size= 2
I0729 09:55:53.012616  4358 vbucket_config.cc:137] vbuckets[986].size= 2
I0729 09:55:53.012626  4358 vbucket_config.cc:137] vbuckets[987].size= 2
I0729 09:55:53.012635  4358 vbucket_config.cc:137] vbuckets[988].size= 2
I0729 09:55:53.012645  4358 vbucket_config.cc:137] vbuckets[989].size= 2
I0729 09:55:53.012655  4358 vbucket_config.cc:137] vbuckets[990].size= 2
I0729 09:55:53.012665  4358 vbucket_config.cc:137] vbuckets[991].size= 2
I0729 09:55:53.012675  4358 vbucket_config.cc:137] vbuckets[992].size= 2
I0729 09:55:53.012684  4358 vbucket_config.cc:137] vbuckets[993].size= 2
I0729 09:55:53.012694  4358 vbucket_config.cc:137] vbuckets[994].size= 2
I0729 09:55:53.012704  4358 vbucket_config.cc:137] vbuckets[995].size= 2
I0729 09:55:53.012713  4358 vbucket_config.cc:137] vbuckets[996].size= 2
I0729 09:55:53.012723  4358 vbucket_config.cc:137] vbuckets[997].size= 2
I0729 09:55:53.012733  4358 vbucket_config.cc:137] vbuckets[998].size= 2
I0729 09:55:53.012742  4358 vbucket_config.cc:137] vbuckets[999].size= 2
I0729 09:55:53.012753  4358 vbucket_config.cc:137] vbuckets[1000].size= 2
I0729 09:55:53.012763  4358 vbucket_config.cc:137] vbuckets[1001].size= 2
I0729 09:55:53.012773  4358 vbucket_config.cc:137] vbuckets[1002].size= 2
I0729 09:55:53.012781  4358 vbucket_config.cc:137] vbuckets[1003].size= 2
I0729 09:55:53.012791  4358 vbucket_config.cc:137] vbuckets[1004].size= 2
I0729 09:55:53.012800  4358 vbucket_config.cc:137] vbuckets[1005].size= 2
I0729 09:55:53.012810  4358 vbucket_config.cc:137] vbuckets[1006].size= 2
I0729 09:55:53.012820  4358 vbucket_config.cc:137] vbuckets[1007].size= 2
I0729 09:55:53.012830  4358 vbucket_config.cc:137] vbuckets[1008].size= 2
I0729 09:55:53.012846  4358 vbucket_config.cc:137] vbuckets[1009].size= 2
I0729 09:55:53.012857  4358 vbucket_config.cc:137] vbuckets[1010].size= 2
I0729 09:55:53.012867  4358 vbucket_config.cc:137] vbuckets[1011].size= 2
I0729 09:55:53.012877  4358 vbucket_config.cc:137] vbuckets[1012].size= 2
I0729 09:55:53.012887  4358 vbucket_config.cc:137] vbuckets[1013].size= 2
I0729 09:55:53.012897  4358 vbucket_config.cc:137] vbuckets[1014].size= 2
I0729 09:55:53.012907  4358 vbucket_config.cc:137] vbuckets[1015].size= 2
I0729 09:55:53.012915  4358 vbucket_config.cc:137] vbuckets[1016].size= 2
I0729 09:55:53.012925  4358 vbucket_config.cc:137] vbuckets[1017].size= 2
I0729 09:55:53.012935  4358 vbucket_config.cc:137] vbuckets[1018].size= 2
I0729 09:55:53.012945  4358 vbucket_config.cc:137] vbuckets[1019].size= 2
I0729 09:55:53.012955  4358 vbucket_config.cc:137] vbuckets[1020].size= 2
I0729 09:55:53.012965  4358 vbucket_config.cc:137] vbuckets[1021].size= 2
I0729 09:55:53.012974  4358 vbucket_config.cc:137] vbuckets[1022].size= 2
I0729 09:55:53.012984  4358 vbucket_config.cc:137] vbuckets[1023].size= 2
I0729 09:55:53.013000  4358 memcache_client_pool.cc:35] DoReloadConf load ok, file=./kill_storage_cluster.json
I0729 09:55:53.014307  4358 invoke_timer.cc:10] InvokeTimer::InvokeTimer tid=140333897586560 this=0x1e388d0
I0729 09:55:53.014369  4358 invoke_timer.cc:29] InvokeTimer::Start tid=140333897586560 this=0x1e388d0 refcount=2
I0729 09:55:53.014423  4358 event_loop.cc:149] EventLoop::QueueInLoop tid=140333897586560 IsInLoopThread=0
I0729 09:55:53.014529  4358 memcache_client_pool.cc:74] Start new tcp_client=0x1e3b640 loop=0 server=123.125.160.30:20011
I0729 09:55:53.014566  4358 event_loop.cc:149] EventLoop::QueueInLoop tid=140333897586560 IsInLoopThread=0
I0729 09:55:53.014603  4358 memcache_client_pool.cc:74] Start new tcp_client=0x1e3bdb0 loop=0 server=123.125.160.29:20011
I0729 09:55:53.014621  4358 event_loop.cc:149] EventLoop::QueueInLoop tid=140333897586560 IsInLoopThread=0
I0729 09:55:53.014639  4362 invoke_timer.cc:40] InvokeTimer::AsyncWait tid=140333862364928 this=0x1e388d0 refcount=1
I0729 09:55:53.014644  4358 memcache_client_pool.cc:74] Start new tcp_client=0x1e3c560 loop=0 server=123.125.160.28:20011
I0729 09:55:53.014711  4358 event_loop.cc:149] EventLoop::QueueInLoop tid=140333897586560 IsInLoopThread=0
I0729 09:55:53.014739  4358 memcache_client_pool.cc:74] Start new tcp_client=0x1e3cd80 loop=0 server=123.125.160.27:20011
I0729 09:55:53.014752  4358 event_loop.cc:149] EventLoop::QueueInLoop tid=140333897586560 IsInLoopThread=0
I0729 09:55:53.014755  4362 connector.cc:13] Connector::Connector this=0x7fa1f8000a70 raddr=123.125.160.30:20011
I0729 09:55:53.014780  4358 memcache_client_pool.cc:74] Start new tcp_client=0x1e3d5b0 loop=0 server=123.125.160.26:20011
I0729 09:55:53.014796  4358 event_loop.cc:149] EventLoop::QueueInLoop tid=140333897586560 IsInLoopThread=0
I0729 09:55:53.014808  4362 connector.cc:32] Try to connect 123.125.160.30:20011 status=kDisconnected
I0729 09:55:53.014816  4358 memcache_client_pool.cc:74] Start new tcp_client=0x1e3dce0 loop=0 server=123.125.160.25:20011
I0729 09:55:53.014830  4358 event_loop.cc:149] EventLoop::QueueInLoop tid=140333897586560 IsInLoopThread=0
I0729 09:55:53.014859  4358 memcache_client_pool.cc:74] Start new tcp_client=0x1e3e650 loop=1 server=123.125.160.30:20011
I0729 09:55:53.014875  4358 event_loop.cc:149] EventLoop::QueueInLoop tid=140333897586560 IsInLoopThread=0
I0729 09:55:53.014900  4358 memcache_client_pool.cc:74] Start new tcp_client=0x1e3ed00 loop=1 server=123.125.160.29:20011
I0729 09:55:53.014915  4358 event_loop.cc:149] EventLoop::QueueInLoop tid=140333897586560 IsInLoopThread=0
I0729 09:55:53.014941  4358 memcache_client_pool.cc:74] Start new tcp_client=0x1e3f540 loop=1 server=123.125.160.28:20011
I0729 09:55:53.014956  4358 event_loop.cc:149] EventLoop::QueueInLoop tid=140333897586560 IsInLoopThread=0
I0729 09:55:53.014977  4358 memcache_client_pool.cc:74] Start new tcp_client=0x1e3fcd0 loop=1 server=123.125.160.27:20011
I0729 09:55:53.015007  4362 connector.cc:70] this=0x7fa1f8000a70 new FdChannel p=0x7fa1f8000c70 fd=33
I0729 09:55:53.015020  4358 event_loop.cc:149] EventLoop::QueueInLoop tid=140333897586560 IsInLoopThread=0
I0729 09:55:53.014979  4363 connector.cc:13] Connector::Connector this=0x7fa1fc0008c0 raddr=123.125.160.30:20011
I0729 09:55:53.015065  4363 connector.cc:32] Try to connect 123.125.160.30:20011 status=kDisconnected
I0729 09:55:53.015069  4362 fd_channel.cc:50] this=0x7fa1f8000c70 fd=33 watching event kWritable
I0729 09:55:53.015069  4358 memcache_client_pool.cc:74] Start new tcp_client=0x1e404f0 loop=1 server=123.125.160.26:20011
I0729 09:55:53.015123  4358 event_loop.cc:149] EventLoop::QueueInLoop tid=140333897586560 IsInLoopThread=0
I0729 09:55:53.015136  4362 connector.cc:13] Connector::Connector this=0x7fa1f8000d90 raddr=123.125.160.29:20011
I0729 09:55:53.015153  4358 memcache_client_pool.cc:74] Start new tcp_client=0x1e40da0 loop=1 server=123.125.160.25:20011
I0729 09:55:53.015159  4362 connector.cc:32] Try to connect 123.125.160.29:20011 status=kDisconnected
I0729 09:55:53.015164  4363 connector.cc:70] this=0x7fa1fc0008c0 new FdChannel p=0x7fa1fc000b30 fd=34
I0729 09:55:53.015172  4358 event_loop.cc:149] EventLoop::QueueInLoop tid=140333897586560 IsInLoopThread=0
I0729 09:55:53.015208  4363 fd_channel.cc:50] this=0x7fa1fc000b30 fd=34 watching event kWritable
I0729 09:55:53.015220  4358 memcache_client_pool.cc:74] Start new tcp_client=0x1e414a0 loop=2 server=123.125.160.30:20011
I0729 09:55:53.015230  4362 connector.cc:70] this=0x7fa1f8000d90 new FdChannel p=0x7fa1f8000f60 fd=35
I0729 09:55:53.015226  4363 connector.cc:13] Connector::Connector this=0x7fa1fc000c50 raddr=123.125.160.29:20011
I0729 09:55:53.015246  4358 event_loop.cc:149] EventLoop::QueueInLoop tid=140333897586560 IsInLoopThread=0
I0729 09:55:53.015267  4363 connector.cc:32] Try to connect 123.125.160.29:20011 status=kDisconnected
I0729 09:55:53.015264  4362 fd_channel.cc:50] this=0x7fa1f8000f60 fd=35 watching event kWritable
I0729 09:55:53.015297  4358 memcache_client_pool.cc:74] Start new tcp_client=0x1e41e30 loop=2 server=123.125.160.29:20011
I0729 09:55:53.015301  4362 connector.cc:13] Connector::Connector this=0x7fa1f80010b0 raddr=123.125.160.28:20011
I0729 09:55:53.015321  4358 event_loop.cc:149] EventLoop::QueueInLoop tid=140333897586560 IsInLoopThread=0
I0729 09:55:53.015337  4362 connector.cc:32] Try to connect 123.125.160.28:20011 status=kDisconnected
I0729 09:55:53.015331  4363 connector.cc:70] this=0x7fa1fc000c50 new FdChannel p=0x7fa1fc000e20 fd=36
I0729 09:55:53.015347  4358 memcache_client_pool.cc:74] Start new tcp_client=0x1e42650 loop=2 server=123.125.160.28:20011
I0729 09:55:53.015377  4363 fd_channel.cc:50] this=0x7fa1fc000e20 fd=36 watching event kWritable
I0729 09:55:53.015380  4358 event_loop.cc:149] EventLoop::QueueInLoop tid=140333897586560 IsInLoopThread=0
I0729 09:55:53.015396  4362 connector.cc:70] this=0x7fa1f80010b0 new FdChannel p=0x7fa1f8001280 fd=37
I0729 09:55:53.015431  4362 fd_channel.cc:50] this=0x7fa1f8001280 fd=37 watching event kWritable
I0729 09:55:53.015414  4363 connector.cc:13] Connector::Connector this=0x7fa1fc000f70 raddr=123.125.160.28:20011
I0729 09:55:53.015507  4363 connector.cc:32] Try to connect 123.125.160.28:20011 status=kDisconnected
I0729 09:55:53.015475  4362 connector.cc:13] Connector::Connector this=0x7fa1f80013d0 raddr=123.125.160.27:20011
I0729 09:55:53.015380  4364 connector.cc:13] Connector::Connector this=0x7fa1f00008c0 raddr=123.125.160.30:20011
I0729 09:55:53.015545  4362 connector.cc:32] Try to connect 123.125.160.27:20011 status=kDisconnected
I0729 09:55:53.015413  4358 memcache_client_pool.cc:74] Start new tcp_client=0x1e42d50 loop=2 server=123.125.160.27:20011
I0729 09:55:53.015568  4364 connector.cc:32] Try to connect 123.125.160.30:20011 status=kDisconnected
I0729 09:55:53.015570  4363 connector.cc:70] this=0x7fa1fc000f70 new FdChannel p=0x7fa1fc001140 fd=38
I0729 09:55:53.015588  4358 event_loop.cc:149] EventLoop::QueueInLoop tid=140333897586560 IsInLoopThread=0
I0729 09:55:53.015614  4363 fd_channel.cc:50] this=0x7fa1fc001140 fd=38 watching event kWritable
I0729 09:55:53.015625  4358 memcache_client_pool.cc:74] Start new tcp_client=0x1e43570 loop=2 server=123.125.160.26:20011
I0729 09:55:53.015655  4363 connector.cc:13] Connector::Connector this=0x7fa1fc001290 raddr=123.125.160.27:20011
I0729 09:55:53.015615  4362 connector.cc:70] this=0x7fa1f80013d0 new FdChannel p=0x7fa1f80015a0 fd=39
I0729 09:55:53.015672  4358 event_loop.cc:149] EventLoop::QueueInLoop tid=140333897586560 IsInLoopThread=0
I0729 09:55:53.015676  4363 connector.cc:32] Try to connect 123.125.160.27:20011 status=kDisconnected
I0729 09:55:53.015662  4364 connector.cc:70] this=0x7fa1f00008c0 new FdChannel p=0x7fa1f0000b30 fd=40
I0729 09:55:53.015700  4362 fd_channel.cc:50] this=0x7fa1f80015a0 fd=39 watching event kWritable
I0729 09:55:53.015707  4358 memcache_client_pool.cc:74] Start new tcp_client=0x1e43da0 loop=2 server=123.125.160.25:20011
I0729 09:55:53.015724  4362 connector.cc:13] Connector::Connector this=0x7fa1f80016f0 raddr=123.125.160.26:20011
I0729 09:55:53.015735  4364 fd_channel.cc:50] this=0x7fa1f0000b30 fd=40 watching event kWritable
I0729 09:55:53.015745  4358 event_loop.cc:149] EventLoop::QueueInLoop tid=140333897586560 IsInLoopThread=0
I0729 09:55:53.015758  4364 connector.cc:13] Connector::Connector this=0x7fa1f0000c50 raddr=123.125.160.29:20011
I0729 09:55:53.015753  4363 connector.cc:70] this=0x7fa1fc001290 new FdChannel p=0x7fa1fc001460 fd=41
I0729 09:55:53.015812  4358 memcache_client_pool.cc:74] Start new tcp_client=0x1e443f0 loop=3 server=123.125.160.30:20011
I0729 09:55:53.015817  4364 connector.cc:32] Try to connect 123.125.160.29:20011 status=kDisconnected
I0729 09:55:53.015755  4362 connector.cc:32] Try to connect 123.125.160.26:20011 status=kDisconnected
I0729 09:55:53.015835  4358 event_loop.cc:149] EventLoop::QueueInLoop tid=140333897586560 IsInLoopThread=0
I0729 09:55:53.015837  4363 fd_channel.cc:50] this=0x7fa1fc001460 fd=41 watching event kWritable
I0729 09:55:53.015858  4363 connector.cc:13] Connector::Connector this=0x7fa1fc0015b0 raddr=123.125.160.26:20011
I0729 09:55:53.015862  4358 memcache_client_pool.cc:74] Start new tcp_client=0x1e44db0 loop=3 server=123.125.160.29:20011
I0729 09:55:53.015873  4363 connector.cc:32] Try to connect 123.125.160.26:20011 status=kDisconnected
I0729 09:55:53.015877  4358 event_loop.cc:149] EventLoop::QueueInLoop tid=140333897586560 IsInLoopThread=0
I0729 09:55:53.015883  4364 connector.cc:70] this=0x7fa1f0000c50 new FdChannel p=0x7fa1f0000e20 fd=42
I0729 09:55:53.015897  4362 connector.cc:70] this=0x7fa1f80016f0 new FdChannel p=0x7fa1f80018c0 fd=43
I0729 09:55:53.015899  4358 memcache_client_pool.cc:74] Start new tcp_client=0x1e455d0 loop=3 server=123.125.160.28:20011
I0729 09:55:53.015923  4364 fd_channel.cc:50] this=0x7fa1f0000e20 fd=42 watching event kWritable
I0729 09:55:53.015938  4358 event_loop.cc:149] EventLoop::QueueInLoop tid=140333897586560 IsInLoopThread=0
I0729 09:55:53.015934  4362 fd_channel.cc:50] this=0x7fa1f80018c0 fd=43 watching event kWritable
I0729 09:55:53.015960  4364 connector.cc:13] Connector::Connector this=0x7fa1f0000f70 raddr=123.125.160.28:20011
I0729 09:55:53.015945  4365 connector.cc:13] Connector::Connector this=0x7fa1f40008c0 raddr=123.125.160.30:20011
I0729 09:55:53.015935  4363 connector.cc:70] this=0x7fa1fc0015b0 new FdChannel p=0x7fa1fc001780 fd=44
I0729 09:55:53.015959  4362 connector.cc:13] Connector::Connector this=0x7fa1f8001a10 raddr=123.125.160.25:20011
I0729 09:55:53.015983  4364 connector.cc:32] Try to connect 123.125.160.28:20011 status=kDisconnected
I0729 09:55:53.015964  4358 memcache_client_pool.cc:74] Start new tcp_client=0x1e45cd0 loop=3 server=123.125.160.27:20011
I0729 09:55:53.016012  4362 connector.cc:32] Try to connect 123.125.160.25:20011 status=kDisconnected
I0729 09:55:53.016003  4365 connector.cc:32] Try to connect 123.125.160.30:20011 status=kDisconnected
I0729 09:55:53.016026  4358 event_loop.cc:149] EventLoop::QueueInLoop tid=140333897586560 IsInLoopThread=0
I0729 09:55:53.016012  4363 fd_channel.cc:50] this=0x7fa1fc001780 fd=44 watching event kWritable
I0729 09:55:53.016057  4364 connector.cc:70] this=0x7fa1f0000f70 new FdChannel p=0x7fa1f0001140 fd=45
I0729 09:55:53.016064  4363 connector.cc:13] Connector::Connector this=0x7fa1fc0018d0 raddr=123.125.160.25:20011
I0729 09:55:53.016059  4358 memcache_client_pool.cc:74] Start new tcp_client=0x1e464f0 loop=3 server=123.125.160.26:20011
I0729 09:55:53.016086  4363 connector.cc:32] Try to connect 123.125.160.25:20011 status=kDisconnected
I0729 09:55:53.016093  4364 fd_channel.cc:50] this=0x7fa1f0001140 fd=45 watching event kWritable
I0729 09:55:53.016075  4362 connector.cc:70] this=0x7fa1f8001a10 new FdChannel p=0x7fa1f8001be0 fd=46
I0729 09:55:53.016100  4358 event_loop.cc:149] EventLoop::QueueInLoop tid=140333897586560 IsInLoopThread=0
I0729 09:55:53.016111  4365 connector.cc:70] this=0x7fa1f40008c0 new FdChannel p=0x7fa1f4000b30 fd=47
I0729 09:55:53.016110  4364 connector.cc:13] Connector::Connector this=0x7fa1f0001290 raddr=123.125.160.27:20011
I0729 09:55:53.016131  4362 fd_channel.cc:50] this=0x7fa1f8001be0 fd=46 watching event kWritable
I0729 09:55:53.016146  4363 connector.cc:70] this=0x7fa1fc0018d0 new FdChannel p=0x7fa1fc001aa0 fd=48
I0729 09:55:53.016160  4364 connector.cc:32] Try to connect 123.125.160.27:20011 status=kDisconnected
I0729 09:55:53.016166  4365 fd_channel.cc:50] this=0x7fa1f4000b30 fd=47 watching event kWritable
I0729 09:55:53.016180  4363 fd_channel.cc:50] this=0x7fa1fc001aa0 fd=48 watching event kWritable
I0729 09:55:53.016172  4362 fd_channel.cc:149] HandleEvent fd=33 kWritable
I0729 09:55:53.016197  4365 connector.cc:13] Connector::Connector this=0x7fa1f4000c50 raddr=123.125.160.29:20011
I0729 09:55:53.016149  4358 memcache_client_pool.cc:74] Start new tcp_client=0x1e46d20 loop=3 server=123.125.160.25:20011
I0729 09:55:53.016216  4365 connector.cc:32] Try to connect 123.125.160.29:20011 status=kDisconnected
I0729 09:55:53.016206  4363 fd_channel.cc:149] HandleEvent fd=34 kWritable
I0729 09:55:53.016229  4364 connector.cc:70] this=0x7fa1f0001290 new FdChannel p=0x7fa1f0001460 fd=49
I0729 09:55:53.016234  4362 fd_channel.cc:108] DetachFromLoop this=0x7fa1f8000c70 fd=33 detach from event loop
I0729 09:55:53.016237  4358 event_loop.cc:149] EventLoop::QueueInLoop tid=140333897586560 IsInLoopThread=0
I0729 09:55:53.016258  4363 fd_channel.cc:108] DetachFromLoop this=0x7fa1fc000b30 fd=34 detach from event loop
I0729 09:55:53.016258  4364 fd_channel.cc:50] this=0x7fa1f0001460 fd=49 watching event kWritable
I0729 09:55:53.016276  4365 connector.cc:70] this=0x7fa1f4000c50 new FdChannel p=0x7fa1f4000e20 fd=50
I0729 09:55:53.016291  4362 tcp_client.cc:67] Successfully connected to 123.125.160.30:20011
I0729 09:55:53.016288  4364 connector.cc:13] Connector::Connector this=0x7fa1f00015b0 raddr=123.125.160.26:20011
I0729 09:55:53.016293  4363 tcp_client.cc:67] Successfully connected to 123.125.160.30:20011
I0729 09:55:53.016319  4365 fd_channel.cc:50] this=0x7fa1f4000e20 fd=50 watching event kWritable
I0729 09:55:53.016325  4364 connector.cc:32] Try to connect 123.125.160.26:20011 status=kDisconnected
I0729 09:55:53.016333  4362 tcp_conn.cc:31] TCPConn::[evmc] this=0x7fa1f8001d70 channel=0x7fa1f80026f0 fd=33
I0729 09:55:53.016340  4363 tcp_conn.cc:31] TCPConn::[evmc] this=0x7fa1fc001c30 channel=0x7fa1fc0025b0 fd=34
I0729 09:55:53.016356  4365 connector.cc:13] Connector::Connector this=0x7fa1f4000f70 raddr=123.125.160.28:20011
I0729 09:55:53.016366  4363 fd_channel.cc:50] this=0x7fa1fc0025b0 fd=34 watching event kReadable
I0729 09:55:53.016373  4365 connector.cc:32] Try to connect 123.125.160.28:20011 status=kDisconnected
I0729 09:55:53.016366  4362 fd_channel.cc:50] this=0x7fa1f80026f0 fd=33 watching event kReadable
I0729 09:55:53.016388  4363 memcache_client_pool.cc:182] OnClientConnection conn=0x7fa1fc001c30 memc_conn=0x7fa1fc001c30
I0729 09:55:53.016391  4364 connector.cc:70] this=0x7fa1f00015b0 new FdChannel p=0x7fa1f0001780 fd=51
I0729 09:55:53.016402  4363 memcache_client_pool.cc:185] OnClientConnection connect ok
I0729 09:55:53.016396  4362 memcache_client_pool.cc:182] OnClientConnection conn=0x7fa1f8001d70 memc_conn=0x7fa1f8001d70
I0729 09:55:53.016427  4364 fd_channel.cc:50] this=0x7fa1f0001780 fd=51 watching event kWritable
I0729 09:55:53.016427  4363 fd_channel.cc:149] HandleEvent fd=36 kWritable
I0729 09:55:53.016430  4365 connector.cc:70] this=0x7fa1f4000f70 new FdChannel p=0x7fa1f4001140 fd=52
I0729 09:55:53.016474  4364 connector.cc:13] Connector::Connector this=0x7fa1f00018d0 raddr=123.125.160.25:20011
I0729 09:55:53.016480  4363 fd_channel.cc:108] DetachFromLoop this=0x7fa1fc000e20 fd=36 detach from event loop
I0729 09:55:53.016438  4362 memcache_client_pool.cc:185] OnClientConnection connect ok
I0729 09:55:53.016495  4364 connector.cc:32] Try to connect 123.125.160.25:20011 status=kDisconnected
I0729 09:55:53.016502  4363 tcp_client.cc:67] Successfully connected to 123.125.160.29:20011
I0729 09:55:53.016507  4362 fd_channel.cc:149] HandleEvent fd=35 kWritable
I0729 09:55:53.016496  4365 fd_channel.cc:50] this=0x7fa1f4001140 fd=52 watching event kWritable
I0729 09:55:53.016535  4365 connector.cc:13] Connector::Connector this=0x7fa1f4001290 raddr=123.125.160.27:20011
I0729 09:55:53.016531  4363 tcp_conn.cc:31] TCPConn::[evmc] this=0x7fa1fc0027f0 channel=0x7fa1fc003170 fd=36
I0729 09:55:53.016553  4365 connector.cc:32] Try to connect 123.125.160.27:20011 status=kDisconnected
I0729 09:55:53.016556  4364 connector.cc:70] this=0x7fa1f00018d0 new FdChannel p=0x7fa1f0001aa0 fd=53
I0729 09:55:53.016567  4363 fd_channel.cc:50] this=0x7fa1fc003170 fd=36 watching event kReadable
I0729 09:55:53.016530  4362 fd_channel.cc:108] DetachFromLoop this=0x7fa1f8000f60 fd=35 detach from event loop
I0729 09:55:53.016582  4363 memcache_client_pool.cc:182] OnClientConnection conn=0x7fa1fc0027f0 memc_conn=0x7fa1fc0027f0
I0729 09:55:53.016589  4364 fd_channel.cc:50] this=0x7fa1f0001aa0 fd=53 watching event kWritable
I0729 09:55:53.016598  4362 tcp_client.cc:67] Successfully connected to 123.125.160.29:20011
I0729 09:55:53.016594  4363 memcache_client_pool.cc:185] OnClientConnection connect ok
I0729 09:55:53.016614  4365 connector.cc:70] this=0x7fa1f4001290 new FdChannel p=0x7fa1f4001460 fd=54
I0729 09:55:53.016619  4363 fd_channel.cc:149] HandleEvent fd=38 kWritable
I0729 09:55:53.016618  4364 fd_channel.cc:149] HandleEvent fd=40 kWritable
I0729 09:55:53.016621  4362 tcp_conn.cc:31] TCPConn::[evmc] this=0x7fa1f8002930 channel=0x7fa1f80032b0 fd=35
I0729 09:55:53.016649  4365 fd_channel.cc:50] this=0x7fa1f4001460 fd=54 watching event kWritable
I0729 09:55:53.016650  4363 fd_channel.cc:108] DetachFromLoop this=0x7fa1fc001140 fd=38 detach from event loop
I0729 09:55:53.016666  4362 fd_channel.cc:50] this=0x7fa1f80032b0 fd=35 watching event kReadable
I0729 09:55:53.016659  4364 fd_channel.cc:108] DetachFromLoop this=0x7fa1f0000b30 fd=40 detach from event loop
I0729 09:55:53.016669  4365 connector.cc:13] Connector::Connector this=0x7fa1f40015b0 raddr=123.125.160.26:20011
I0729 09:55:53.016682  4363 tcp_client.cc:67] Successfully connected to 123.125.160.28:20011
I0729 09:55:53.016712  4364 tcp_client.cc:67] Successfully connected to 123.125.160.30:20011
I0729 09:55:53.016719  4365 connector.cc:32] Try to connect 123.125.160.26:20011 status=kDisconnected
I0729 09:55:53.016693  4362 memcache_client_pool.cc:182] OnClientConnection conn=0x7fa1f8002930 memc_conn=0x7fa1f8002930
I0729 09:55:53.016731  4363 tcp_conn.cc:31] TCPConn::[evmc] this=0x7fa1fc003360 channel=0x7fa1fc003ce0 fd=38
I0729 09:55:53.016738  4364 tcp_conn.cc:31] TCPConn::[evmc] this=0x7fa1f0001c30 channel=0x7fa1f00025b0 fd=40
I0729 09:55:53.016739  4362 memcache_client_pool.cc:185] OnClientConnection connect ok
I0729 09:55:53.016752  4363 fd_channel.cc:50] this=0x7fa1fc003ce0 fd=38 watching event kReadable
I0729 09:55:53.016765  4364 fd_channel.cc:50] this=0x7fa1f00025b0 fd=40 watching event kReadable
I0729 09:55:53.016765  4362 fd_channel.cc:149] HandleEvent fd=37 kWritable
I0729 09:55:53.016782  4365 connector.cc:70] this=0x7fa1f40015b0 new FdChannel p=0x7fa1f4001780 fd=55
I0729 09:55:53.016799  4362 fd_channel.cc:108] DetachFromLoop this=0x7fa1f8001280 fd=37 detach from event loop
I0729 09:55:53.016784  4364 memcache_client_pool.cc:182] OnClientConnection conn=0x7fa1f0001c30 memc_conn=0x7fa1f0001c30
I0729 09:55:53.016767  4363 memcache_client_pool.cc:182] OnClientConnection conn=0x7fa1fc003360 memc_conn=0x7fa1fc003360
I0729 09:55:53.016837  4364 memcache_client_pool.cc:185] OnClientConnection connect ok
I0729 09:55:53.016819  4365 fd_channel.cc:50] this=0x7fa1f4001780 fd=55 watching event kWritable
I0729 09:55:53.016832  4362 tcp_client.cc:67] Successfully connected to 123.125.160.28:20011
I0729 09:55:53.016858  4364 fd_channel.cc:149] HandleEvent fd=42 kWritable
I0729 09:55:53.016865  4365 connector.cc:13] Connector::Connector this=0x7fa1f40018d0 raddr=123.125.160.25:20011
I0729 09:55:53.016849  4363 memcache_client_pool.cc:185] OnClientConnection connect ok
I0729 09:55:53.016880  4364 fd_channel.cc:108] DetachFromLoop this=0x7fa1f0000e20 fd=42 detach from event loop
I0729 09:55:53.016886  4365 connector.cc:32] Try to connect 123.125.160.25:20011 status=kDisconnected
I0729 09:55:53.016876  4362 tcp_conn.cc:31] TCPConn::[evmc] this=0x7fa1f80034a0 channel=0x7fa1f8003e20 fd=37
I0729 09:55:53.016901  4363 fd_channel.cc:149] HandleEvent fd=41 kWritable
I0729 09:55:53.016904  4364 tcp_client.cc:67] Successfully connected to 123.125.160.29:20011
I0729 09:55:53.016913  4362 fd_channel.cc:50] this=0x7fa1f8003e20 fd=37 watching event kReadable
I0729 09:55:53.016926  4363 fd_channel.cc:108] DetachFromLoop this=0x7fa1fc001460 fd=41 detach from event loop
I0729 09:55:53.016942  4364 tcp_conn.cc:31] TCPConn::[evmc] this=0x7fa1f00027f0 channel=0x7fa1f0003170 fd=42
I0729 09:55:53.016957  4363 tcp_client.cc:67] Successfully connected to 123.125.160.27:20011
I0729 09:55:53.016944  4362 memcache_client_pool.cc:182] OnClientConnection conn=0x7fa1f80034a0 memc_conn=0x7fa1f80034a0
I0729 09:55:53.016968  4364 fd_channel.cc:50] this=0x7fa1f0003170 fd=42 watching event kReadable
I0729 09:55:53.016945  4365 connector.cc:70] this=0x7fa1f40018d0 new FdChannel p=0x7fa1f4001aa0 fd=56
I0729 09:55:53.016983  4364 memcache_client_pool.cc:182] OnClientConnection conn=0x7fa1f00027f0 memc_conn=0x7fa1f00027f0
I0729 09:55:53.016983  4362 memcache_client_pool.cc:185] OnClientConnection connect ok
I0729 09:55:53.016980  4363 tcp_conn.cc:31] TCPConn::[evmc] this=0x7fa1fc003ed0 channel=0x7fa1fc004850 fd=41
I0729 09:55:53.016999  4364 memcache_client_pool.cc:185] OnClientConnection connect ok
I0729 09:55:53.017004  4365 fd_channel.cc:50] this=0x7fa1f4001aa0 fd=56 watching event kWritable
I0729 09:55:53.017014  4362 fd_channel.cc:149] HandleEvent fd=39 kWritable
I0729 09:55:53.017014  4364 fd_channel.cc:149] HandleEvent fd=45 kWritable
I0729 09:55:53.017016  4363 fd_channel.cc:50] this=0x7fa1fc004850 fd=41 watching event kReadable
I0729 09:55:53.017030  4365 fd_channel.cc:149] HandleEvent fd=47 kWritable
I0729 09:55:53.017043  4364 fd_channel.cc:108] DetachFromLoop this=0x7fa1f0001140 fd=45 detach from event loop
I0729 09:55:53.017047  4363 memcache_client_pool.cc:182] OnClientConnection conn=0x7fa1fc003ed0 memc_conn=0x7fa1fc003ed0
I0729 09:55:53.017040  4362 fd_channel.cc:108] DetachFromLoop this=0x7fa1f80015a0 fd=39 detach from event loop
I0729 09:55:53.017065  4363 memcache_client_pool.cc:185] OnClientConnection connect ok
I0729 09:55:53.017067  4365 fd_channel.cc:108] DetachFromLoop this=0x7fa1f4000b30 fd=47 detach from event loop
I0729 09:55:53.017062  4364 tcp_client.cc:67] Successfully connected to 123.125.160.28:20011
I0729 09:55:53.017086  4362 tcp_client.cc:67] Successfully connected to 123.125.160.27:20011
I0729 09:55:53.017081  4363 fd_channel.cc:149] HandleEvent fd=44 kWritable
I0729 09:55:53.017096  4365 tcp_client.cc:67] Successfully connected to 123.125.160.30:20011
I0729 09:55:53.017107  4364 tcp_conn.cc:31] TCPConn::[evmc] this=0x7fa1f0003360 channel=0x7fa1f0003ce0 fd=45
I0729 09:55:53.017112  4363 fd_channel.cc:108] DetachFromLoop this=0x7fa1fc001780 fd=44 detach from event loop
I0729 09:55:53.017112  4362 tcp_conn.cc:31] TCPConn::[evmc] this=0x7fa1f8004010 channel=0x7fa1f8004990 fd=39
I0729 09:55:53.017140  4363 tcp_client.cc:67] Successfully connected to 123.125.160.26:20011
I0729 09:55:53.017118  4365 tcp_conn.cc:31] TCPConn::[evmc] this=0x7fa1f4001c30 channel=0x7fa1f40025b0 fd=47
I0729 09:55:53.017129  4364 fd_channel.cc:50] this=0x7fa1f0003ce0 fd=45 watching event kReadable
I0729 09:55:53.017158  4362 fd_channel.cc:50] this=0x7fa1f8004990 fd=39 watching event kReadable
I0729 09:55:53.017164  4363 tcp_conn.cc:31] TCPConn::[evmc] this=0x7fa1fc004a40 channel=0x7fa1fc0053c0 fd=44
I0729 09:55:53.017168  4364 memcache_client_pool.cc:182] OnClientConnection conn=0x7fa1f0003360 memc_conn=0x7fa1f0003360
I0729 09:55:53.017173  4365 fd_channel.cc:50] this=0x7fa1f40025b0 fd=47 watching event kReadable
I0729 09:55:53.017174  4362 memcache_client_pool.cc:182] OnClientConnection conn=0x7fa1f8004010 memc_conn=0x7fa1f8004010
I0729 09:55:53.017185  4364 memcache_client_pool.cc:185] OnClientConnection connect ok
I0729 09:55:53.017204  4362 memcache_client_pool.cc:185] OnClientConnection connect ok
I0729 09:55:53.017194  4365 memcache_client_pool.cc:182] OnClientConnection conn=0x7fa1f4001c30 memc_conn=0x7fa1f4001c30
I0729 09:55:53.017222  4364 fd_channel.cc:149] HandleEvent fd=49 kWritable
I0729 09:55:53.017231  4365 memcache_client_pool.cc:185] OnClientConnection connect ok
I0729 09:55:53.017184  4363 fd_channel.cc:50] this=0x7fa1fc0053c0 fd=44 watching event kReadable
I0729 09:55:53.017225  4362 fd_channel.cc:149] HandleEvent fd=43 kWritable
I0729 09:55:53.017246  4364 fd_channel.cc:108] DetachFromLoop this=0x7fa1f0001460 fd=49 detach from event loop
