I0729 09:55:53.017251  4365 fd_channel.cc:149] HandleEvent fd=50 kWritable
I0729 09:55:53.017251  4363 memcache_client_pool.cc:182] OnClientConnection conn=0x7fa1fc004a40 memc_conn=0x7fa1fc004a40
I0729 09:55:53.017261  4362 fd_channel.cc:108] DetachFromLoop this=0x7fa1f80018c0 fd=43 detach from event loop
I0729 09:55:53.017273  4365 fd_channel.cc:108] DetachFromLoop this=0x7fa1f4000e20 fd=50 detach from event loop
I0729 09:55:53.017273  4363 memcache_client_pool.cc:185] OnClientConnection connect ok
I0729 09:55:53.017288  4362 tcp_client.cc:67] Successfully connected to 123.125.160.26:20011
I0729 09:55:53.017264  4364 tcp_client.cc:67] Successfully connected to 123.125.160.27:20011
I0729 09:55:53.017300  4363 fd_channel.cc:149] HandleEvent fd=48 kWritable
I0729 09:55:53.017297  4365 tcp_client.cc:67] Successfully connected to 123.125.160.29:20011
I0729 09:55:53.017308  4362 tcp_conn.cc:31] TCPConn::[evmc] this=0x7fa1f8004b80 channel=0x7fa1f8005500 fd=43
I0729 09:55:53.017319  4363 fd_channel.cc:108] DetachFromLoop this=0x7fa1fc001aa0 fd=48 detach from event loop
I0729 09:55:53.017321  4364 tcp_conn.cc:31] TCPConn::[evmc] this=0x7fa1f0003ed0 channel=0x7fa1f0004850 fd=49
I0729 09:55:53.017330  4362 fd_channel.cc:50] this=0x7fa1f8005500 fd=43 watching event kReadable
I0729 09:55:53.017338  4363 tcp_client.cc:67] Successfully connected to 123.125.160.25:20011
I0729 09:55:53.017331  4365 tcp_conn.cc:31] TCPConn::[evmc] this=0x7fa1f40027f0 channel=0x7fa1f4003170 fd=50
I0729 09:55:53.017352  4362 memcache_client_pool.cc:182] OnClientConnection conn=0x7fa1f8004b80 memc_conn=0x7fa1f8004b80
I0729 09:55:53.017343  4364 fd_channel.cc:50] this=0x7fa1f0004850 fd=49 watching event kReadable
I0729 09:55:53.017377  4363 tcp_conn.cc:31] TCPConn::[evmc] this=0x7fa1fc0055b0 channel=0x7fa1fc005f30 fd=48
I0729 09:55:53.017382  4365 fd_channel.cc:50] this=0x7fa1f4003170 fd=50 watching event kReadable
I0729 09:55:53.017385  4364 memcache_client_pool.cc:182] OnClientConnection conn=0x7fa1f0003ed0 memc_conn=0x7fa1f0003ed0
I0729 09:55:53.017379  4362 memcache_client_pool.cc:185] OnClientConnection connect ok
I0729 09:55:53.017402  4363 fd_channel.cc:50] this=0x7fa1fc005f30 fd=48 watching event kReadable
I0729 09:55:53.017407  4364 memcache_client_pool.cc:185] OnClientConnection connect ok
I0729 09:55:53.017405  4365 memcache_client_pool.cc:182] OnClientConnection conn=0x7fa1f40027f0 memc_conn=0x7fa1f40027f0
I0729 09:55:53.017417  4362 fd_channel.cc:149] HandleEvent fd=46 kWritable
I0729 09:55:53.017421  4363 memcache_client_pool.cc:182] OnClientConnection conn=0x7fa1fc0055b0 memc_conn=0x7fa1fc0055b0
I0729 09:55:53.017424  4364 fd_channel.cc:149] HandleEvent fd=51 kWritable
I0729 09:55:53.017468  4363 memcache_client_pool.cc:185] OnClientConnection connect ok
I0729 09:55:53.017460  4362 fd_channel.cc:108] DetachFromLoop this=0x7fa1f8001be0 fd=46 detach from event loop
I0729 09:55:53.017487  4364 fd_channel.cc:108] DetachFromLoop this=0x7fa1f0001780 fd=51 detach from event loop
I0729 09:55:53.017427  4365 memcache_client_pool.cc:185] OnClientConnection connect ok
I0729 09:55:53.017508  4364 tcp_client.cc:67] Successfully connected to 123.125.160.26:20011
I0729 09:55:53.017508  4362 tcp_client.cc:67] Successfully connected to 123.125.160.25:20011
I0729 09:55:53.017511  4365 fd_channel.cc:149] HandleEvent fd=52 kWritable
I0729 09:55:53.017534  4364 tcp_conn.cc:31] TCPConn::[evmc] this=0x7fa1f0004a40 channel=0x7fa1f00053c0 fd=51
I0729 09:55:53.017546  4362 tcp_conn.cc:31] TCPConn::[evmc] this=0x7fa1f80056f0 channel=0x7fa1f8006070 fd=46
I0729 09:55:53.017547  4365 fd_channel.cc:108] DetachFromLoop this=0x7fa1f4001140 fd=52 detach from event loop
I0729 09:55:53.017554  4364 fd_channel.cc:50] this=0x7fa1f00053c0 fd=51 watching event kReadable
I0729 09:55:53.017577  4365 tcp_client.cc:67] Successfully connected to 123.125.160.28:20011
I0729 09:55:53.017576  4362 fd_channel.cc:50] this=0x7fa1f8006070 fd=46 watching event kReadable
I0729 09:55:53.017576  4364 memcache_client_pool.cc:182] OnClientConnection conn=0x7fa1f0004a40 memc_conn=0x7fa1f0004a40
I0729 09:55:53.017612  4362 memcache_client_pool.cc:182] OnClientConnection conn=0x7fa1f80056f0 memc_conn=0x7fa1f80056f0
I0729 09:55:53.017612  4365 tcp_conn.cc:31] TCPConn::[evmc] this=0x7fa1f4003360 channel=0x7fa1f4003ce0 fd=52
I0729 09:55:53.017628  4362 memcache_client_pool.cc:185] OnClientConnection connect ok
I0729 09:55:53.017611  4364 memcache_client_pool.cc:185] OnClientConnection connect ok
I0729 09:55:53.017647  4365 fd_channel.cc:50] this=0x7fa1f4003ce0 fd=52 watching event kReadable
I0729 09:55:53.017649  4364 fd_channel.cc:149] HandleEvent fd=53 kWritable
I0729 09:55:53.017662  4365 memcache_client_pool.cc:182] OnClientConnection conn=0x7fa1f4003360 memc_conn=0x7fa1f4003360
I0729 09:55:53.017668  4364 fd_channel.cc:108] DetachFromLoop this=0x7fa1f0001aa0 fd=53 detach from event loop
I0729 09:55:53.017678  4365 memcache_client_pool.cc:185] OnClientConnection connect ok
I0729 09:55:53.017688  4364 tcp_client.cc:67] Successfully connected to 123.125.160.25:20011
I0729 09:55:53.017696  4365 fd_channel.cc:149] HandleEvent fd=54 kWritable
I0729 09:55:53.017709  4364 tcp_conn.cc:31] TCPConn::[evmc] this=0x7fa1f00055b0 channel=0x7fa1f0005f30 fd=53
I0729 09:55:53.017714  4365 fd_channel.cc:108] DetachFromLoop this=0x7fa1f4001460 fd=54 detach from event loop
I0729 09:55:53.017726  4364 fd_channel.cc:50] this=0x7fa1f0005f30 fd=53 watching event kReadable
I0729 09:55:53.017732  4365 tcp_client.cc:67] Successfully connected to 123.125.160.27:20011
I0729 09:55:53.017740  4364 memcache_client_pool.cc:182] OnClientConnection conn=0x7fa1f00055b0 memc_conn=0x7fa1f00055b0
I0729 09:55:53.017751  4364 memcache_client_pool.cc:185] OnClientConnection connect ok
I0729 09:55:53.017751  4365 tcp_conn.cc:31] TCPConn::[evmc] this=0x7fa1f4003ed0 channel=0x7fa1f4004850 fd=54
I0729 09:55:53.017782  4365 fd_channel.cc:50] this=0x7fa1f4004850 fd=54 watching event kReadable
I0729 09:55:53.017794  4365 memcache_client_pool.cc:182] OnClientConnection conn=0x7fa1f4003ed0 memc_conn=0x7fa1f4003ed0
I0729 09:55:53.017805  4365 memcache_client_pool.cc:185] OnClientConnection connect ok
I0729 09:55:53.017817  4365 fd_channel.cc:149] HandleEvent fd=55 kWritable
I0729 09:55:53.017833  4365 fd_channel.cc:108] DetachFromLoop this=0x7fa1f4001780 fd=55 detach from event loop
I0729 09:55:53.017849  4365 tcp_client.cc:67] Successfully connected to 123.125.160.26:20011
I0729 09:55:53.017868  4365 tcp_conn.cc:31] TCPConn::[evmc] this=0x7fa1f4004a40 channel=0x7fa1f40053c0 fd=55
I0729 09:55:53.017884  4365 fd_channel.cc:50] this=0x7fa1f40053c0 fd=55 watching event kReadable
I0729 09:55:53.017910  4365 memcache_client_pool.cc:182] OnClientConnection conn=0x7fa1f4004a40 memc_conn=0x7fa1f4004a40
I0729 09:55:53.017921  4365 memcache_client_pool.cc:185] OnClientConnection connect ok
I0729 09:55:53.017935  4365 fd_channel.cc:149] HandleEvent fd=56 kWritable
I0729 09:55:53.017951  4365 fd_channel.cc:108] DetachFromLoop this=0x7fa1f4001aa0 fd=56 detach from event loop
I0729 09:55:53.017966  4365 tcp_client.cc:67] Successfully connected to 123.125.160.25:20011
I0729 09:55:53.017990  4365 tcp_conn.cc:31] TCPConn::[evmc] this=0x7fa1f40055b0 channel=0x7fa1f4005f30 fd=56
I0729 09:55:53.018008  4365 fd_channel.cc:50] this=0x7fa1f4005f30 fd=56 watching event kReadable
I0729 09:55:53.018020  4365 memcache_client_pool.cc:182] OnClientConnection conn=0x7fa1f40055b0 memc_conn=0x7fa1f40055b0
I0729 09:55:53.018031  4365 memcache_client_pool.cc:185] OnClientConnection connect ok
I0729 09:55:54.115640  4358 vbucket_config.cc:97] GetVbucketByKey key=test1 hash=2338197594 bucket=90
I0729 09:55:54.115694  4358 vbucket_config.cc:97] GetVbucketByKey key=test2 hash=2184446637 bucket=685
I0729 09:55:54.115712  4358 vbucket_config.cc:97] GetVbucketByKey key=test3 hash=2071320714 bucket=138
I0729 09:55:54.115731  4358 vbucket_config.cc:97] GetVbucketByKey key=test4 hash=274634886 bucket=134
I0729 09:55:54.115746  4358 vbucket_config.cc:97] GetVbucketByKey key=test5 hash=4077180899 bucket=995
I0729 09:55:54.115761  4358 vbucket_config.cc:97] GetVbucketByKey key=test6 hash=131594828 bucket=588
I0729 09:55:54.115775  4358 vbucket_config.cc:97] GetVbucketByKey key=test7 hash=3850584240 bucket=176
I0729 09:55:54.115790  4358 vbucket_config.cc:97] GetVbucketByKey key=test8 hash=2681225310 bucket=94
I0729 09:55:54.115805  4358 vbucket_config.cc:97] GetVbucketByKey key=test9 hash=3043596659 bucket=371
I0729 09:55:54.115820  4358 vbucket_config.cc:97] GetVbucketByKey key=test10 hash=1507895489 bucket=193
I0729 09:55:54.115834  4358 vbucket_config.cc:97] GetVbucketByKey key=test11 hash=707303158 bucket=758
I0729 09:55:54.115849  4358 vbucket_config.cc:97] GetVbucketByKey key=test12 hash=2622244704 bucket=864
I0729 09:55:54.115864  4358 vbucket_config.cc:97] GetVbucketByKey key=test13 hash=3174956083 bucket=51
I0729 09:55:54.115877  4358 vbucket_config.cc:97] GetVbucketByKey key=test14 hash=4136934585 bucket=185
I0729 09:55:54.115891  4358 vbucket_config.cc:97] GetVbucketByKey key=test15 hash=595408715 bucket=843
I0729 09:55:54.115906  4358 vbucket_config.cc:97] GetVbucketByKey key=test16 hash=2563709964 bucket=12
I0729 09:55:54.115921  4358 vbucket_config.cc:97] GetVbucketByKey key=test17 hash=3148329468 bucket=508
I0729 09:55:54.115934  4358 vbucket_config.cc:97] GetVbucketByKey key=test18 hash=2464117215 bucket=479
I0729 09:55:54.115949  4358 vbucket_config.cc:97] GetVbucketByKey key=test19 hash=1551512901 bucket=325
I0729 09:55:54.115963  4358 vbucket_config.cc:97] GetVbucketByKey key=test20 hash=2966104244 bucket=180
I0729 09:55:54.115993  4358 vbucket_config.cc:97] GetVbucketByKey key=test21 hash=2945928812 bucket=620
I0729 09:55:54.116008  4358 vbucket_config.cc:97] GetVbucketByKey key=test22 hash=2629780045 bucket=589
I0729 09:55:54.116020  4358 vbucket_config.cc:97] GetVbucketByKey key=test23 hash=1523223732 bucket=180
I0729 09:55:54.116034  4358 vbucket_config.cc:97] GetVbucketByKey key=test24 hash=2079516853 bucket=181
I0729 09:55:54.116047  4358 vbucket_config.cc:97] GetVbucketByKey key=test25 hash=3484895602 bucket=370
I0729 09:55:54.116067  4358 vbucket_config.cc:97] GetVbucketByKey key=test26 hash=3454312908 bucket=460
I0729 09:55:54.116081  4358 vbucket_config.cc:97] GetVbucketByKey key=test27 hash=1990872893 bucket=829
I0729 09:55:54.116096  4358 vbucket_config.cc:97] GetVbucketByKey key=test28 hash=2449077492 bucket=244
I0729 09:55:54.116108  4358 vbucket_config.cc:97] GetVbucketByKey key=test29 hash=3811239062 bucket=150
I0729 09:55:54.116120  4358 vbucket_config.cc:97] GetVbucketByKey key=test30 hash=3570442304 bucket=64
I0729 09:55:54.116145  4358 vbucket_config.cc:97] GetVbucketByKey key=test31 hash=3966332243 bucket=339
I0729 09:55:54.116160  4358 vbucket_config.cc:97] GetVbucketByKey key=test32 hash=3464179071 bucket=383
I0729 09:55:54.116173  4358 vbucket_config.cc:97] GetVbucketByKey key=test33 hash=1415427228 bucket=156
I0729 09:55:54.116186  4358 vbucket_config.cc:97] GetVbucketByKey key=test34 hash=1527607750 bucket=454
I0729 09:55:54.116216  4358 vbucket_config.cc:97] GetVbucketByKey key=test35 hash=2041264267 bucket=139
I0729 09:55:54.116230  4358 vbucket_config.cc:97] GetVbucketByKey key=test36 hash=2554047266 bucket=802
I0729 09:55:54.116245  4358 vbucket_config.cc:97] GetVbucketByKey key=test37 hash=3420194581 bucket=789
I0729 09:55:54.116273  4358 vbucket_config.cc:97] GetVbucketByKey key=test38 hash=1486483104 bucket=672
I0729 09:55:54.116287  4358 vbucket_config.cc:97] GetVbucketByKey key=test39 hash=1596139349 bucket=853
I0729 09:55:54.116300  4358 vbucket_config.cc:97] GetVbucketByKey key=test40 hash=4005161946 bucket=986
I0729 09:55:54.116312  4358 vbucket_config.cc:97] GetVbucketByKey key=test41 hash=1097622774 bucket=246
I0729 09:55:54.116327  4358 vbucket_config.cc:97] GetVbucketByKey key=test42 hash=63996326 bucket=422
I0729 09:55:54.116338  4358 vbucket_config.cc:97] GetVbucketByKey key=test43 hash=4137124830 bucket=990
I0729 09:55:54.116351  4358 vbucket_config.cc:97] GetVbucketByKey key=test44 hash=2272074237 bucket=509
I0729 09:55:54.116365  4358 vbucket_config.cc:97] GetVbucketByKey key=test45 hash=4230894542 bucket=974
I0729 09:55:54.116379  4358 vbucket_config.cc:97] GetVbucketByKey key=test46 hash=2603674782 bucket=158
I0729 09:55:54.116390  4358 vbucket_config.cc:97] GetVbucketByKey key=test47 hash=1899269142 bucket=22
I0729 09:55:54.116403  4358 vbucket_config.cc:97] GetVbucketByKey key=test48 hash=713683370 bucket=426
I0729 09:55:54.116416  4358 vbucket_config.cc:97] GetVbucketByKey key=test49 hash=766909732 bucket=292
I0729 09:55:54.116430  4358 vbucket_config.cc:97] GetVbucketByKey key=test50 hash=1173728228 bucket=996
I0729 09:55:54.116462  4358 vbucket_config.cc:97] GetVbucketByKey key=test51 hash=3379082390 bucket=150
I0729 09:55:54.116484  4358 vbucket_config.cc:97] GetVbucketByKey key=test52 hash=4227495375 bucket=463
I0729 09:55:54.116498  4358 vbucket_config.cc:97] GetVbucketByKey key=test53 hash=364976049 bucket=945
I0729 09:55:54.116513  4358 vbucket_config.cc:97] GetVbucketByKey key=test54 hash=2099367233 bucket=321
I0729 09:55:54.116525  4358 vbucket_config.cc:97] GetVbucketByKey key=test55 hash=3469687166 bucket=382
I0729 09:55:54.116539  4358 vbucket_config.cc:97] GetVbucketByKey key=test56 hash=1621161640 bucket=680
I0729 09:55:54.116551  4358 vbucket_config.cc:97] GetVbucketByKey key=test57 hash=215100333 bucket=941
I0729 09:55:54.116564  4358 vbucket_config.cc:97] GetVbucketByKey key=test58 hash=3821291497 bucket=1001
I0729 09:55:54.116577  4358 vbucket_config.cc:97] GetVbucketByKey key=test59 hash=2882256350 bucket=478
I0729 09:55:54.116590  4358 vbucket_config.cc:97] GetVbucketByKey key=test60 hash=803896344 bucket=24
I0729 09:55:54.116603  4358 vbucket_config.cc:97] GetVbucketByKey key=test61 hash=3322410534 bucket=550
I0729 09:55:54.116616  4358 vbucket_config.cc:97] GetVbucketByKey key=test62 hash=3296097229 bucket=973
I0729 09:55:54.116628  4358 vbucket_config.cc:97] GetVbucketByKey key=test63 hash=1210375222 bucket=54
I0729 09:55:54.116647  4358 vbucket_config.cc:97] GetVbucketByKey key=test64 hash=1176975897 bucket=537
I0729 09:55:54.116660  4358 vbucket_config.cc:97] GetVbucketByKey key=test65 hash=2323307833 bucket=313
I0729 09:55:54.116674  4358 vbucket_config.cc:97] GetVbucketByKey key=test66 hash=1707088703 bucket=831
I0729 09:55:54.116688  4358 vbucket_config.cc:97] GetVbucketByKey key=test67 hash=587274685 bucket=445
I0729 09:55:54.116700  4358 vbucket_config.cc:97] GetVbucketByKey key=test68 hash=3149126049 bucket=417
I0729 09:55:54.116714  4358 vbucket_config.cc:97] GetVbucketByKey key=test69 hash=530381775 bucket=975
I0729 09:55:54.116726  4358 vbucket_config.cc:97] GetVbucketByKey key=test70 hash=4128512819 bucket=819
I0729 09:55:54.116747  4358 vbucket_config.cc:97] GetVbucketByKey key=test71 hash=1299569418 bucket=778
I0729 09:55:54.116761  4358 vbucket_config.cc:97] GetVbucketByKey key=test72 hash=356637554 bucket=882
I0729 09:55:54.116775  4358 vbucket_config.cc:97] GetVbucketByKey key=test73 hash=2622087985 bucket=817
I0729 09:55:54.116788  4358 vbucket_config.cc:97] GetVbucketByKey key=test74 hash=2799707635 bucket=499
I0729 09:55:54.116801  4358 vbucket_config.cc:97] GetVbucketByKey key=test75 hash=3683239548 bucket=636
I0729 09:55:54.116813  4358 vbucket_config.cc:97] GetVbucketByKey key=test76 hash=2243704628 bucket=820
I0729 09:55:54.116827  4358 vbucket_config.cc:97] GetVbucketByKey key=test77 hash=1982925780 bucket=980
I0729 09:55:54.116840  4358 vbucket_config.cc:97] GetVbucketByKey key=test78 hash=2513433892 bucket=292
I0729 09:55:54.116853  4358 vbucket_config.cc:97] GetVbucketByKey key=test79 hash=3374833581 bucket=941
I0729 09:55:54.116866  4358 vbucket_config.cc:97] GetVbucketByKey key=test80 hash=2208921442 bucket=866
I0729 09:55:54.116880  4358 vbucket_config.cc:97] GetVbucketByKey key=test81 hash=3340089113 bucket=793
I0729 09:55:54.116894  4358 vbucket_config.cc:97] GetVbucketByKey key=test82 hash=2115847339 bucket=171
I0729 09:55:54.116906  4358 vbucket_config.cc:97] GetVbucketByKey key=test83 hash=3990914811 bucket=763
I0729 09:55:54.116919  4358 vbucket_config.cc:97] GetVbucketByKey key=test84 hash=240061292 bucket=876
I0729 09:55:54.116932  4358 vbucket_config.cc:97] GetVbucketByKey key=test85 hash=3372652995 bucket=451
I0729 09:55:54.116945  4358 vbucket_config.cc:97] GetVbucketByKey key=test86 hash=1042016348 bucket=92
I0729 09:55:54.116957  4358 vbucket_config.cc:97] GetVbucketByKey key=test87 hash=2678818526 bucket=734
I0729 09:55:54.116971  4358 vbucket_config.cc:97] GetVbucketByKey key=test88 hash=3260292996 bucket=900
I0729 09:55:54.116983  4358 vbucket_config.cc:97] GetVbucketByKey key=test89 hash=4155372782 bucket=238
I0729 09:55:54.116997  4358 vbucket_config.cc:97] GetVbucketByKey key=test90 hash=966602482 bucket=754
I0729 09:55:54.117009  4358 vbucket_config.cc:97] GetVbucketByKey key=test91 hash=1710907792 bucket=400
I0729 09:55:54.117022  4358 vbucket_config.cc:97] GetVbucketByKey key=test92 hash=3413681305 bucket=153
I0729 09:55:54.117034  4358 vbucket_config.cc:97] GetVbucketByKey key=test93 hash=3527475545 bucket=345
I0729 09:55:54.117048  4358 vbucket_config.cc:97] GetVbucketByKey key=test94 hash=2805602446 bucket=142
I0729 09:55:54.117060  4358 vbucket_config.cc:97] GetVbucketByKey key=test95 hash=2970368805 bucket=805
I0729 09:55:54.117074  4358 vbucket_config.cc:97] GetVbucketByKey key=test96 hash=1327920819 bucket=691
I0729 09:55:54.117086  4358 vbucket_config.cc:97] GetVbucketByKey key=test97 hash=1878425686 bucket=86
I0729 09:55:54.117100  4358 vbucket_config.cc:97] GetVbucketByKey key=test98 hash=1434496150 bucket=150
I0729 09:55:54.117112  4358 vbucket_config.cc:97] GetVbucketByKey key=test99 hash=2158319133 bucket=541
I0729 09:55:54.117136  4358 event_loop.cc:149] EventLoop::QueueInLoop tid=140333897586560 IsInLoopThread=0
I0729 09:55:54.117174  4358 event_loop.cc:149] EventLoop::QueueInLoop tid=140333897586560 IsInLoopThread=0
I0729 09:55:54.117197  4358 event_loop.cc:149] EventLoop::QueueInLoop tid=140333897586560 IsInLoopThread=0
I0729 09:55:54.117204  4360 memcache_client_pool.cc:225] LaunchCommand
I0729 09:55:54.117216  4358 event_loop.cc:149] EventLoop::QueueInLoop tid=140333897586560 IsInLoopThread=0
I0729 09:55:54.117244  4360 event_loop.cc:149] EventLoop::QueueInLoop tid=140333870757632 IsInLoopThread=0
I0729 09:55:54.117254  4358 event_loop.cc:149] EventLoop::QueueInLoop tid=140333897586560 IsInLoopThread=0
I0729 09:55:54.117274  4358 event_loop.cc:149] EventLoop::QueueInLoop tid=140333897586560 IsInLoopThread=0
I0729 09:55:54.117288  4360 memcache_client_pool.cc:225] LaunchCommand
I0729 09:55:54.117295  4358 event_loop.cc:149] EventLoop::QueueInLoop tid=140333897586560 IsInLoopThread=0
I0729 09:55:54.117305  4360 event_loop.cc:149] EventLoop::QueueInLoop tid=140333870757632 IsInLoopThread=0
I0729 09:55:54.117313  4358 event_loop.cc:149] EventLoop::QueueInLoop tid=140333897586560 IsInLoopThread=0
I0729 09:55:54.117341  4360 memcache_client_pool.cc:225] LaunchCommand
I0729 09:55:54.117355  4360 event_loop.cc:149] EventLoop::QueueInLoop tid=140333870757632 IsInLoopThread=0
I0729 09:55:54.117348  4358 event_loop.cc:149] EventLoop::QueueInLoop tid=140333897586560 IsInLoopThread=0
I0729 09:55:54.117383  4358 event_loop.cc:149] EventLoop::QueueInLoop tid=140333897586560 IsInLoopThread=0
I0729 09:55:54.117349  4362 vbucket_config.cc:59] SelectServerId selected_server_id=0 last_id=65535
I0729 09:55:54.117372  4360 memcache_client_pool.cc:225] LaunchCommand
I0729 09:55:54.117405  4358 event_loop.cc:149] EventLoop::QueueInLoop tid=140333897586560 IsInLoopThread=0
I0729 09:55:54.117427  4360 event_loop.cc:149] EventLoop::QueueInLoop tid=140333870757632 IsInLoopThread=0
I0729 09:55:54.117457  4358 event_loop.cc:149] EventLoop::QueueInLoop tid=140333897586560 IsInLoopThread=0
I0729 09:55:54.117416  4362 memcache_client_pool.cc:242] vbucket:12 server_id=0 server ip=123.125.160.30:20011
I0729 09:55:54.117470  4360 memcache_client_pool.cc:225] LaunchCommand
I0729 09:55:54.117506  4360 event_loop.cc:149] EventLoop::QueueInLoop tid=140333870757632 IsInLoopThread=0
I0729 09:55:54.117502  4358 event_loop.cc:149] EventLoop::QueueInLoop tid=140333897586560 IsInLoopThread=0
I0729 09:55:54.117504  4362 invoke_timer.cc:10] InvokeTimer::InvokeTimer tid=140333862364928 this=0x7fa1f8001b50
I0729 09:55:54.117538  4358 event_loop.cc:149] EventLoop::QueueInLoop tid=140333897586560 IsInLoopThread=0
I0729 09:55:54.117545  4360 memcache_client_pool.cc:225] LaunchCommand
I0729 09:55:54.117539  4362 invoke_timer.cc:29] InvokeTimer::Start tid=140333862364928 this=0x7fa1f8001b50 refcount=2
I0729 09:55:54.117563  4358 event_loop.cc:149] EventLoop::QueueInLoop tid=140333897586560 IsInLoopThread=0
I0729 09:55:54.117564  4360 event_loop.cc:149] EventLoop::QueueInLoop tid=140333870757632 IsInLoopThread=0
I0729 09:55:54.117579  4362 invoke_timer.cc:40] InvokeTimer::AsyncWait tid=140333862364928 this=0x7fa1f8001b50 refcount=2
I0729 09:55:54.117588  4358 event_loop.cc:149] EventLoop::QueueInLoop tid=140333897586560 IsInLoopThread=0
I0729 09:55:54.117597  4360 memcache_client_pool.cc:225] LaunchCommand
I0729 09:55:54.117607  4358 event_loop.cc:149] EventLoop::QueueInLoop tid=140333897586560 IsInLoopThread=0
I0729 09:55:54.117611  4360 event_loop.cc:149] EventLoop::QueueInLoop tid=140333870757632 IsInLoopThread=0
I0729 09:55:54.117625  4358 event_loop.cc:149] EventLoop::QueueInLoop tid=140333897586560 IsInLoopThread=0
I0729 09:55:54.117629  4360 memcache_client_pool.cc:225] LaunchCommand
I0729 09:55:54.117650  4360 event_loop.cc:149] EventLoop::QueueInLoop tid=140333870757632 IsInLoopThread=0
I0729 09:55:54.117655  4358 event_loop.cc:149] EventLoop::QueueInLoop tid=140333897586560 IsInLoopThread=0
I0729 09:55:54.117666  4360 memcache_client_pool.cc:225] LaunchCommand
I0729 09:55:54.117673  4358 event_loop.cc:149] EventLoop::QueueInLoop tid=140333897586560 IsInLoopThread=0
I0729 09:55:54.117678  4360 event_loop.cc:149] EventLoop::QueueInLoop tid=140333870757632 IsInLoopThread=0
I0729 09:55:54.117681  4362 vbucket_config.cc:59] SelectServerId selected_server_id=4 last_id=65535
I0729 09:55:54.117696  4360 memcache_client_pool.cc:225] LaunchCommand
I0729 09:55:54.117691  4358 event_loop.cc:149] EventLoop::QueueInLoop tid=140333897586560 IsInLoopThread=0
I0729 09:55:54.117708  4360 event_loop.cc:149] EventLoop::QueueInLoop tid=140333870757632 IsInLoopThread=0
I0729 09:55:54.117709  4362 memcache_client_pool.cc:242] vbucket:22 server_id=4 server ip=123.125.160.26:20011
I0729 09:55:54.117722  4358 event_loop.cc:149] EventLoop::QueueInLoop tid=140333897586560 IsInLoopThread=0
I0729 09:55:54.117733  4360 memcache_client_pool.cc:225] LaunchCommand
I0729 09:55:54.117745  4362 invoke_timer.cc:10] InvokeTimer::InvokeTimer tid=140333862364928 this=0x7fa1f8006420
I0729 09:55:54.117758  4360 event_loop.cc:149] EventLoop::QueueInLoop tid=140333870757632 IsInLoopThread=0
I0729 09:55:54.117763  4358 event_loop.cc:149] EventLoop::QueueInLoop tid=140333897586560 IsInLoopThread=0
I0729 09:55:54.117763  4362 invoke_timer.cc:29] InvokeTimer::Start tid=140333862364928 this=0x7fa1f8006420 refcount=2
I0729 09:55:54.117792  4360 memcache_client_pool.cc:225] LaunchCommand
I0729 09:55:54.117799  4358 event_loop.cc:149] EventLoop::QueueInLoop tid=140333897586560 IsInLoopThread=0
I0729 09:55:54.117806  4360 event_loop.cc:149] EventLoop::QueueInLoop tid=140333870757632 IsInLoopThread=0
I0729 09:55:54.117808  4362 invoke_timer.cc:40] InvokeTimer::AsyncWait tid=140333862364928 this=0x7fa1f8006420 refcount=2
I0729 09:55:54.117815  4358 event_loop.cc:149] EventLoop::QueueInLoop tid=140333897586560 IsInLoopThread=0
I0729 09:55:54.117821  4360 memcache_client_pool.cc:225] LaunchCommand
I0729 09:55:54.117833  4360 event_loop.cc:149] EventLoop::QueueInLoop tid=140333870757632 IsInLoopThread=0
I0729 09:55:54.117835  4358 event_loop.cc:149] EventLoop::QueueInLoop tid=140333897586560 IsInLoopThread=0
I0729 09:55:54.117859  4362 vbucket_config.cc:59] SelectServerId selected_server_id=0 last_id=65535
I0729 09:55:54.117864  4358 event_loop.cc:149] EventLoop::QueueInLoop tid=140333897586560 IsInLoopThread=0
I0729 09:55:54.117882  4362 memcache_client_pool.cc:242] vbucket:24 server_id=0 server ip=123.125.160.30:20011
I0729 09:55:54.117874  4360 memcache_client_pool.cc:225] LaunchCommand
I0729 09:55:54.117897  4358 event_loop.cc:149] EventLoop::QueueInLoop tid=140333897586560 IsInLoopThread=0
I0729 09:55:54.117908  4360 event_loop.cc:149] EventLoop::QueueInLoop tid=140333870757632 IsInLoopThread=0
I0729 09:55:54.117918  4358 event_loop.cc:149] EventLoop::QueueInLoop tid=140333897586560 IsInLoopThread=0
I0729 09:55:54.117926  4360 memcache_client_pool.cc:225] LaunchCommand
I0729 09:55:54.117938  4360 event_loop.cc:149] EventLoop::QueueInLoop tid=140333870757632 IsInLoopThread=0
I0729 09:55:54.117941  4358 event_loop.cc:149] EventLoop::QueueInLoop tid=140333897586560 IsInLoopThread=0
I0729 09:55:54.117945  4362 invoke_timer.cc:59] InvokeTimer::OnCanceled tid=140333862364928 this=0x7fa1f8001b50
I0729 09:55:54.117954  4360 memcache_client_pool.cc:225] LaunchCommand
I0729 09:55:54.117960  4358 event_loop.cc:149] EventLoop::QueueInLoop tid=140333897586560 IsInLoopThread=0
I0729 09:55:54.117965  4360 event_loop.cc:149] EventLoop::QueueInLoop tid=140333870757632 IsInLoopThread=0
I0729 09:55:54.117969  4362 memcache_client.cc:29] InvokeTimer canceled for  123.125.160.30:20011
I0729 09:55:54.117982  4362 invoke_timer.cc:10] InvokeTimer::InvokeTimer tid=140333862364928 this=0x7fa1f8006370
I0729 09:55:54.117980  4360 memcache_client_pool.cc:225] LaunchCommand
I0729 09:55:54.118000  4362 invoke_timer.cc:29] InvokeTimer::Start tid=140333862364928 this=0x7fa1f8006370 refcount=2
I0729 09:55:54.118010  4360 event_loop.cc:149] EventLoop::QueueInLoop tid=140333870757632 IsInLoopThread=0
I0729 09:55:54.117980  4358 event_loop.cc:149] EventLoop::QueueInLoop tid=140333897586560 IsInLoopThread=0
I0729 09:55:54.118021  4362 invoke_timer.cc:40] InvokeTimer::AsyncWait tid=140333862364928 this=0x7fa1f8006370 refcount=2
I0729 09:55:54.118033  4360 memcache_client_pool.cc:225] LaunchCommand
I0729 09:55:54.118044  4358 event_loop.cc:149] EventLoop::QueueInLoop tid=140333897586560 IsInLoopThread=0
I0729 09:55:54.118055  4360 event_loop.cc:149] EventLoop::QueueInLoop tid=140333870757632 IsInLoopThread=0
I0729 09:55:54.118063  4358 event_loop.cc:149] EventLoop::QueueInLoop tid=140333897586560 IsInLoopThread=0
I0729 09:55:54.118057  4362 invoke_timer.cc:20] InvokeTimer::~InvokeTimer tid=140333862364928 this=0x7fa1f8001b50
I0729 09:55:54.118084  4358 event_loop.cc:149] EventLoop::QueueInLoop tid=140333897586560 IsInLoopThread=0
I0729 09:55:54.118077  4360 memcache_client_pool.cc:225] LaunchCommand
I0729 09:55:54.118110  4358 event_loop.cc:149] EventLoop::QueueInLoop tid=140333897586560 IsInLoopThread=0
I0729 09:55:54.118111  4360 event_loop.cc:149] EventLoop::QueueInLoop tid=140333870757632 IsInLoopThread=0
I0729 09:55:54.118125  4362 vbucket_config.cc:59] SelectServerId selected_server_id=0 last_id=65535
I0729 09:55:54.118154  4360 memcache_client_pool.cc:225] LaunchCommand
I0729 09:55:54.118132  4358 event_loop.cc:149] EventLoop::QueueInLoop tid=140333897586560 IsInLoopThread=0
I0729 09:55:54.118170  4360 event_loop.cc:149] EventLoop::QueueInLoop tid=140333870757632 IsInLoopThread=0
I0729 09:55:54.118162  4362 memcache_client_pool.cc:242] vbucket:51 server_id=0 server ip=123.125.160.30:20011
I0729 09:55:54.118186  4360 memcache_client_pool.cc:225] LaunchCommand
I0729 09:55:54.118187  4358 event_loop.cc:149] EventLoop::QueueInLoop tid=140333897586560 IsInLoopThread=0
I0729 09:55:54.118199  4362 invoke_timer.cc:59] InvokeTimer::OnCanceled tid=140333862364928 this=0x7fa1f8006370
I0729 09:55:54.118203  4360 event_loop.cc:149] EventLoop::QueueInLoop tid=140333870757632 IsInLoopThread=0
I0729 09:55:54.118222  4362 memcache_client.cc:29] InvokeTimer canceled for  123.125.160.30:20011
I0729 09:55:54.118223  4358 event_loop.cc:149] EventLoop::QueueInLoop tid=140333897586560 IsInLoopThread=0
I0729 09:55:54.118239  4362 invoke_timer.cc:10] InvokeTimer::InvokeTimer tid=140333862364928 this=0x7fa1f8001b50
I0729 09:55:54.118232  4360 memcache_client_pool.cc:225] LaunchCommand
I0729 09:55:54.118257  4358 event_loop.cc:149] EventLoop::QueueInLoop tid=140333897586560 IsInLoopThread=0
I0729 09:55:54.118257  4362 invoke_timer.cc:29] InvokeTimer::Start tid=140333862364928 this=0x7fa1f8001b50 refcount=2
I0729 09:55:54.118265  4360 event_loop.cc:149] EventLoop::QueueInLoop tid=140333870757632 IsInLoopThread=0
I0729 09:55:54.118278  4358 event_loop.cc:149] EventLoop::QueueInLoop tid=140333897586560 IsInLoopThread=0
I0729 09:55:54.118296  4360 memcache_client_pool.cc:225] LaunchCommand
I0729 09:55:54.118286  4362 invoke_timer.cc:40] InvokeTimer::AsyncWait tid=140333862364928 this=0x7fa1f8001b50 refcount=2
I0729 09:55:54.118311  4360 event_loop.cc:149] EventLoop::QueueInLoop tid=140333870757632 IsInLoopThread=0
I0729 09:55:54.118307  4358 event_loop.cc:149] EventLoop::QueueInLoop tid=140333897586560 IsInLoopThread=0
I0729 09:55:54.118327  4360 memcache_client_pool.cc:225] LaunchCommand
I0729 09:55:54.118332  4362 invoke_timer.cc:20] InvokeTimer::~InvokeTimer tid=140333862364928 this=0x7fa1f8006370
I0729 09:55:54.118333  4358 event_loop.cc:149] EventLoop::QueueInLoop tid=140333897586560 IsInLoopThread=0
I0729 09:55:54.118340  4360 event_loop.cc:149] EventLoop::QueueInLoop tid=140333870757632 IsInLoopThread=0
I0729 09:55:54.118366  4360 memcache_client_pool.cc:225] LaunchCommand
I0729 09:55:54.118368  4362 vbucket_config.cc:59] SelectServerId selected_server_id=0 last_id=65535
I0729 09:55:54.118371  4358 event_loop.cc:149] EventLoop::QueueInLoop tid=140333897586560 IsInLoopThread=0
I0729 09:55:54.118379  4360 event_loop.cc:149] EventLoop::QueueInLoop tid=140333870757632 IsInLoopThread=0
I0729 09:55:54.118388  4362 memcache_client_pool.cc:242] vbucket:54 server_id=0 server ip=123.125.160.30:20011
I0729 09:55:54.118403  4358 event_loop.cc:149] EventLoop::QueueInLoop tid=140333897586560 IsInLoopThread=0
I0729 09:55:54.118417  4360 memcache_client_pool.cc:225] LaunchCommand
I0729 09:55:54.118418  4362 invoke_timer.cc:59] InvokeTimer::OnCanceled tid=140333862364928 this=0x7fa1f8001b50
I0729 09:55:54.118420  4358 event_loop.cc:149] EventLoop::QueueInLoop tid=140333897586560 IsInLoopThread=0
I0729 09:55:54.118438  4360 event_loop.cc:149] EventLoop::QueueInLoop tid=140333870757632 IsInLoopThread=0
I0729 09:55:54.118456  4362 memcache_client.cc:29] InvokeTimer canceled for  123.125.160.30:20011
I0729 09:55:54.118479  4358 event_loop.cc:149] EventLoop::QueueInLoop tid=140333897586560 IsInLoopThread=0
I0729 09:55:54.118492  4362 invoke_timer.cc:10] InvokeTimer::InvokeTimer tid=140333862364928 this=0x7fa1f80066b0
I0729 09:55:54.118501  4358 event_loop.cc:149] EventLoop::QueueInLoop tid=140333897586560 IsInLoopThread=0
I0729 09:55:54.118507  4362 invoke_timer.cc:29] InvokeTimer::Start tid=140333862364928 this=0x7fa1f80066b0 refcount=2
I0729 09:55:54.118512  4360 memcache_client_pool.cc:225] LaunchCommand
I0729 09:55:54.118541  4362 invoke_timer.cc:40] InvokeTimer::AsyncWait tid=140333862364928 this=0x7fa1f80066b0 refcount=2
I0729 09:55:54.118520  4358 event_loop.cc:149] EventLoop::QueueInLoop tid=140333897586560 IsInLoopThread=0
I0729 09:55:54.118553  4360 event_loop.cc:149] EventLoop::QueueInLoop tid=140333870757632 IsInLoopThread=0
I0729 09:55:54.118568  4362 invoke_timer.cc:20] InvokeTimer::~InvokeTimer tid=140333862364928 this=0x7fa1f8001b50
I0729 09:55:54.118582  4358 event_loop.cc:149] EventLoop::QueueInLoop tid=140333897586560 IsInLoopThread=0
I0729 09:55:54.118587  4360 memcache_client_pool.cc:225] LaunchCommand
I0729 09:55:54.118594  4362 vbucket_config.cc:59] SelectServerId selected_server_id=4 last_id=65535
I0729 09:55:54.118600  4360 event_loop.cc:149] EventLoop::QueueInLoop tid=140333870757632 IsInLoopThread=0
I0729 09:55:54.118604  4358 event_loop.cc:149] EventLoop::QueueInLoop tid=140333897586560 IsInLoopThread=0
I0729 09:55:54.118607  4362 memcache_client_pool.cc:242] vbucket:64 server_id=4 server ip=123.125.160.26:20011
I0729 09:55:54.118616  4360 memcache_client_pool.cc:225] LaunchCommand
I0729 09:55:54.118623  4358 event_loop.cc:149] EventLoop::QueueInLoop tid=140333897586560 IsInLoopThread=0
I0729 09:55:54.118629  4360 event_loop.cc:149] EventLoop::QueueInLoop tid=140333870757632 IsInLoopThread=0
I0729 09:55:54.118629  4362 invoke_timer.cc:59] InvokeTimer::OnCanceled tid=140333862364928 this=0x7fa1f8006420
I0729 09:55:54.118649  4360 memcache_client_pool.cc:225] LaunchCommand
I0729 09:55:54.118643  4358 event_loop.cc:149] EventLoop::QueueInLoop tid=140333897586560 IsInLoopThread=0
I0729 09:55:54.118661  4362 memcache_client.cc:29] InvokeTimer canceled for  123.125.160.26:20011
I0729 09:55:54.118661  4360 event_loop.cc:149] EventLoop::QueueInLoop tid=140333870757632 IsInLoopThread=0
I0729 09:55:54.118679  4362 invoke_timer.cc:10] InvokeTimer::InvokeTimer tid=140333862364928 this=0x7fa1f8001b50
I0729 09:55:54.118674  4358 event_loop.cc:149] EventLoop::QueueInLoop tid=140333897586560 IsInLoopThread=0
I0729 09:55:54.118691  4362 invoke_timer.cc:29] InvokeTimer::Start tid=140333862364928 this=0x7fa1f8001b50 refcount=2
I0729 09:55:54.118693  4360 memcache_client_pool.cc:225] LaunchCommand
I0729 09:55:54.118701  4358 event_loop.cc:149] EventLoop::QueueInLoop tid=140333897586560 IsInLoopThread=0
I0729 09:55:54.118718  4360 event_loop.cc:149] EventLoop::QueueInLoop tid=140333870757632 IsInLoopThread=0
I0729 09:55:54.118711  4362 invoke_timer.cc:40] InvokeTimer::AsyncWait tid=140333862364928 this=0x7fa1f8001b50 refcount=2
I0729 09:55:54.118732  4358 event_loop.cc:149] EventLoop::QueueInLoop tid=140333897586560 IsInLoopThread=0
I0729 09:55:54.118742  4362 invoke_timer.cc:20] InvokeTimer::~InvokeTimer tid=140333862364928 this=0x7fa1f8006420
I0729 09:55:54.118734  4360 memcache_client_pool.cc:225] LaunchCommand
I0729 09:55:54.118760  4358 event_loop.cc:149] EventLoop::QueueInLoop tid=140333897586560 IsInLoopThread=0
I0729 09:55:54.118769  4360 event_loop.cc:149] EventLoop::QueueInLoop tid=140333870757632 IsInLoopThread=0
I0729 09:55:54.118778  4358 event_loop.cc:149] EventLoop::QueueInLoop tid=140333897586560 IsInLoopThread=0
I0729 09:55:54.118785  4362 vbucket_config.cc:59] SelectServerId selected_server_id=5 last_id=65535
I0729 09:55:54.118788  4360 memcache_client_pool.cc:225] LaunchCommand
I0729 09:55:54.118796  4358 event_loop.cc:149] EventLoop::QueueInLoop tid=140333897586560 IsInLoopThread=0
I0729 09:55:54.118813  4360 event_loop.cc:149] EventLoop::QueueInLoop tid=140333870757632 IsInLoopThread=0
I0729 09:55:54.118806  4362 memcache_client_pool.cc:242] vbucket:86 server_id=5 server ip=123.125.160.25:20011
I0729 09:55:54.118829  4358 event_loop.cc:149] EventLoop::QueueInLoop tid=140333897586560 IsInLoopThread=0
I0729 09:55:54.118836  4362 invoke_timer.cc:10] InvokeTimer::InvokeTimer tid=140333862364928 this=0x7fa1f8006420
I0729 09:55:54.118830  4360 memcache_client_pool.cc:225] LaunchCommand
I0729 09:55:54.118851  4358 event_loop.cc:149] EventLoop::QueueInLoop tid=140333897586560 IsInLoopThread=0
I0729 09:55:54.118856  4362 invoke_timer.cc:29] InvokeTimer::Start tid=140333862364928 this=0x7fa1f8006420 refcount=2
I0729 09:55:54.118860  4360 event_loop.cc:149] EventLoop::QueueInLoop tid=140333870757632 IsInLoopThread=0
I0729 09:55:54.118883  4358 event_loop.cc:149] EventLoop::QueueInLoop tid=140333897586560 IsInLoopThread=0
I0729 09:55:54.118894  4362 invoke_timer.cc:40] InvokeTimer::AsyncWait tid=140333862364928 this=0x7fa1f8006420 refcount=2
I0729 09:55:54.118906  4360 memcache_client_pool.cc:225] LaunchCommand
I0729 09:55:54.118912  4358 event_loop.cc:149] EventLoop::QueueInLoop tid=140333897586560 IsInLoopThread=0
I0729 09:55:54.118919  4360 event_loop.cc:149] EventLoop::QueueInLoop tid=140333870757632 IsInLoopThread=0
I0729 09:55:54.118929  4358 event_loop.cc:149] EventLoop::QueueInLoop tid=140333897586560 IsInLoopThread=0
I0729 09:55:54.118934  4360 memcache_client_pool.cc:225] LaunchCommand
I0729 09:55:54.118942  4362 vbucket_config.cc:59] SelectServerId selected_server_id=3 last_id=65535
I0729 09:55:54.118953  4358 event_loop.cc:149] EventLoop::QueueInLoop tid=140333897586560 IsInLoopThread=0
I0729 09:55:54.118963  4362 memcache_client_pool.cc:242] vbucket:90 server_id=3 server ip=123.125.160.27:20011
I0729 09:55:54.118947  4360 event_loop.cc:149] EventLoop::QueueInLoop tid=140333870757632 IsInLoopThread=0
I0729 09:55:54.118974  4358 event_loop.cc:149] EventLoop::QueueInLoop tid=140333897586560 IsInLoopThread=0
I0729 09:55:54.118983  4362 invoke_timer.cc:10] InvokeTimer::InvokeTimer tid=140333862364928 this=0x7fa1f8006970
I0729 09:55:54.118994  4360 memcache_client_pool.cc:225] LaunchCommand
I0729 09:55:54.119010  4358 event_loop.cc:149] EventLoop::QueueInLoop tid=140333897586560 IsInLoopThread=0
I0729 09:55:54.119017  4360 event_loop.cc:149] EventLoop::QueueInLoop tid=140333870757632 IsInLoopThread=0
I0729 09:55:54.119011  4362 invoke_timer.cc:29] InvokeTimer::Start tid=140333862364928 this=0x7fa1f8006970 refcount=2
I0729 09:55:54.119038  4360 memcache_client_pool.cc:225] LaunchCommand
I0729 09:55:54.119031  4358 event_loop.cc:149] EventLoop::QueueInLoop tid=140333897586560 IsInLoopThread=0
I0729 09:55:54.119053  4360 event_loop.cc:149] EventLoop::QueueInLoop tid=140333870757632 IsInLoopThread=0
I0729 09:55:54.119050  4362 invoke_timer.cc:40] InvokeTimer::AsyncWait tid=140333862364928 this=0x7fa1f8006970 refcount=2
I0729 09:55:54.119069  4360 memcache_client_pool.cc:225] LaunchCommand
I0729 09:55:54.119073  4358 event_loop.cc:149] EventLoop::QueueInLoop tid=140333897586560 IsInLoopThread=0
I0729 09:55:54.119081  4360 event_loop.cc:149] EventLoop::QueueInLoop tid=140333870757632 IsInLoopThread=0
I0729 09:55:54.119091  4358 event_loop.cc:149] EventLoop::QueueInLoop tid=140333897586560 IsInLoopThread=0
I0729 09:55:54.119096  4360 memcache_client_pool.cc:225] LaunchCommand
I0729 09:55:54.119110  4360 event_loop.cc:149] EventLoop::QueueInLoop tid=140333870757632 IsInLoopThread=0
I0729 09:55:54.119110  4358 event_loop.cc:149] EventLoop::QueueInLoop tid=140333897586560 IsInLoopThread=0
I0729 09:55:54.119128  4360 memcache_client_pool.cc:225] LaunchCommand
I0729 09:55:54.119140  4360 event_loop.cc:149] EventLoop::QueueInLoop tid=140333870757632 IsInLoopThread=0
I0729 09:55:54.119138  4358 event_loop.cc:149] EventLoop::QueueInLoop tid=140333897586560 IsInLoopThread=0
I0729 09:55:54.119133  4362 vbucket_config.cc:59] SelectServerId selected_server_id=5 last_id=65535
I0729 09:55:54.119163  4360 memcache_client_pool.cc:225] LaunchCommand
I0729 09:55:54.119165  4358 event_loop.cc:149] EventLoop::QueueInLoop tid=140333897586560 IsInLoopThread=0
I0729 09:55:54.119169  4362 memcache_client_pool.cc:242] vbucket:92 server_id=5 server ip=123.125.160.25:20011
I0729 09:55:54.119176  4360 event_loop.cc:149] EventLoop::QueueInLoop tid=140333870757632 IsInLoopThread=0
I0729 09:55:54.119184  4358 event_loop.cc:149] EventLoop::QueueInLoop tid=140333897586560 IsInLoopThread=0
I0729 09:55:54.119191  4362 invoke_timer.cc:59] InvokeTimer::OnCanceled tid=140333862364928 this=0x7fa1f8006420
I0729 09:55:54.119194  4360 memcache_client_pool.cc:225] LaunchCommand
I0729 09:55:54.119222  4362 memcache_client.cc:29] InvokeTimer canceled for  123.125.160.25:20011
I0729 09:55:54.119199  4358 event_loop.cc:149] EventLoop::QueueInLoop tid=140333897586560 IsInLoopThread=0
I0729 09:55:54.119240  4362 invoke_timer.cc:10] InvokeTimer::InvokeTimer tid=140333862364928 this=0x7fa1f80068e0
I0729 09:55:54.119233  4360 event_loop.cc:149] EventLoop::QueueInLoop tid=140333870757632 IsInLoopThread=0
I0729 09:55:54.119256  4362 invoke_timer.cc:29] InvokeTimer::Start tid=140333862364928 this=0x7fa1f80068e0 refcount=2
I0729 09:55:54.119257  4358 event_loop.cc:149] EventLoop::QueueInLoop tid=140333897586560 IsInLoopThread=0
I0729 09:55:54.119264  4360 memcache_client_pool.cc:225] LaunchCommand
I0729 09:55:54.119272  4362 invoke_timer.cc:40] InvokeTimer::AsyncWait tid=140333862364928 this=0x7fa1f80068e0 refcount=2
I0729 09:55:54.119278  4360 event_loop.cc:149] EventLoop::QueueInLoop tid=140333870757632 IsInLoopThread=0
I0729 09:55:54.119278  4358 event_loop.cc:149] EventLoop::QueueInLoop tid=140333897586560 IsInLoopThread=0
I0729 09:55:54.119293  4362 invoke_timer.cc:20] InvokeTimer::~InvokeTimer tid=140333862364928 this=0x7fa1f8006420
I0729 09:55:54.119298  4360 memcache_client_pool.cc:225] LaunchCommand
I0729 09:55:54.119307  4358 event_loop.cc:149] EventLoop::QueueInLoop tid=140333897586560 IsInLoopThread=0
I0729 09:55:54.119310  4360 event_loop.cc:149] EventLoop::QueueInLoop tid=140333870757632 IsInLoopThread=0
I0729 09:55:54.119328  4358 event_loop.cc:149] EventLoop::QueueInLoop tid=140333897586560 IsInLoopThread=0
I0729 09:55:54.119318  4362 vbucket_config.cc:59] SelectServerId selected_server_id=4 last_id=65535
I0729 09:55:54.119348  4358 event_loop.cc:149] EventLoop::QueueInLoop tid=140333897586560 IsInLoopThread=0
I0729 09:55:54.119340  4360 memcache_client_pool.cc:225] LaunchCommand
I0729 09:55:54.119357  4362 memcache_client_pool.cc:242] vbucket:94 server_id=4 server ip=123.125.160.26:20011
I0729 09:55:54.119377  4360 event_loop.cc:149] EventLoop::QueueInLoop tid=140333870757632 IsInLoopThread=0
I0729 09:55:54.119379  4358 event_loop.cc:149] EventLoop::QueueInLoop tid=140333897586560 IsInLoopThread=0
I0729 09:55:54.119390  4362 invoke_timer.cc:59] InvokeTimer::OnCanceled tid=140333862364928 this=0x7fa1f8001b50
I0729 09:55:54.119400  4360 memcache_client_pool.cc:225] LaunchCommand
I0729 09:55:54.119407  4362 memcache_client.cc:29] InvokeTimer canceled for  123.125.160.26:20011
I0729 09:55:54.119408  4358 event_loop.cc:149] EventLoop::QueueInLoop tid=140333897586560 IsInLoopThread=0
I0729 09:55:54.119412  4360 event_loop.cc:149] EventLoop::QueueInLoop tid=140333870757632 IsInLoopThread=0
I0729 09:55:54.119427  4362 invoke_timer.cc:10] InvokeTimer::InvokeTimer tid=140333862364928 this=0x7fa1f8006420
I0729 09:55:54.119437  4358 event_loop.cc:149] EventLoop::QueueInLoop tid=140333897586560 IsInLoopThread=0
I0729 09:55:54.119451  4362 invoke_timer.cc:29] InvokeTimer::Start tid=140333862364928 this=0x7fa1f8006420 refcount=2
I0729 09:55:54.119477  4358 event_loop.cc:149] EventLoop::QueueInLoop tid=140333897586560 IsInLoopThread=0
I0729 09:55:54.119482  4362 invoke_timer.cc:40] InvokeTimer::AsyncWait tid=140333862364928 this=0x7fa1f8006420 refcount=2
I0729 09:55:54.119483  4360 memcache_client_pool.cc:225] LaunchCommand
I0729 09:55:54.119498  4358 event_loop.cc:149] EventLoop::QueueInLoop tid=140333897586560 IsInLoopThread=0
I0729 09:55:54.119508  4362 invoke_timer.cc:20] InvokeTimer::~InvokeTimer tid=140333862364928 this=0x7fa1f8001b50
I0729 09:55:54.119514  4360 event_loop.cc:149] EventLoop::QueueInLoop tid=140333870757632 IsInLoopThread=0
I0729 09:55:54.119534  4358 event_loop.cc:149] EventLoop::QueueInLoop tid=140333897586560 IsInLoopThread=0
I0729 09:55:54.119534  4360 memcache_client_pool.cc:225] LaunchCommand
I0729 09:55:54.119549  4362 vbucket_config.cc:59] SelectServerId selected_server_id=5 last_id=65535
I0729 09:55:54.119557  4360 event_loop.cc:149] EventLoop::QueueInLoop tid=140333870757632 IsInLoopThread=0
I0729 09:55:54.119565  4362 memcache_client_pool.cc:242] vbucket:134 server_id=5 server ip=123.125.160.25:20011
I0729 09:55:54.119557  4358 event_loop.cc:149] EventLoop::QueueInLoop tid=140333897586560 IsInLoopThread=0
I0729 09:55:54.119596  4360 memcache_client_pool.cc:225] LaunchCommand
I0729 09:55:54.119609  4362 invoke_timer.cc:59] InvokeTimer::OnCanceled tid=140333862364928 this=0x7fa1f80068e0
I0729 09:55:54.119619  4358 event_loop.cc:149] EventLoop::QueueInLoop tid=140333897586560 IsInLoopThread=0
I0729 09:55:54.119621  4360 event_loop.cc:149] EventLoop::QueueInLoop tid=140333870757632 IsInLoopThread=0
I0729 09:55:54.119626  4362 memcache_client.cc:29] InvokeTimer canceled for  123.125.160.25:20011
I0729 09:55:54.119648  4360 memcache_client_pool.cc:225] LaunchCommand
I0729 09:55:54.119649  4362 invoke_timer.cc:10] InvokeTimer::InvokeTimer tid=140333862364928 this=0x7fa1f80065c0
I0729 09:55:54.119666  4360 event_loop.cc:149] EventLoop::QueueInLoop tid=140333870757632 IsInLoopThread=0
I0729 09:55:54.119650  4358 event_loop.cc:149] EventLoop::QueueInLoop tid=140333897586560 IsInLoopThread=0
I0729 09:55:54.119679  4362 invoke_timer.cc:29] InvokeTimer::Start tid=140333862364928 this=0x7fa1f80065c0 refcount=2
I0729 09:55:54.119684  4360 memcache_client_pool.cc:225] LaunchCommand
I0729 09:55:54.119693  4358 event_loop.cc:149] EventLoop::QueueInLoop tid=140333897586560 IsInLoopThread=0
I0729 09:55:54.119695  4362 invoke_timer.cc:40] InvokeTimer::AsyncWait tid=140333862364928 this=0x7fa1f80065c0 refcount=2
I0729 09:55:54.119696  4360 event_loop.cc:149] EventLoop::QueueInLoop tid=140333870757632 IsInLoopThread=0
I0729 09:55:54.119709  4358 event_loop.cc:149] EventLoop::QueueInLoop tid=140333897586560 IsInLoopThread=0
I0729 09:55:54.119721  4362 invoke_timer.cc:20] InvokeTimer::~InvokeTimer tid=140333862364928 this=0x7fa1f80068e0
I0729 09:55:54.119734  4360 memcache_client_pool.cc:225] LaunchCommand
I0729 09:55:54.119737  4358 event_loop.cc:149] EventLoop::QueueInLoop tid=140333897586560 IsInLoopThread=0
I0729 09:55:54.119747  4362 vbucket_config.cc:59] SelectServerId selected_server_id=3 last_id=65535
I0729 09:55:54.119747  4360 event_loop.cc:149] EventLoop::QueueInLoop tid=140333870757632 IsInLoopThread=0
I0729 09:55:54.119760  4358 event_loop.cc:149] EventLoop::QueueInLoop tid=140333897586560 IsInLoopThread=0
I0729 09:55:54.119765  4362 memcache_client_pool.cc:242] vbucket:138 server_id=3 server ip=123.125.160.27:20011
I0729 09:55:54.119784  4360 memcache_client_pool.cc:225] LaunchCommand
I0729 09:55:54.119787  4358 event_loop.cc:149] EventLoop::QueueInLoop tid=140333897586560 IsInLoopThread=0
I0729 09:55:54.119796  4362 invoke_timer.cc:59] InvokeTimer::OnCanceled tid=140333862364928 this=0x7fa1f8006970
I0729 09:55:54.119797  4360 event_loop.cc:149] EventLoop::QueueInLoop tid=140333870757632 IsInLoopThread=0
I0729 09:55:54.119815  4362 memcache_client.cc:29] InvokeTimer canceled for  123.125.160.27:20011
I0729 09:55:54.119822  4358 mcpool_test.cc:139] count value:1
I0729 09:55:54.119827  4362 invoke_timer.cc:10] InvokeTimer::InvokeTimer tid=140333862364928 this=0x7fa1f8006c70
I0729 09:55:54.119824  4360 memcache_client_pool.cc:225] LaunchCommand
I0729 09:55:54.119842  4362 invoke_timer.cc:29] InvokeTimer::Start tid=140333862364928 this=0x7fa1f8006c70 refcount=2
I0729 09:55:54.119848  4360 event_loop.cc:149] EventLoop::QueueInLoop tid=140333870757632 IsInLoopThread=0
I0729 09:55:54.119856  4362 invoke_timer.cc:40] InvokeTimer::AsyncWait tid=140333862364928 this=0x7fa1f8006c70 refcount=2
I0729 09:55:54.119863  4360 memcache_client_pool.cc:225] LaunchCommand
I0729 09:55:54.119875  4362 invoke_timer.cc:20] InvokeTimer::~InvokeTimer tid=140333862364928 this=0x7fa1f8006970
I0729 09:55:54.119876  4360 event_loop.cc:149] EventLoop::QueueInLoop tid=140333870757632 IsInLoopThread=0
I0729 09:55:54.119904  4360 memcache_client_pool.cc:225] LaunchCommand
I0729 09:55:54.119915  4360 event_loop.cc:149] EventLoop::QueueInLoop tid=140333870757632 IsInLoopThread=0
I0729 09:55:54.119916  4362 vbucket_config.cc:59] SelectServerId selected_server_id=4 last_id=65535
I0729 09:55:54.119943  4360 memcache_client_pool.cc:225] LaunchCommand
I0729 09:55:54.119959  4362 memcache_client_pool.cc:242] vbucket:139 server_id=4 server ip=123.125.160.26:20011
I0729 09:55:54.119967  4360 event_loop.cc:149] EventLoop::QueueInLoop tid=140333870757632 IsInLoopThread=0
I0729 09:55:54.119982  4362 invoke_timer.cc:59] InvokeTimer::OnCanceled tid=140333862364928 this=0x7fa1f8006420
I0729 09:55:54.119984  4360 memcache_client_pool.cc:225] LaunchCommand
I0729 09:55:54.120003  4362 memcache_client.cc:29] InvokeTimer canceled for  123.125.160.26:20011
I0729 09:55:54.120007  4360 event_loop.cc:149] EventLoop::QueueInLoop tid=140333870757632 IsInLoopThread=0
I0729 09:55:54.120015  4362 invoke_timer.cc:10] InvokeTimer::InvokeTimer tid=140333862364928 this=0x7fa1f8006a10
I0729 09:55:54.120024  4360 memcache_client_pool.cc:225] LaunchCommand
I0729 09:55:54.120028  4362 invoke_timer.cc:29] InvokeTimer::Start tid=140333862364928 this=0x7fa1f8006a10 refcount=2
I0729 09:55:54.120036  4360 event_loop.cc:149] EventLoop::QueueInLoop tid=140333870757632 IsInLoopThread=0
I0729 09:55:54.120044  4362 invoke_timer.cc:40] InvokeTimer::AsyncWait tid=140333862364928 this=0x7fa1f8006a10 refcount=2
I0729 09:55:54.120051  4360 memcache_client_pool.cc:225] LaunchCommand
I0729 09:55:54.120064  4360 event_loop.cc:149] EventLoop::QueueInLoop tid=140333870757632 IsInLoopThread=0
I0729 09:55:54.120064  4362 invoke_timer.cc:20] InvokeTimer::~InvokeTimer tid=140333862364928 this=0x7fa1f8006420
I0729 09:55:54.120084  4360 memcache_client_pool.cc:225] LaunchCommand
I0729 09:55:54.120095  4360 event_loop.cc:149] EventLoop::QueueInLoop tid=140333870757632 IsInLoopThread=0
I0729 09:55:54.120102  4362 vbucket_config.cc:59] SelectServerId selected_server_id=4 last_id=65535
I0729 09:55:54.120110  4360 memcache_client_pool.cc:225] LaunchCommand
I0729 09:55:54.120116  4362 memcache_client_pool.cc:242] vbucket:142 server_id=4 server ip=123.125.160.26:20011
I0729 09:55:54.120121  4360 event_loop.cc:149] EventLoop::QueueInLoop tid=140333870757632 IsInLoopThread=0
I0729 09:55:54.120134  4362 invoke_timer.cc:59] InvokeTimer::OnCanceled tid=140333862364928 this=0x7fa1f8006a10
I0729 09:55:54.120136  4360 memcache_client_pool.cc:225] LaunchCommand
I0729 09:55:54.120154  4362 memcache_client.cc:29] InvokeTimer canceled for  123.125.160.26:20011
