I0727 16:57:17.440189 19503 invoke_timer.cc:40] InvokeTimer::AsyncWait tid=140613190571776 this=0x7fe300001b50 refcount=2
I0727 16:57:17.440829 19503 fd_channel.cc:149] HandleEvent fd=33 kReadable
I0727 16:57:17.440878 19503 invoke_timer.cc:59] InvokeTimer::OnCanceled tid=140613190571776 this=0x7fe300001b50
I0727 16:57:17.440893 19503 invoke_timer.cc:20] InvokeTimer::~InvokeTimer tid=140613190571776 this=0x7fe300001b50
I0727 16:57:17.440908 19503 event_loop.cc:149] EventLoop::QueueInLoop tid=140613190571776 IsInLoopThread=0
I0727 16:57:17.440929 19503 binary_codec.cc:90] OnResponsePacket SET, opaque=2
I0727 16:57:17.440984 19502 mcpool_test.cc:11] +++++++++++++ OnTestSetDone code=0 test192
I0727 16:57:17.441123 19501 vbucket_config.cc:97] GetVbucketByKey key=test193 hash=3452886900 bucket=884
I0727 16:57:17.441150 19501 event_loop.cc:149] EventLoop::QueueInLoop tid=140613226092416 IsInLoopThread=0
I0727 16:57:17.441181 19502 memcache_client_pool.cc:225] LaunchCommand
I0727 16:57:17.441198 19502 event_loop.cc:149] EventLoop::QueueInLoop tid=140613198964480 IsInLoopThread=0
I0727 16:57:17.441265 19504 vbucket_config.cc:59] SelectServerId selected_server_id=5 last_id=65535
I0727 16:57:17.441290 19504 memcache_client_pool.cc:242] vbucket:884server ip=123.125.160.25:20011
I0727 16:57:17.441308 19504 invoke_timer.cc:10] InvokeTimer::InvokeTimer tid=140613182179072 this=0x7fe304001a10
I0727 16:57:17.441318 19504 invoke_timer.cc:29] InvokeTimer::Start tid=140613182179072 this=0x7fe304001a10 refcount=2
I0727 16:57:17.441330 19504 invoke_timer.cc:40] InvokeTimer::AsyncWait tid=140613182179072 this=0x7fe304001a10 refcount=2
I0727 16:57:17.441951 19504 fd_channel.cc:149] HandleEvent fd=47 kReadable
I0727 16:57:17.442008 19504 invoke_timer.cc:59] InvokeTimer::OnCanceled tid=140613182179072 this=0x7fe304001a10
I0727 16:57:17.442021 19504 invoke_timer.cc:20] InvokeTimer::~InvokeTimer tid=140613182179072 this=0x7fe304001a10
I0727 16:57:17.442035 19504 event_loop.cc:149] EventLoop::QueueInLoop tid=140613182179072 IsInLoopThread=0
I0727 16:57:17.442056 19504 binary_codec.cc:90] OnResponsePacket SET, opaque=13
I0727 16:57:17.442096 19502 mcpool_test.cc:11] +++++++++++++ OnTestSetDone code=0 test193
I0727 16:57:17.442253 19501 vbucket_config.cc:97] GetVbucketByKey key=test194 hash=2465587885 bucket=685
I0727 16:57:17.442281 19501 event_loop.cc:149] EventLoop::QueueInLoop tid=140613226092416 IsInLoopThread=0
I0727 16:57:17.442312 19502 memcache_client_pool.cc:225] LaunchCommand
I0727 16:57:17.442327 19502 event_loop.cc:149] EventLoop::QueueInLoop tid=140613198964480 IsInLoopThread=0
I0727 16:57:17.442392 19505 vbucket_config.cc:59] SelectServerId selected_server_id=1 last_id=65535
I0727 16:57:17.442417 19505 memcache_client_pool.cc:242] vbucket:685server ip=123.125.160.29:20011
I0727 16:57:17.442435 19505 invoke_timer.cc:10] InvokeTimer::InvokeTimer tid=140613173786368 this=0x7fe2f8001a10
I0727 16:57:17.442461 19505 invoke_timer.cc:29] InvokeTimer::Start tid=140613173786368 this=0x7fe2f8001a10 refcount=2
I0727 16:57:17.442474 19505 invoke_timer.cc:40] InvokeTimer::AsyncWait tid=140613173786368 this=0x7fe2f8001a10 refcount=2
I0727 16:57:17.443405 19501 vbucket_config.cc:97] GetVbucketByKey key=test195 hash=3967176426 bucket=746
I0727 16:57:17.443433 19501 event_loop.cc:149] EventLoop::QueueInLoop tid=140613226092416 IsInLoopThread=0
I0727 16:57:17.443511 19502 memcache_client_pool.cc:225] LaunchCommand
I0727 16:57:17.443537 19502 event_loop.cc:149] EventLoop::QueueInLoop tid=140613198964480 IsInLoopThread=0
I0727 16:57:17.443611 19506 vbucket_config.cc:59] SelectServerId selected_server_id=5 last_id=65535
I0727 16:57:17.443636 19506 memcache_client_pool.cc:242] vbucket:746server ip=123.125.160.25:20011
I0727 16:57:17.443667 19506 invoke_timer.cc:10] InvokeTimer::InvokeTimer tid=140613165393664 this=0x7fe2fc001a10
I0727 16:57:17.443680 19506 invoke_timer.cc:29] InvokeTimer::Start tid=140613165393664 this=0x7fe2fc001a10 refcount=2
I0727 16:57:17.443691 19506 invoke_timer.cc:40] InvokeTimer::AsyncWait tid=140613165393664 this=0x7fe2fc001a10 refcount=2
I0727 16:57:17.444330 19506 fd_channel.cc:149] HandleEvent fd=56 kReadable
I0727 16:57:17.444373 19506 invoke_timer.cc:59] InvokeTimer::OnCanceled tid=140613165393664 this=0x7fe2fc001a10
I0727 16:57:17.444388 19506 invoke_timer.cc:20] InvokeTimer::~InvokeTimer tid=140613165393664 this=0x7fe2fc001a10
I0727 16:57:17.444403 19506 event_loop.cc:149] EventLoop::QueueInLoop tid=140613165393664 IsInLoopThread=0
I0727 16:57:17.444424 19506 binary_codec.cc:90] OnResponsePacket SET, opaque=8
I0727 16:57:17.444481 19502 mcpool_test.cc:11] +++++++++++++ OnTestSetDone code=0 test195
I0727 16:57:17.444551 19501 vbucket_config.cc:97] GetVbucketByKey key=test196 hash=1461927737 bucket=825
I0727 16:57:17.444578 19501 event_loop.cc:149] EventLoop::QueueInLoop tid=140613226092416 IsInLoopThread=0
I0727 16:57:17.444646 19502 memcache_client_pool.cc:225] LaunchCommand
I0727 16:57:17.444672 19502 event_loop.cc:149] EventLoop::QueueInLoop tid=140613198964480 IsInLoopThread=0
I0727 16:57:17.444741 19503 vbucket_config.cc:59] SelectServerId selected_server_id=3 last_id=65535
I0727 16:57:17.444766 19503 memcache_client_pool.cc:242] vbucket:825server ip=123.125.160.27:20011
I0727 16:57:17.444795 19503 invoke_timer.cc:10] InvokeTimer::InvokeTimer tid=140613190571776 this=0x7fe300001b50
I0727 16:57:17.444808 19503 invoke_timer.cc:29] InvokeTimer::Start tid=140613190571776 this=0x7fe300001b50 refcount=2
I0727 16:57:17.444819 19503 invoke_timer.cc:40] InvokeTimer::AsyncWait tid=140613190571776 this=0x7fe300001b50 refcount=2
I0727 16:57:17.445461 19503 fd_channel.cc:149] HandleEvent fd=39 kReadable
I0727 16:57:17.445510 19503 invoke_timer.cc:59] InvokeTimer::OnCanceled tid=140613190571776 this=0x7fe300001b50
I0727 16:57:17.445525 19503 invoke_timer.cc:20] InvokeTimer::~InvokeTimer tid=140613190571776 this=0x7fe300001b50
I0727 16:57:17.445549 19503 event_loop.cc:149] EventLoop::QueueInLoop tid=140613190571776 IsInLoopThread=0
I0727 16:57:17.445572 19503 binary_codec.cc:90] OnResponsePacket SET, opaque=19
I0727 16:57:17.445629 19502 mcpool_test.cc:11] +++++++++++++ OnTestSetDone code=0 test196
I0727 16:57:17.445682 19501 vbucket_config.cc:97] GetVbucketByKey key=test197 hash=492089463 bucket=119
I0727 16:57:17.445709 19501 event_loop.cc:149] EventLoop::QueueInLoop tid=140613226092416 IsInLoopThread=0
I0727 16:57:17.445785 19502 memcache_client_pool.cc:225] LaunchCommand
I0727 16:57:17.445811 19502 event_loop.cc:149] EventLoop::QueueInLoop tid=140613198964480 IsInLoopThread=0
I0727 16:57:17.445879 19504 vbucket_config.cc:59] SelectServerId selected_server_id=5 last_id=65535
I0727 16:57:17.445904 19504 memcache_client_pool.cc:242] vbucket:119server ip=123.125.160.25:20011
I0727 16:57:17.445921 19504 invoke_timer.cc:10] InvokeTimer::InvokeTimer tid=140613182179072 this=0x7fe304001a10
I0727 16:57:17.445931 19504 invoke_timer.cc:29] InvokeTimer::Start tid=140613182179072 this=0x7fe304001a10 refcount=2
I0727 16:57:17.445943 19504 invoke_timer.cc:40] InvokeTimer::AsyncWait tid=140613182179072 this=0x7fe304001a10 refcount=2
I0727 16:57:17.446565 19504 fd_channel.cc:149] HandleEvent fd=47 kReadable
I0727 16:57:17.446612 19504 invoke_timer.cc:59] InvokeTimer::OnCanceled tid=140613182179072 this=0x7fe304001a10
I0727 16:57:17.446626 19504 invoke_timer.cc:20] InvokeTimer::~InvokeTimer tid=140613182179072 this=0x7fe304001a10
I0727 16:57:17.446640 19504 event_loop.cc:149] EventLoop::QueueInLoop tid=140613182179072 IsInLoopThread=0
I0727 16:57:17.446660 19504 binary_codec.cc:90] OnResponsePacket SET, opaque=14
I0727 16:57:17.446702 19502 mcpool_test.cc:11] +++++++++++++ OnTestSetDone code=0 test197
I0727 16:57:17.446812 19501 vbucket_config.cc:97] GetVbucketByKey key=test198 hash=1208284458 bucket=298
I0727 16:57:17.446840 19501 event_loop.cc:149] EventLoop::QueueInLoop tid=140613226092416 IsInLoopThread=0
I0727 16:57:17.446871 19502 memcache_client_pool.cc:225] LaunchCommand
I0727 16:57:17.446887 19502 event_loop.cc:149] EventLoop::QueueInLoop tid=140613198964480 IsInLoopThread=0
I0727 16:57:17.446950 19505 vbucket_config.cc:59] SelectServerId selected_server_id=1 last_id=65535
I0727 16:57:17.446975 19505 memcache_client_pool.cc:242] vbucket:298server ip=123.125.160.29:20011
I0727 16:57:17.446995 19505 invoke_timer.cc:59] InvokeTimer::OnCanceled tid=140613173786368 this=0x7fe2f8001a10
I0727 16:57:17.447006 19505 memcache_client.cc:29] InvokeTimer canceled for  123.125.160.29:20011
I0727 16:57:17.447021 19505 invoke_timer.cc:10] InvokeTimer::InvokeTimer tid=140613173786368 this=0x7fe2f80062f0
I0727 16:57:17.447031 19505 invoke_timer.cc:29] InvokeTimer::Start tid=140613173786368 this=0x7fe2f80062f0 refcount=2
I0727 16:57:17.447042 19505 invoke_timer.cc:40] InvokeTimer::AsyncWait tid=140613173786368 this=0x7fe2f80062f0 refcount=2
I0727 16:57:17.447058 19505 invoke_timer.cc:20] InvokeTimer::~InvokeTimer tid=140613173786368 this=0x7fe2f8001a10
I0727 16:57:17.447969 19501 vbucket_config.cc:97] GetVbucketByKey key=test199 hash=203485200 bucket=16
I0727 16:57:17.448001 19501 event_loop.cc:149] EventLoop::QueueInLoop tid=140613226092416 IsInLoopThread=0
I0727 16:57:17.448067 19502 memcache_client_pool.cc:225] LaunchCommand
I0727 16:57:17.448093 19502 event_loop.cc:149] EventLoop::QueueInLoop tid=140613198964480 IsInLoopThread=0
I0727 16:57:17.448161 19506 vbucket_config.cc:59] SelectServerId selected_server_id=1 last_id=65535
I0727 16:57:17.448186 19506 memcache_client_pool.cc:242] vbucket:16server ip=123.125.160.29:20011
I0727 16:57:17.448204 19506 invoke_timer.cc:10] InvokeTimer::InvokeTimer tid=140613165393664 this=0x7fe2fc001a10
I0727 16:57:17.448215 19506 invoke_timer.cc:29] InvokeTimer::Start tid=140613165393664 this=0x7fe2fc001a10 refcount=2
I0727 16:57:17.448226 19506 invoke_timer.cc:40] InvokeTimer::AsyncWait tid=140613165393664 this=0x7fe2fc001a10 refcount=2
I0727 16:57:17.448405 19505 fd_channel.cc:149] HandleEvent fd=42 kReadable
I0727 16:57:17.448459 19505 event_loop.cc:149] EventLoop::QueueInLoop tid=140613173786368 IsInLoopThread=0
I0727 16:57:17.448493 19505 binary_codec.cc:90] OnResponsePacket SET, opaque=5
I0727 16:57:17.448547 19502 mcpool_test.cc:11] +++++++++++++ OnTestSetDone code=0 test194
I0727 16:57:17.448824 19506 fd_channel.cc:149] HandleEvent fd=51 kReadable
I0727 16:57:17.448868 19506 invoke_timer.cc:59] InvokeTimer::OnCanceled tid=140613165393664 this=0x7fe2fc001a10
I0727 16:57:17.448882 19506 invoke_timer.cc:20] InvokeTimer::~InvokeTimer tid=140613165393664 this=0x7fe2fc001a10
I0727 16:57:17.448897 19506 event_loop.cc:149] EventLoop::QueueInLoop tid=140613165393664 IsInLoopThread=0
I0727 16:57:17.448918 19506 binary_codec.cc:90] OnResponsePacket SET, opaque=12
I0727 16:57:17.448972 19502 mcpool_test.cc:11] +++++++++++++ OnTestSetDone code=0 test199
I0727 16:57:17.448982 19505 fd_channel.cc:149] HandleEvent fd=42 kReadable
I0727 16:57:17.449034 19505 invoke_timer.cc:59] InvokeTimer::OnCanceled tid=140613173786368 this=0x7fe2f80062f0
I0727 16:57:17.449049 19505 invoke_timer.cc:20] InvokeTimer::~InvokeTimer tid=140613173786368 this=0x7fe2f80062f0
I0727 16:57:17.449064 19505 event_loop.cc:149] EventLoop::QueueInLoop tid=140613173786368 IsInLoopThread=0
I0727 16:57:17.449084 19505 binary_codec.cc:90] OnResponsePacket SET, opaque=6
I0727 16:57:17.449091 19502 mcpool_test.cc:11] +++++++++++++ OnTestSetDone code=0 test198
I0727 16:57:17.449105 19501 vbucket_config.cc:97] GetVbucketByKey key=test200 hash=65666208 bucket=160
I0727 16:57:17.449132 19501 event_loop.cc:149] EventLoop::QueueInLoop tid=140613226092416 IsInLoopThread=0
I0727 16:57:17.449162 19502 memcache_client_pool.cc:225] LaunchCommand
I0727 16:57:17.449177 19502 event_loop.cc:149] EventLoop::QueueInLoop tid=140613198964480 IsInLoopThread=0
I0727 16:57:17.449242 19503 vbucket_config.cc:59] SelectServerId selected_server_id=4 last_id=65535
I0727 16:57:17.449267 19503 memcache_client_pool.cc:242] vbucket:160server ip=123.125.160.26:20011
I0727 16:57:17.449285 19503 invoke_timer.cc:10] InvokeTimer::InvokeTimer tid=140613190571776 this=0x7fe300001b50
I0727 16:57:17.449295 19503 invoke_timer.cc:29] InvokeTimer::Start tid=140613190571776 this=0x7fe300001b50 refcount=2
I0727 16:57:17.449306 19503 invoke_timer.cc:40] InvokeTimer::AsyncWait tid=140613190571776 this=0x7fe300001b50 refcount=2
I0727 16:57:17.449908 19503 fd_channel.cc:149] HandleEvent fd=41 kReadable
I0727 16:57:17.449959 19503 invoke_timer.cc:59] InvokeTimer::OnCanceled tid=140613190571776 this=0x7fe300001b50
I0727 16:57:17.449973 19503 invoke_timer.cc:20] InvokeTimer::~InvokeTimer tid=140613190571776 this=0x7fe300001b50
I0727 16:57:17.449988 19503 event_loop.cc:149] EventLoop::QueueInLoop tid=140613190571776 IsInLoopThread=0
I0727 16:57:17.450009 19503 binary_codec.cc:90] OnResponsePacket SET, opaque=7
I0727 16:57:17.450037 19502 mcpool_test.cc:11] +++++++++++++ OnTestSetDone code=0 test200
I0727 16:57:17.450235 19501 vbucket_config.cc:97] GetVbucketByKey key=test201 hash=2718318879 bucket=287
I0727 16:57:17.450263 19501 event_loop.cc:149] EventLoop::QueueInLoop tid=140613226092416 IsInLoopThread=0
I0727 16:57:17.450300 19502 memcache_client_pool.cc:225] LaunchCommand
I0727 16:57:17.450317 19502 event_loop.cc:149] EventLoop::QueueInLoop tid=140613198964480 IsInLoopThread=0
I0727 16:57:17.450381 19504 vbucket_config.cc:59] SelectServerId selected_server_id=5 last_id=65535
I0727 16:57:17.450405 19504 memcache_client_pool.cc:242] vbucket:287server ip=123.125.160.25:20011
I0727 16:57:17.450423 19504 invoke_timer.cc:10] InvokeTimer::InvokeTimer tid=140613182179072 this=0x7fe304001a10
I0727 16:57:17.450433 19504 invoke_timer.cc:29] InvokeTimer::Start tid=140613182179072 this=0x7fe304001a10 refcount=2
I0727 16:57:17.450454 19504 invoke_timer.cc:40] InvokeTimer::AsyncWait tid=140613182179072 this=0x7fe304001a10 refcount=2
I0727 16:57:17.451092 19504 fd_channel.cc:149] HandleEvent fd=47 kReadable
I0727 16:57:17.451133 19504 invoke_timer.cc:59] InvokeTimer::OnCanceled tid=140613182179072 this=0x7fe304001a10
I0727 16:57:17.451158 19504 invoke_timer.cc:20] InvokeTimer::~InvokeTimer tid=140613182179072 this=0x7fe304001a10
I0727 16:57:17.451172 19504 event_loop.cc:149] EventLoop::QueueInLoop tid=140613182179072 IsInLoopThread=0
I0727 16:57:17.451192 19504 binary_codec.cc:90] OnResponsePacket SET, opaque=15
I0727 16:57:17.451236 19502 mcpool_test.cc:11] +++++++++++++ OnTestSetDone code=0 test201
I0727 16:57:17.451364 19501 vbucket_config.cc:97] GetVbucketByKey key=test202 hash=2085297949 bucket=797
I0727 16:57:17.451391 19501 event_loop.cc:149] EventLoop::QueueInLoop tid=140613226092416 IsInLoopThread=0
I0727 16:57:17.451462 19502 memcache_client_pool.cc:225] LaunchCommand
I0727 16:57:17.451493 19502 event_loop.cc:149] EventLoop::QueueInLoop tid=140613198964480 IsInLoopThread=0
I0727 16:57:17.451565 19505 vbucket_config.cc:59] SelectServerId selected_server_id=2 last_id=65535
I0727 16:57:17.451591 19505 memcache_client_pool.cc:242] vbucket:797server ip=123.125.160.28:20011
I0727 16:57:17.451625 19505 invoke_timer.cc:10] InvokeTimer::InvokeTimer tid=140613173786368 this=0x7fe2f8001a10
I0727 16:57:17.451644 19505 invoke_timer.cc:29] InvokeTimer::Start tid=140613173786368 this=0x7fe2f8001a10 refcount=2
I0727 16:57:17.451663 19505 invoke_timer.cc:40] InvokeTimer::AsyncWait tid=140613173786368 this=0x7fe2f8001a10 refcount=2
I0727 16:57:17.452365 19505 fd_channel.cc:149] HandleEvent fd=45 kReadable
I0727 16:57:17.452409 19505 invoke_timer.cc:59] InvokeTimer::OnCanceled tid=140613173786368 this=0x7fe2f8001a10
I0727 16:57:17.452424 19505 invoke_timer.cc:20] InvokeTimer::~InvokeTimer tid=140613173786368 this=0x7fe2f8001a10
I0727 16:57:17.452437 19505 event_loop.cc:149] EventLoop::QueueInLoop tid=140613173786368 IsInLoopThread=0
I0727 16:57:17.452489 19505 binary_codec.cc:90] OnResponsePacket SET, opaque=7
I0727 16:57:17.452491 19501 vbucket_config.cc:97] GetVbucketByKey key=test203 hash=2416724893 bucket=925
I0727 16:57:17.452539 19501 event_loop.cc:149] EventLoop::QueueInLoop tid=140613226092416 IsInLoopThread=0
I0727 16:57:17.452543 19502 mcpool_test.cc:11] +++++++++++++ OnTestSetDone code=0 test202
I0727 16:57:17.452575 19502 memcache_client_pool.cc:225] LaunchCommand
I0727 16:57:17.452589 19502 event_loop.cc:149] EventLoop::QueueInLoop tid=140613198964480 IsInLoopThread=0
I0727 16:57:17.452658 19506 vbucket_config.cc:59] SelectServerId selected_server_id=4 last_id=65535
I0727 16:57:17.452683 19506 memcache_client_pool.cc:242] vbucket:925server ip=123.125.160.26:20011
I0727 16:57:17.452702 19506 invoke_timer.cc:10] InvokeTimer::InvokeTimer tid=140613165393664 this=0x7fe2fc001a10
I0727 16:57:17.452725 19506 invoke_timer.cc:29] InvokeTimer::Start tid=140613165393664 this=0x7fe2fc001a10 refcount=2
I0727 16:57:17.452739 19506 invoke_timer.cc:40] InvokeTimer::AsyncWait tid=140613165393664 this=0x7fe2fc001a10 refcount=2
I0727 16:57:17.453310 19506 fd_channel.cc:149] HandleEvent fd=55 kReadable
I0727 16:57:17.453354 19506 invoke_timer.cc:59] InvokeTimer::OnCanceled tid=140613165393664 this=0x7fe2fc001a10
I0727 16:57:17.453368 19506 invoke_timer.cc:20] InvokeTimer::~InvokeTimer tid=140613165393664 this=0x7fe2fc001a10
I0727 16:57:17.453383 19506 event_loop.cc:149] EventLoop::QueueInLoop tid=140613165393664 IsInLoopThread=0
I0727 16:57:17.453404 19506 binary_codec.cc:90] OnResponsePacket SET, opaque=11
I0727 16:57:17.453477 19502 mcpool_test.cc:11] +++++++++++++ OnTestSetDone code=0 test203
I0727 16:57:17.453640 19501 vbucket_config.cc:97] GetVbucketByKey key=test204 hash=2073784205 bucket=909
I0727 16:57:17.453673 19501 event_loop.cc:149] EventLoop::QueueInLoop tid=140613226092416 IsInLoopThread=0
I0727 16:57:17.453717 19502 memcache_client_pool.cc:225] LaunchCommand
I0727 16:57:17.453743 19502 event_loop.cc:149] EventLoop::QueueInLoop tid=140613198964480 IsInLoopThread=0
I0727 16:57:17.453812 19503 vbucket_config.cc:59] SelectServerId selected_server_id=3 last_id=65535
I0727 16:57:17.453837 19503 memcache_client_pool.cc:242] vbucket:909server ip=123.125.160.27:20011
I0727 16:57:17.453855 19503 invoke_timer.cc:10] InvokeTimer::InvokeTimer tid=140613190571776 this=0x7fe300001b50
I0727 16:57:17.453876 19503 invoke_timer.cc:29] InvokeTimer::Start tid=140613190571776 this=0x7fe300001b50 refcount=2
I0727 16:57:17.453888 19503 invoke_timer.cc:40] InvokeTimer::AsyncWait tid=140613190571776 this=0x7fe300001b50 refcount=2
I0727 16:57:17.454519 19503 fd_channel.cc:149] HandleEvent fd=39 kReadable
I0727 16:57:17.454568 19503 invoke_timer.cc:59] InvokeTimer::OnCanceled tid=140613190571776 this=0x7fe300001b50
I0727 16:57:17.454583 19503 invoke_timer.cc:20] InvokeTimer::~InvokeTimer tid=140613190571776 this=0x7fe300001b50
I0727 16:57:17.454597 19503 event_loop.cc:149] EventLoop::QueueInLoop tid=140613190571776 IsInLoopThread=0
I0727 16:57:17.454619 19503 binary_codec.cc:90] OnResponsePacket SET, opaque=20
I0727 16:57:17.454676 19502 mcpool_test.cc:11] +++++++++++++ OnTestSetDone code=0 test204
I0727 16:57:17.454780 19501 vbucket_config.cc:97] GetVbucketByKey key=test205 hash=862933441 bucket=449
I0727 16:57:17.454808 19501 event_loop.cc:149] EventLoop::QueueInLoop tid=140613226092416 IsInLoopThread=0
I0727 16:57:17.454838 19502 memcache_client_pool.cc:225] LaunchCommand
I0727 16:57:17.454854 19502 event_loop.cc:149] EventLoop::QueueInLoop tid=140613198964480 IsInLoopThread=0
I0727 16:57:17.454900 19504 vbucket_config.cc:59] SelectServerId selected_server_id=5 last_id=65535
I0727 16:57:17.454916 19504 memcache_client_pool.cc:242] vbucket:449server ip=123.125.160.25:20011
I0727 16:57:17.454931 19504 invoke_timer.cc:10] InvokeTimer::InvokeTimer tid=140613182179072 this=0x7fe304001a10
I0727 16:57:17.454941 19504 invoke_timer.cc:29] InvokeTimer::Start tid=140613182179072 this=0x7fe304001a10 refcount=2
I0727 16:57:17.454953 19504 invoke_timer.cc:40] InvokeTimer::AsyncWait tid=140613182179072 this=0x7fe304001a10 refcount=2
I0727 16:57:17.455571 19504 fd_channel.cc:149] HandleEvent fd=47 kReadable
I0727 16:57:17.455618 19504 invoke_timer.cc:59] InvokeTimer::OnCanceled tid=140613182179072 this=0x7fe304001a10
I0727 16:57:17.455632 19504 invoke_timer.cc:20] InvokeTimer::~InvokeTimer tid=140613182179072 this=0x7fe304001a10
I0727 16:57:17.455646 19504 event_loop.cc:149] EventLoop::QueueInLoop tid=140613182179072 IsInLoopThread=0
I0727 16:57:17.455667 19504 binary_codec.cc:90] OnResponsePacket SET, opaque=16
I0727 16:57:17.455708 19502 mcpool_test.cc:11] +++++++++++++ OnTestSetDone code=0 test205
I0727 16:57:17.455901 19501 vbucket_config.cc:97] GetVbucketByKey key=test206 hash=301021344 bucket=160
I0727 16:57:17.455919 19501 event_loop.cc:149] EventLoop::QueueInLoop tid=140613226092416 IsInLoopThread=0
I0727 16:57:17.455981 19502 memcache_client_pool.cc:225] LaunchCommand
I0727 16:57:17.456007 19502 event_loop.cc:149] EventLoop::QueueInLoop tid=140613198964480 IsInLoopThread=0
I0727 16:57:17.456049 19505 vbucket_config.cc:59] SelectServerId selected_server_id=1 last_id=65535
I0727 16:57:17.456068 19505 memcache_client_pool.cc:242] vbucket:160server ip=123.125.160.29:20011
I0727 16:57:17.456084 19505 invoke_timer.cc:10] InvokeTimer::InvokeTimer tid=140613173786368 this=0x7fe2f8001a10
I0727 16:57:17.456094 19505 invoke_timer.cc:29] InvokeTimer::Start tid=140613173786368 this=0x7fe2f8001a10 refcount=2
I0727 16:57:17.456106 19505 invoke_timer.cc:40] InvokeTimer::AsyncWait tid=140613173786368 this=0x7fe2f8001a10 refcount=2
I0727 16:57:17.456745 19505 fd_channel.cc:149] HandleEvent fd=42 kReadable
I0727 16:57:17.456823 19505 invoke_timer.cc:59] InvokeTimer::OnCanceled tid=140613173786368 this=0x7fe2f8001a10
I0727 16:57:17.456847 19505 invoke_timer.cc:20] InvokeTimer::~InvokeTimer tid=140613173786368 this=0x7fe2f8001a10
I0727 16:57:17.456871 19505 event_loop.cc:149] EventLoop::QueueInLoop tid=140613173786368 IsInLoopThread=0
I0727 16:57:17.456904 19505 binary_codec.cc:90] OnResponsePacket SET, opaque=7
I0727 16:57:17.456971 19502 mcpool_test.cc:11] +++++++++++++ OnTestSetDone code=0 test206
I0727 16:57:17.457033 19501 vbucket_config.cc:97] GetVbucketByKey key=test207 hash=2459491857 bucket=529
I0727 16:57:17.457062 19501 event_loop.cc:149] EventLoop::QueueInLoop tid=140613226092416 IsInLoopThread=0
I0727 16:57:17.457103 19502 memcache_client_pool.cc:225] LaunchCommand
I0727 16:57:17.457118 19502 event_loop.cc:149] EventLoop::QueueInLoop tid=140613198964480 IsInLoopThread=0
I0727 16:57:17.457159 19506 vbucket_config.cc:59] SelectServerId selected_server_id=4 last_id=65535
I0727 16:57:17.457178 19506 memcache_client_pool.cc:242] vbucket:529server ip=123.125.160.26:20011
I0727 16:57:17.457195 19506 invoke_timer.cc:10] InvokeTimer::InvokeTimer tid=140613165393664 this=0x7fe2fc001a10
I0727 16:57:17.457206 19506 invoke_timer.cc:29] InvokeTimer::Start tid=140613165393664 this=0x7fe2fc001a10 refcount=2
I0727 16:57:17.457217 19506 invoke_timer.cc:40] InvokeTimer::AsyncWait tid=140613165393664 this=0x7fe2fc001a10 refcount=2
I0727 16:57:17.457833 19506 fd_channel.cc:149] HandleEvent fd=55 kReadable
I0727 16:57:17.457882 19506 invoke_timer.cc:59] InvokeTimer::OnCanceled tid=140613165393664 this=0x7fe2fc001a10
I0727 16:57:17.457897 19506 invoke_timer.cc:20] InvokeTimer::~InvokeTimer tid=140613165393664 this=0x7fe2fc001a10
I0727 16:57:17.457912 19506 event_loop.cc:149] EventLoop::QueueInLoop tid=140613165393664 IsInLoopThread=0
I0727 16:57:17.457933 19506 binary_codec.cc:90] OnResponsePacket SET, opaque=12
I0727 16:57:17.457978 19502 mcpool_test.cc:11] +++++++++++++ OnTestSetDone code=0 test207
I0727 16:57:17.458175 19501 vbucket_config.cc:97] GetVbucketByKey key=test208 hash=2233915436 bucket=44
I0727 16:57:17.458216 19501 event_loop.cc:149] EventLoop::QueueInLoop tid=140613226092416 IsInLoopThread=0
I0727 16:57:17.458277 19502 memcache_client_pool.cc:225] LaunchCommand
I0727 16:57:17.458303 19502 event_loop.cc:149] EventLoop::QueueInLoop tid=140613198964480 IsInLoopThread=0
I0727 16:57:17.458374 19503 vbucket_config.cc:59] SelectServerId selected_server_id=5 last_id=65535
I0727 16:57:17.458398 19503 memcache_client_pool.cc:242] vbucket:44server ip=123.125.160.25:20011
I0727 16:57:17.458415 19503 invoke_timer.cc:10] InvokeTimer::InvokeTimer tid=140613190571776 this=0x7fe300001b50
I0727 16:57:17.458425 19503 invoke_timer.cc:29] InvokeTimer::Start tid=140613190571776 this=0x7fe300001b50 refcount=2
I0727 16:57:17.458437 19503 invoke_timer.cc:40] InvokeTimer::AsyncWait tid=140613190571776 this=0x7fe300001b50 refcount=2
I0727 16:57:17.459074 19503 fd_channel.cc:149] HandleEvent fd=44 kReadable
I0727 16:57:17.459159 19503 invoke_timer.cc:59] InvokeTimer::OnCanceled tid=140613190571776 this=0x7fe300001b50
I0727 16:57:17.459184 19503 invoke_timer.cc:20] InvokeTimer::~InvokeTimer tid=140613190571776 this=0x7fe300001b50
I0727 16:57:17.459208 19503 event_loop.cc:149] EventLoop::QueueInLoop tid=140613190571776 IsInLoopThread=0
I0727 16:57:17.459241 19503 binary_codec.cc:90] OnResponsePacket SET, opaque=9
I0727 16:57:17.459301 19502 mcpool_test.cc:11] +++++++++++++ OnTestSetDone code=0 test208
I0727 16:57:17.459343 19501 vbucket_config.cc:97] GetVbucketByKey key=test209 hash=2029671438 bucket=14
I0727 16:57:17.459372 19501 event_loop.cc:149] EventLoop::QueueInLoop tid=140613226092416 IsInLoopThread=0
I0727 16:57:17.459403 19502 memcache_client_pool.cc:225] LaunchCommand
I0727 16:57:17.459419 19502 event_loop.cc:149] EventLoop::QueueInLoop tid=140613198964480 IsInLoopThread=0
I0727 16:57:17.459484 19504 vbucket_config.cc:59] SelectServerId selected_server_id=5 last_id=65535
I0727 16:57:17.459516 19504 memcache_client_pool.cc:242] vbucket:14server ip=123.125.160.25:20011
I0727 16:57:17.459533 19504 invoke_timer.cc:10] InvokeTimer::InvokeTimer tid=140613182179072 this=0x7fe304001a10
I0727 16:57:17.459544 19504 invoke_timer.cc:29] InvokeTimer::Start tid=140613182179072 this=0x7fe304001a10 refcount=2
I0727 16:57:17.459556 19504 invoke_timer.cc:40] InvokeTimer::AsyncWait tid=140613182179072 this=0x7fe304001a10 refcount=2
I0727 16:57:17.460206 19504 fd_channel.cc:149] HandleEvent fd=47 kReadable
I0727 16:57:17.460248 19504 invoke_timer.cc:59] InvokeTimer::OnCanceled tid=140613182179072 this=0x7fe304001a10
I0727 16:57:17.460261 19504 invoke_timer.cc:20] InvokeTimer::~InvokeTimer tid=140613182179072 this=0x7fe304001a10
I0727 16:57:17.460286 19504 event_loop.cc:149] EventLoop::QueueInLoop tid=140613182179072 IsInLoopThread=0
I0727 16:57:17.460309 19504 binary_codec.cc:90] OnResponsePacket SET, opaque=17
I0727 16:57:17.460357 19502 mcpool_test.cc:11] +++++++++++++ OnTestSetDone code=0 test209
I0727 16:57:17.460489 19501 vbucket_config.cc:97] GetVbucketByKey key=test210 hash=832411378 bucket=754
I0727 16:57:17.460522 19501 event_loop.cc:149] EventLoop::QueueInLoop tid=140613226092416 IsInLoopThread=0
I0727 16:57:17.460587 19502 memcache_client_pool.cc:225] LaunchCommand
I0727 16:57:17.460613 19502 event_loop.cc:149] EventLoop::QueueInLoop tid=140613198964480 IsInLoopThread=0
I0727 16:57:17.460690 19505 vbucket_config.cc:59] SelectServerId selected_server_id=4 last_id=65535
I0727 16:57:17.460716 19505 memcache_client_pool.cc:242] vbucket:754server ip=123.125.160.26:20011
I0727 16:57:17.460750 19505 invoke_timer.cc:10] InvokeTimer::InvokeTimer tid=140613173786368 this=0x7fe2f8001a10
I0727 16:57:17.460769 19505 invoke_timer.cc:29] InvokeTimer::Start tid=140613173786368 this=0x7fe2f8001a10 refcount=2
I0727 16:57:17.460788 19505 invoke_timer.cc:40] InvokeTimer::AsyncWait tid=140613173786368 this=0x7fe2f8001a10 refcount=2
I0727 16:57:17.461415 19505 fd_channel.cc:149] HandleEvent fd=50 kReadable
I0727 16:57:17.461535 19505 invoke_timer.cc:59] InvokeTimer::OnCanceled tid=140613173786368 this=0x7fe2f8001a10
I0727 16:57:17.461570 19505 invoke_timer.cc:20] InvokeTimer::~InvokeTimer tid=140613173786368 this=0x7fe2f8001a10
I0727 16:57:17.461585 19505 event_loop.cc:149] EventLoop::QueueInLoop tid=140613173786368 IsInLoopThread=0
I0727 16:57:17.461606 19505 binary_codec.cc:90] OnResponsePacket SET, opaque=13
I0727 16:57:17.461619 19501 vbucket_config.cc:97] GetVbucketByKey key=test211 hash=417753297 bucket=209
I0727 16:57:17.461624 19502 mcpool_test.cc:11] +++++++++++++ OnTestSetDone code=0 test210
I0727 16:57:17.461654 19501 event_loop.cc:149] EventLoop::QueueInLoop tid=140613226092416 IsInLoopThread=0
I0727 16:57:17.461684 19502 memcache_client_pool.cc:225] LaunchCommand
I0727 16:57:17.461699 19502 event_loop.cc:149] EventLoop::QueueInLoop tid=140613198964480 IsInLoopThread=0
I0727 16:57:17.461766 19506 vbucket_config.cc:59] SelectServerId selected_server_id=2 last_id=65535
I0727 16:57:17.461791 19506 memcache_client_pool.cc:242] vbucket:209server ip=123.125.160.28:20011
I0727 16:57:17.461807 19506 invoke_timer.cc:10] InvokeTimer::InvokeTimer tid=140613165393664 this=0x7fe2fc001a10
I0727 16:57:17.461818 19506 invoke_timer.cc:29] InvokeTimer::Start tid=140613165393664 this=0x7fe2fc001a10 refcount=2
I0727 16:57:17.461830 19506 invoke_timer.cc:40] InvokeTimer::AsyncWait tid=140613165393664 this=0x7fe2fc001a10 refcount=2
I0727 16:57:17.462543 19506 fd_channel.cc:149] HandleEvent fd=53 kReadable
I0727 16:57:17.462625 19506 invoke_timer.cc:59] InvokeTimer::OnCanceled tid=140613165393664 this=0x7fe2fc001a10
I0727 16:57:17.462651 19506 invoke_timer.cc:20] InvokeTimer::~InvokeTimer tid=140613165393664 this=0x7fe2fc001a10
I0727 16:57:17.462673 19506 event_loop.cc:149] EventLoop::QueueInLoop tid=140613165393664 IsInLoopThread=0
I0727 16:57:17.462707 19506 binary_codec.cc:90] OnResponsePacket SET, opaque=7
I0727 16:57:17.462779 19502 mcpool_test.cc:11] +++++++++++++ OnTestSetDone code=0 test211
I0727 16:57:17.462780 19501 vbucket_config.cc:97] GetVbucketByKey key=test212 hash=3023045907 bucket=275
I0727 16:57:17.462823 19501 event_loop.cc:149] EventLoop::QueueInLoop tid=140613226092416 IsInLoopThread=0
I0727 16:57:17.462855 19502 memcache_client_pool.cc:225] LaunchCommand
I0727 16:57:17.462872 19502 event_loop.cc:149] EventLoop::QueueInLoop tid=140613198964480 IsInLoopThread=0
I0727 16:57:17.462908 19503 vbucket_config.cc:59] SelectServerId selected_server_id=2 last_id=65535
I0727 16:57:17.462924 19503 memcache_client_pool.cc:242] vbucket:275server ip=123.125.160.28:20011
I0727 16:57:17.462939 19503 invoke_timer.cc:10] InvokeTimer::InvokeTimer tid=140613190571776 this=0x7fe300001b50
I0727 16:57:17.462949 19503 invoke_timer.cc:29] InvokeTimer::Start tid=140613190571776 this=0x7fe300001b50 refcount=2
I0727 16:57:17.462970 19503 invoke_timer.cc:40] InvokeTimer::AsyncWait tid=140613190571776 this=0x7fe300001b50 refcount=2
I0727 16:57:17.463667 19503 fd_channel.cc:149] HandleEvent fd=37 kReadable
I0727 16:57:17.463721 19503 invoke_timer.cc:59] InvokeTimer::OnCanceled tid=140613190571776 this=0x7fe300001b50
I0727 16:57:17.463737 19503 invoke_timer.cc:20] InvokeTimer::~InvokeTimer tid=140613190571776 this=0x7fe300001b50
I0727 16:57:17.463750 19503 event_loop.cc:149] EventLoop::QueueInLoop tid=140613190571776 IsInLoopThread=0
I0727 16:57:17.463788 19503 binary_codec.cc:90] OnResponsePacket SET, opaque=7
I0727 16:57:17.463860 19502 mcpool_test.cc:11] +++++++++++++ OnTestSetDone code=0 test212
I0727 16:57:17.463933 19501 vbucket_config.cc:97] GetVbucketByKey key=test213 hash=2596689073 bucket=177
I0727 16:57:17.463954 19501 event_loop.cc:149] EventLoop::QueueInLoop tid=140613226092416 IsInLoopThread=0
I0727 16:57:17.463982 19502 memcache_client_pool.cc:225] LaunchCommand
I0727 16:57:17.463999 19502 event_loop.cc:149] EventLoop::QueueInLoop tid=140613198964480 IsInLoopThread=0
I0727 16:57:17.464064 19504 vbucket_config.cc:59] SelectServerId selected_server_id=3 last_id=65535
I0727 16:57:17.464089 19504 memcache_client_pool.cc:242] vbucket:177server ip=123.125.160.27:20011
I0727 16:57:17.464107 19504 invoke_timer.cc:10] InvokeTimer::InvokeTimer tid=140613182179072 this=0x7fe304001a10
I0727 16:57:17.464117 19504 invoke_timer.cc:29] InvokeTimer::Start tid=140613182179072 this=0x7fe304001a10 refcount=2
I0727 16:57:17.464128 19504 invoke_timer.cc:40] InvokeTimer::AsyncWait tid=140613182179072 this=0x7fe304001a10 refcount=2
I0727 16:57:17.464766 19504 fd_channel.cc:149] HandleEvent fd=43 kReadable
I0727 16:57:17.464814 19504 invoke_timer.cc:59] InvokeTimer::OnCanceled tid=140613182179072 this=0x7fe304001a10
I0727 16:57:17.464828 19504 invoke_timer.cc:20] InvokeTimer::~InvokeTimer tid=140613182179072 this=0x7fe304001a10
I0727 16:57:17.464843 19504 event_loop.cc:149] EventLoop::QueueInLoop tid=140613182179072 IsInLoopThread=0
I0727 16:57:17.464879 19504 binary_codec.cc:90] OnResponsePacket SET, opaque=18
I0727 16:57:17.464932 19502 mcpool_test.cc:11] +++++++++++++ OnTestSetDone code=0 test213
I0727 16:57:17.465054 19501 vbucket_config.cc:97] GetVbucketByKey key=test214 hash=1382742171 bucket=155
I0727 16:57:17.465082 19501 event_loop.cc:149] EventLoop::QueueInLoop tid=140613226092416 IsInLoopThread=0
I0727 16:57:17.465112 19502 memcache_client_pool.cc:225] LaunchCommand
I0727 16:57:17.465128 19502 event_loop.cc:149] EventLoop::QueueInLoop tid=140613198964480 IsInLoopThread=0
I0727 16:57:17.465170 19505 vbucket_config.cc:59] SelectServerId selected_server_id=5 last_id=65535
I0727 16:57:17.465188 19505 memcache_client_pool.cc:242] vbucket:155server ip=123.125.160.25:20011
I0727 16:57:17.465205 19505 invoke_timer.cc:10] InvokeTimer::InvokeTimer tid=140613173786368 this=0x7fe2f8001a10
I0727 16:57:17.465215 19505 invoke_timer.cc:29] InvokeTimer::Start tid=140613173786368 this=0x7fe2f8001a10 refcount=2
I0727 16:57:17.465227 19505 invoke_timer.cc:40] InvokeTimer::AsyncWait tid=140613173786368 this=0x7fe2f8001a10 refcount=2
I0727 16:57:17.465893 19505 fd_channel.cc:149] HandleEvent fd=52 kReadable
I0727 16:57:17.465940 19505 invoke_timer.cc:59] InvokeTimer::OnCanceled tid=140613173786368 this=0x7fe2f8001a10
I0727 16:57:17.465955 19505 invoke_timer.cc:20] InvokeTimer::~InvokeTimer tid=140613173786368 this=0x7fe2f8001a10
I0727 16:57:17.465968 19505 event_loop.cc:149] EventLoop::QueueInLoop tid=140613173786368 IsInLoopThread=0
I0727 16:57:17.465989 19505 binary_codec.cc:90] OnResponsePacket SET, opaque=12
I0727 16:57:17.466032 19502 mcpool_test.cc:11] +++++++++++++ OnTestSetDone code=0 test214
I0727 16:57:17.466184 19501 vbucket_config.cc:97] GetVbucketByKey key=test215 hash=1999757588 bucket=276
I0727 16:57:17.466212 19501 event_loop.cc:149] EventLoop::QueueInLoop tid=140613226092416 IsInLoopThread=0
I0727 16:57:17.466243 19502 memcache_client_pool.cc:225] LaunchCommand
I0727 16:57:17.466269 19502 event_loop.cc:149] EventLoop::QueueInLoop tid=140613198964480 IsInLoopThread=0
I0727 16:57:17.466312 19506 vbucket_config.cc:59] SelectServerId selected_server_id=3 last_id=65535
I0727 16:57:17.466331 19506 memcache_client_pool.cc:242] vbucket:276server ip=123.125.160.27:20011
I0727 16:57:17.466347 19506 invoke_timer.cc:10] InvokeTimer::InvokeTimer tid=140613165393664 this=0x7fe2fc001a10
I0727 16:57:17.466357 19506 invoke_timer.cc:29] InvokeTimer::Start tid=140613165393664 this=0x7fe2fc001a10 refcount=2
I0727 16:57:17.466369 19506 invoke_timer.cc:40] InvokeTimer::AsyncWait tid=140613165393664 this=0x7fe2fc001a10 refcount=2
I0727 16:57:17.466966 19506 fd_channel.cc:149] HandleEvent fd=54 kReadable
I0727 16:57:17.467012 19506 invoke_timer.cc:59] InvokeTimer::OnCanceled tid=140613165393664 this=0x7fe2fc001a10
I0727 16:57:17.467027 19506 invoke_timer.cc:20] InvokeTimer::~InvokeTimer tid=140613165393664 this=0x7fe2fc001a10
I0727 16:57:17.467041 19506 event_loop.cc:149] EventLoop::QueueInLoop tid=140613165393664 IsInLoopThread=0
I0727 16:57:17.467072 19506 binary_codec.cc:90] OnResponsePacket SET, opaque=13
I0727 16:57:17.467113 19502 mcpool_test.cc:11] +++++++++++++ OnTestSetDone code=0 test215
I0727 16:57:17.467316 19501 vbucket_config.cc:97] GetVbucketByKey key=test216 hash=2965083317 bucket=181
I0727 16:57:17.467357 19501 event_loop.cc:149] EventLoop::QueueInLoop tid=140613226092416 IsInLoopThread=0
I0727 16:57:17.467418 19502 memcache_client_pool.cc:225] LaunchCommand
I0727 16:57:17.467455 19502 event_loop.cc:149] EventLoop::QueueInLoop tid=140613198964480 IsInLoopThread=0
I0727 16:57:17.467504 19503 vbucket_config.cc:59] SelectServerId selected_server_id=1 last_id=65535
I0727 16:57:17.467524 19503 memcache_client_pool.cc:242] vbucket:181server ip=123.125.160.29:20011
I0727 16:57:17.467540 19503 invoke_timer.cc:10] InvokeTimer::InvokeTimer tid=140613190571776 this=0x7fe300001b50
I0727 16:57:17.467550 19503 invoke_timer.cc:29] InvokeTimer::Start tid=140613190571776 this=0x7fe300001b50 refcount=2
I0727 16:57:17.467562 19503 invoke_timer.cc:40] InvokeTimer::AsyncWait tid=140613190571776 this=0x7fe300001b50 refcount=2
I0727 16:57:17.468190 19503 fd_channel.cc:149] HandleEvent fd=35 kReadable
I0727 16:57:17.468232 19503 invoke_timer.cc:59] InvokeTimer::OnCanceled tid=140613190571776 this=0x7fe300001b50
I0727 16:57:17.468245 19503 invoke_timer.cc:20] InvokeTimer::~InvokeTimer tid=140613190571776 this=0x7fe300001b50
I0727 16:57:17.468260 19503 event_loop.cc:149] EventLoop::QueueInLoop tid=140613190571776 IsInLoopThread=0
I0727 16:57:17.468279 19503 binary_codec.cc:90] OnResponsePacket SET, opaque=10
I0727 16:57:17.468307 19502 mcpool_test.cc:11] +++++++++++++ OnTestSetDone code=0 test216
I0727 16:57:17.468483 19501 vbucket_config.cc:97] GetVbucketByKey key=test217 hash=1540354112 bucket=64
I0727 16:57:17.468516 19501 event_loop.cc:149] EventLoop::QueueInLoop tid=140613226092416 IsInLoopThread=0
I0727 16:57:17.468580 19502 memcache_client_pool.cc:225] LaunchCommand
I0727 16:57:17.468607 19502 event_loop.cc:149] EventLoop::QueueInLoop tid=140613198964480 IsInLoopThread=0
I0727 16:57:17.468711 19504 vbucket_config.cc:59] SelectServerId selected_server_id=4 last_id=65535
I0727 16:57:17.468737 19504 memcache_client_pool.cc:242] vbucket:64server ip=123.125.160.26:20011
I0727 16:57:17.468755 19504 invoke_timer.cc:10] InvokeTimer::InvokeTimer tid=140613182179072 this=0x7fe304001a10
I0727 16:57:17.468766 19504 invoke_timer.cc:29] InvokeTimer::Start tid=140613182179072 this=0x7fe304001a10 refcount=2
I0727 16:57:17.468780 19504 invoke_timer.cc:40] InvokeTimer::AsyncWait tid=140613182179072 this=0x7fe304001a10 refcount=2
I0727 16:57:17.469429 19504 fd_channel.cc:149] HandleEvent fd=46 kReadable
I0727 16:57:17.469488 19504 invoke_timer.cc:59] InvokeTimer::OnCanceled tid=140613182179072 this=0x7fe304001a10
I0727 16:57:17.469503 19504 invoke_timer.cc:20] InvokeTimer::~InvokeTimer tid=140613182179072 this=0x7fe304001a10
I0727 16:57:17.469517 19504 event_loop.cc:149] EventLoop::QueueInLoop tid=140613182179072 IsInLoopThread=0
I0727 16:57:17.469548 19504 binary_codec.cc:90] OnResponsePacket SET, opaque=9
I0727 16:57:17.469591 19502 mcpool_test.cc:11] +++++++++++++ OnTestSetDone code=0 test217
I0727 16:57:17.469619 19501 vbucket_config.cc:97] GetVbucketByKey key=test218 hash=1363727335 bucket=999
I0727 16:57:17.469647 19501 event_loop.cc:149] EventLoop::QueueInLoop tid=140613226092416 IsInLoopThread=0
I0727 16:57:17.469677 19502 memcache_client_pool.cc:225] LaunchCommand
I0727 16:57:17.469693 19502 event_loop.cc:149] EventLoop::QueueInLoop tid=140613198964480 IsInLoopThread=0
I0727 16:57:17.469760 19505 vbucket_config.cc:59] SelectServerId selected_server_id=3 last_id=65535
I0727 16:57:17.469785 19505 memcache_client_pool.cc:242] vbucket:999server ip=123.125.160.27:20011
I0727 16:57:17.469802 19505 invoke_timer.cc:10] InvokeTimer::InvokeTimer tid=140613173786368 this=0x7fe2f8001a10
I0727 16:57:17.469813 19505 invoke_timer.cc:29] InvokeTimer::Start tid=140613173786368 this=0x7fe2f8001a10 refcount=2
I0727 16:57:17.469825 19505 invoke_timer.cc:40] InvokeTimer::AsyncWait tid=140613173786368 this=0x7fe2f8001a10 refcount=2
I0727 16:57:17.470463 19505 fd_channel.cc:149] HandleEvent fd=48 kReadable
I0727 16:57:17.470563 19505 invoke_timer.cc:59] InvokeTimer::OnCanceled tid=140613173786368 this=0x7fe2f8001a10
I0727 16:57:17.470577 19505 invoke_timer.cc:20] InvokeTimer::~InvokeTimer tid=140613173786368 this=0x7fe2f8001a10
I0727 16:57:17.470597 19505 event_loop.cc:149] EventLoop::QueueInLoop tid=140613173786368 IsInLoopThread=0
I0727 16:57:17.470616 19505 binary_codec.cc:90] OnResponsePacket SET, opaque=14
I0727 16:57:17.470634 19502 mcpool_test.cc:11] +++++++++++++ OnTestSetDone code=0 test218
I0727 16:57:17.470746 19501 vbucket_config.cc:97] GetVbucketByKey key=test219 hash=550427037 bucket=413
I0727 16:57:17.470774 19501 event_loop.cc:149] EventLoop::QueueInLoop tid=140613226092416 IsInLoopThread=0
I0727 16:57:17.470804 19502 memcache_client_pool.cc:225] LaunchCommand
I0727 16:57:17.470820 19502 event_loop.cc:149] EventLoop::QueueInLoop tid=140613198964480 IsInLoopThread=0
I0727 16:57:17.470860 19506 vbucket_config.cc:59] SelectServerId selected_server_id=2 last_id=65535
I0727 16:57:17.470880 19506 memcache_client_pool.cc:242] vbucket:413server ip=123.125.160.28:20011
I0727 16:57:17.470896 19506 invoke_timer.cc:10] InvokeTimer::InvokeTimer tid=140613165393664 this=0x7fe2fc001a10
I0727 16:57:17.470906 19506 invoke_timer.cc:29] InvokeTimer::Start tid=140613165393664 this=0x7fe2fc001a10 refcount=2
I0727 16:57:17.470918 19506 invoke_timer.cc:40] InvokeTimer::AsyncWait tid=140613165393664 this=0x7fe2fc001a10 refcount=2
I0727 16:57:17.471626 19506 fd_channel.cc:149] HandleEvent fd=53 kReadable
I0727 16:57:17.471704 19506 invoke_timer.cc:59] InvokeTimer::OnCanceled tid=140613165393664 this=0x7fe2fc001a10
I0727 16:57:17.471729 19506 invoke_timer.cc:20] InvokeTimer::~InvokeTimer tid=140613165393664 this=0x7fe2fc001a10
I0727 16:57:17.471751 19506 event_loop.cc:149] EventLoop::QueueInLoop tid=140613165393664 IsInLoopThread=0
I0727 16:57:17.471787 19506 binary_codec.cc:90] OnResponsePacket SET, opaque=8
I0727 16:57:17.471817 19502 mcpool_test.cc:11] +++++++++++++ OnTestSetDone code=0 test219
I0727 16:57:17.471899 19501 vbucket_config.cc:97] GetVbucketByKey key=test220 hash=3365108003 bucket=291
I0727 16:57:17.471927 19501 event_loop.cc:149] EventLoop::QueueInLoop tid=140613226092416 IsInLoopThread=0
I0727 16:57:17.471957 19502 memcache_client_pool.cc:225] LaunchCommand
I0727 16:57:17.471972 19502 event_loop.cc:149] EventLoop::QueueInLoop tid=140613198964480 IsInLoopThread=0
I0727 16:57:17.472038 19503 vbucket_config.cc:59] SelectServerId selected_server_id=0 last_id=65535
I0727 16:57:17.472061 19503 memcache_client_pool.cc:242] vbucket:291server ip=123.125.160.30:20011
I0727 16:57:17.472079 19503 invoke_timer.cc:10] InvokeTimer::InvokeTimer tid=140613190571776 this=0x7fe300001b50
I0727 16:57:17.472090 19503 invoke_timer.cc:29] InvokeTimer::Start tid=140613190571776 this=0x7fe300001b50 refcount=2
I0727 16:57:17.472101 19503 invoke_timer.cc:40] InvokeTimer::AsyncWait tid=140613190571776 this=0x7fe300001b50 refcount=2
I0727 16:57:17.472769 19503 fd_channel.cc:149] HandleEvent fd=33 kReadable
I0727 16:57:17.472848 19503 invoke_timer.cc:59] InvokeTimer::OnCanceled tid=140613190571776 this=0x7fe300001b50
I0727 16:57:17.472872 19503 invoke_timer.cc:20] InvokeTimer::~InvokeTimer tid=140613190571776 this=0x7fe300001b50
I0727 16:57:17.472895 19503 event_loop.cc:149] EventLoop::QueueInLoop tid=140613190571776 IsInLoopThread=0
I0727 16:57:17.472929 19503 binary_codec.cc:90] OnResponsePacket SET, opaque=3
I0727 16:57:17.472990 19502 mcpool_test.cc:11] +++++++++++++ OnTestSetDone code=0 test220
I0727 16:57:17.473055 19501 vbucket_config.cc:97] GetVbucketByKey key=test221 hash=992876359 bucket=839
I0727 16:57:17.473083 19501 event_loop.cc:149] EventLoop::QueueInLoop tid=140613226092416 IsInLoopThread=0
I0727 16:57:17.473114 19502 memcache_client_pool.cc:225] LaunchCommand
I0727 16:57:17.473129 19502 event_loop.cc:149] EventLoop::QueueInLoop tid=140613198964480 IsInLoopThread=0
I0727 16:57:17.473196 19504 vbucket_config.cc:59] SelectServerId selected_server_id=2 last_id=65535
I0727 16:57:17.473222 19504 memcache_client_pool.cc:242] vbucket:839server ip=123.125.160.28:20011
I0727 16:57:17.473239 19504 invoke_timer.cc:10] InvokeTimer::InvokeTimer tid=140613182179072 this=0x7fe304001a10
I0727 16:57:17.473250 19504 invoke_timer.cc:29] InvokeTimer::Start tid=140613182179072 this=0x7fe304001a10 refcount=2
I0727 16:57:17.473263 19504 invoke_timer.cc:40] InvokeTimer::AsyncWait tid=140613182179072 this=0x7fe304001a10 refcount=2
I0727 16:57:17.473953 19504 fd_channel.cc:149] HandleEvent fd=40 kReadable
I0727 16:57:17.474006 19504 invoke_timer.cc:59] InvokeTimer::OnCanceled tid=140613182179072 this=0x7fe304001a10
I0727 16:57:17.474035 19504 invoke_timer.cc:20] InvokeTimer::~InvokeTimer tid=140613182179072 this=0x7fe304001a10
I0727 16:57:17.474048 19504 event_loop.cc:149] EventLoop::QueueInLoop tid=140613182179072 IsInLoopThread=0
I0727 16:57:17.474068 19504 binary_codec.cc:90] OnResponsePacket SET, opaque=3
I0727 16:57:17.474110 19502 mcpool_test.cc:11] +++++++++++++ OnTestSetDone code=0 test221
I0727 16:57:17.474185 19501 vbucket_config.cc:97] GetVbucketByKey key=test222 hash=318627406 bucket=590
I0727 16:57:17.474212 19501 event_loop.cc:149] EventLoop::QueueInLoop tid=140613226092416 IsInLoopThread=0
I0727 16:57:17.474242 19502 memcache_client_pool.cc:225] LaunchCommand
I0727 16:57:17.474258 19502 event_loop.cc:149] EventLoop::QueueInLoop tid=140613198964480 IsInLoopThread=0
I0727 16:57:17.474300 19505 vbucket_config.cc:59] SelectServerId selected_server_id=2 last_id=65535
I0727 16:57:17.474318 19505 memcache_client_pool.cc:242] vbucket:590server ip=123.125.160.28:20011
I0727 16:57:17.474335 19505 invoke_timer.cc:10] InvokeTimer::InvokeTimer tid=140613173786368 this=0x7fe2f8001a10
I0727 16:57:17.474345 19505 invoke_timer.cc:29] InvokeTimer::Start tid=140613173786368 this=0x7fe2f8001a10 refcount=2
I0727 16:57:17.474357 19505 invoke_timer.cc:40] InvokeTimer::AsyncWait tid=140613173786368 this=0x7fe2f8001a10 refcount=2
I0727 16:57:17.475029 19505 fd_channel.cc:149] HandleEvent fd=45 kReadable
I0727 16:57:17.475107 19505 invoke_timer.cc:59] InvokeTimer::OnCanceled tid=140613173786368 this=0x7fe2f8001a10
I0727 16:57:17.475131 19505 invoke_timer.cc:20] InvokeTimer::~InvokeTimer tid=140613173786368 this=0x7fe2f8001a10
I0727 16:57:17.475154 19505 event_loop.cc:149] EventLoop::QueueInLoop tid=140613173786368 IsInLoopThread=0
I0727 16:57:17.475188 19505 binary_codec.cc:90] OnResponsePacket SET, opaque=8
I0727 16:57:17.475220 19502 mcpool_test.cc:11] +++++++++++++ OnTestSetDone code=0 test222
I0727 16:57:17.475334 19501 vbucket_config.cc:97] GetVbucketByKey key=test223 hash=1018015433 bucket=713
I0727 16:57:17.475355 19501 event_loop.cc:149] EventLoop::QueueInLoop tid=140613226092416 IsInLoopThread=0
I0727 16:57:17.475397 19502 memcache_client_pool.cc:225] LaunchCommand
I0727 16:57:17.475414 19502 event_loop.cc:149] EventLoop::QueueInLoop tid=140613198964480 IsInLoopThread=0
I0727 16:57:17.475466 19506 vbucket_config.cc:59] SelectServerId selected_server_id=5 last_id=65535
I0727 16:57:17.475512 19506 memcache_client_pool.cc:242] vbucket:713server ip=123.125.160.25:20011
I0727 16:57:17.475533 19506 invoke_timer.cc:10] InvokeTimer::InvokeTimer tid=140613165393664 this=0x7fe2fc001a10
I0727 16:57:17.475545 19506 invoke_timer.cc:29] InvokeTimer::Start tid=140613165393664 this=0x7fe2fc001a10 refcount=2
I0727 16:57:17.475559 19506 invoke_timer.cc:40] InvokeTimer::AsyncWait tid=140613165393664 this=0x7fe2fc001a10 refcount=2
I0727 16:57:17.476214 19506 fd_channel.cc:149] HandleEvent fd=56 kReadable
I0727 16:57:17.476258 19506 invoke_timer.cc:59] InvokeTimer::OnCanceled tid=140613165393664 this=0x7fe2fc001a10
I0727 16:57:17.476272 19506 invoke_timer.cc:20] InvokeTimer::~InvokeTimer tid=140613165393664 this=0x7fe2fc001a10
I0727 16:57:17.476287 19506 event_loop.cc:149] EventLoop::QueueInLoop tid=140613165393664 IsInLoopThread=0
I0727 16:57:17.476310 19506 binary_codec.cc:90] OnResponsePacket SET, opaque=9
I0727 16:57:17.476323 19502 mcpool_test.cc:11] +++++++++++++ OnTestSetDone code=0 test223
I0727 16:57:17.476480 19501 vbucket_config.cc:97] GetVbucketByKey key=test224 hash=2069184156 bucket=668
I0727 16:57:17.476513 19501 event_loop.cc:149] EventLoop::QueueInLoop tid=140613226092416 IsInLoopThread=0
I0727 16:57:17.476562 19502 memcache_client_pool.cc:225] LaunchCommand
I0727 16:57:17.476593 19502 event_loop.cc:149] EventLoop::QueueInLoop tid=140613198964480 IsInLoopThread=0
I0727 16:57:17.476675 19503 vbucket_config.cc:59] SelectServerId selected_server_id=5 last_id=65535
I0727 16:57:17.476707 19503 memcache_client_pool.cc:242] vbucket:668server ip=123.125.160.25:20011
I0727 16:57:17.476735 19503 invoke_timer.cc:10] InvokeTimer::InvokeTimer tid=140613190571776 this=0x7fe300001b50
I0727 16:57:17.476752 19503 invoke_timer.cc:29] InvokeTimer::Start tid=140613190571776 this=0x7fe300001b50 refcount=2
I0727 16:57:17.476775 19503 invoke_timer.cc:40] InvokeTimer::AsyncWait tid=140613190571776 this=0x7fe300001b50 refcount=2
I0727 16:57:17.477463 19503 fd_channel.cc:149] HandleEvent fd=44 kReadable
I0727 16:57:17.477519 19503 invoke_timer.cc:59] InvokeTimer::OnCanceled tid=140613190571776 this=0x7fe300001b50
I0727 16:57:17.477536 19503 invoke_timer.cc:20] InvokeTimer::~InvokeTimer tid=140613190571776 this=0x7fe300001b50
I0727 16:57:17.477552 19503 event_loop.cc:149] EventLoop::QueueInLoop tid=140613190571776 IsInLoopThread=0
I0727 16:57:17.477577 19503 binary_codec.cc:90] OnResponsePacket SET, opaque=10
I0727 16:57:17.477597 19502 mcpool_test.cc:11] +++++++++++++ OnTestSetDone code=0 test224
I0727 16:57:17.477638 19501 vbucket_config.cc:97] GetVbucketByKey key=test225 hash=4023096428 bucket=108
I0727 16:57:17.477670 19501 event_loop.cc:149] EventLoop::QueueInLoop tid=140613226092416 IsInLoopThread=0
I0727 16:57:17.477707 19502 memcache_client_pool.cc:225] LaunchCommand
I0727 16:57:17.477726 19502 event_loop.cc:149] EventLoop::QueueInLoop tid=140613198964480 IsInLoopThread=0
I0727 16:57:17.477809 19504 vbucket_config.cc:59] SelectServerId selected_server_id=3 last_id=65535
I0727 16:57:17.477836 19504 memcache_client_pool.cc:242] vbucket:108server ip=123.125.160.27:20011
