I0727 16:57:17.217846 19505 fd_channel.cc:50] this=0x7fe2f8004850 fd=48 watching event kReadable
I0727 16:57:17.217869 19506 fd_channel.cc:50] this=0x7fe2fc0025b0 fd=49 watching event kReadable
I0727 16:57:17.217874 19503 fd_channel.cc:50] this=0x7fe300005500 fd=41 watching event kReadable
I0727 16:57:17.217877 19505 memcache_client_pool.cc:182] OnClientConnection conn=0x7fe2f8003ed0 memc_conn=0x7fe2f8003ed0
I0727 16:57:17.217883 19504 tcp_conn.cc:31] TCPConn::[evmc] this=0x7fe304004a40 channel=0x7fe3040053c0 fd=46
I0727 16:57:17.217891 19505 memcache_client_pool.cc:185] OnClientConnection connect ok
I0727 16:57:17.217887 19506 memcache_client_pool.cc:182] OnClientConnection conn=0x7fe2fc001c30 memc_conn=0x7fe2fc001c30
I0727 16:57:17.217892 19503 memcache_client_pool.cc:182] OnClientConnection conn=0x7fe300004b80 memc_conn=0x7fe300004b80
I0727 16:57:17.217917 19503 memcache_client_pool.cc:185] OnClientConnection connect ok
I0727 16:57:17.217918 19504 fd_channel.cc:50] this=0x7fe3040053c0 fd=46 watching event kReadable
I0727 16:57:17.217913 19505 fd_channel.cc:149] HandleEvent fd=50 kWritable
I0727 16:57:17.217913 19506 memcache_client_pool.cc:185] OnClientConnection connect ok
I0727 16:57:17.217947 19504 memcache_client_pool.cc:182] OnClientConnection conn=0x7fe304004a40 memc_conn=0x7fe304004a40
I0727 16:57:17.217953 19505 fd_channel.cc:108] DetachFromLoop this=0x7fe2f8001780 fd=50 detach from event loop
I0727 16:57:17.217938 19503 fd_channel.cc:149] HandleEvent fd=44 kWritable
I0727 16:57:17.217963 19506 fd_channel.cc:149] HandleEvent fd=51 kWritable
I0727 16:57:17.217981 19505 tcp_client.cc:67] Successfully connected to 123.125.160.26:20011
I0727 16:57:17.217962 19504 memcache_client_pool.cc:185] OnClientConnection connect ok
I0727 16:57:17.217998 19506 fd_channel.cc:108] DetachFromLoop this=0x7fe2fc000e20 fd=51 detach from event loop
I0727 16:57:17.217989 19503 fd_channel.cc:108] DetachFromLoop this=0x7fe300001be0 fd=44 detach from event loop
I0727 16:57:17.218015 19504 fd_channel.cc:149] HandleEvent fd=47 kWritable
I0727 16:57:17.218024 19506 tcp_client.cc:67] Successfully connected to 123.125.160.29:20011
I0727 16:57:17.218016 19505 tcp_conn.cc:31] TCPConn::[evmc] this=0x7fe2f8004a40 channel=0x7fe2f80053c0 fd=50
I0727 16:57:17.218029 19503 tcp_client.cc:67] Successfully connected to 123.125.160.25:20011
I0727 16:57:17.218040 19504 fd_channel.cc:108] DetachFromLoop this=0x7fe304001aa0 fd=47 detach from event loop
I0727 16:57:17.218061 19506 tcp_conn.cc:31] TCPConn::[evmc] this=0x7fe2fc0027f0 channel=0x7fe2fc003170 fd=51
I0727 16:57:17.218065 19505 fd_channel.cc:50] this=0x7fe2f80053c0 fd=50 watching event kReadable
I0727 16:57:17.218073 19504 tcp_client.cc:67] Successfully connected to 123.125.160.25:20011
I0727 16:57:17.218083 19503 tcp_conn.cc:31] TCPConn::[evmc] this=0x7fe3000056f0 channel=0x7fe300006070 fd=44
I0727 16:57:17.218107 19505 memcache_client_pool.cc:182] OnClientConnection conn=0x7fe2f8004a40 memc_conn=0x7fe2f8004a40
I0727 16:57:17.218108 19506 fd_channel.cc:50] this=0x7fe2fc003170 fd=51 watching event kReadable
I0727 16:57:17.218137 19505 memcache_client_pool.cc:185] OnClientConnection connect ok
I0727 16:57:17.218150 19506 memcache_client_pool.cc:182] OnClientConnection conn=0x7fe2fc0027f0 memc_conn=0x7fe2fc0027f0
I0727 16:57:17.218138 19504 tcp_conn.cc:31] TCPConn::[evmc] this=0x7fe3040055b0 channel=0x7fe304005f30 fd=47
I0727 16:57:17.218158 19505 fd_channel.cc:149] HandleEvent fd=52 kWritable
I0727 16:57:17.218169 19506 memcache_client_pool.cc:185] OnClientConnection connect ok
I0727 16:57:17.218147 19503 fd_channel.cc:50] this=0x7fe300006070 fd=44 watching event kReadable
I0727 16:57:17.218197 19505 fd_channel.cc:108] DetachFromLoop this=0x7fe2f8001aa0 fd=52 detach from event loop
I0727 16:57:17.218200 19504 fd_channel.cc:50] this=0x7fe304005f30 fd=47 watching event kReadable
I0727 16:57:17.218209 19506 fd_channel.cc:149] HandleEvent fd=53 kWritable
I0727 16:57:17.218205 19503 memcache_client_pool.cc:182] OnClientConnection conn=0x7fe3000056f0 memc_conn=0x7fe3000056f0
I0727 16:57:17.218222 19505 tcp_client.cc:67] Successfully connected to 123.125.160.25:20011
I0727 16:57:17.218226 19504 memcache_client_pool.cc:182] OnClientConnection conn=0x7fe3040055b0 memc_conn=0x7fe3040055b0
I0727 16:57:17.218230 19503 memcache_client_pool.cc:185] OnClientConnection connect ok
I0727 16:57:17.218235 19501 vbucket_config.cc:97] GetVbucketByKey key=test0 hash=436663542 bucket=246
I0727 16:57:17.218231 19506 fd_channel.cc:108] DetachFromLoop this=0x7fe2fc001140 fd=53 detach from event loop
I0727 16:57:17.218240 19504 memcache_client_pool.cc:185] OnClientConnection connect ok
I0727 16:57:17.218258 19505 tcp_conn.cc:31] TCPConn::[evmc] this=0x7fe2f80055b0 channel=0x7fe2f8005f30 fd=52
I0727 16:57:17.218276 19501 event_loop.cc:149] EventLoop::QueueInLoop tid=140613226092416 IsInLoopThread=0
I0727 16:57:17.218291 19506 tcp_client.cc:67] Successfully connected to 123.125.160.28:20011
I0727 16:57:17.218303 19505 fd_channel.cc:50] this=0x7fe2f8005f30 fd=52 watching event kReadable
I0727 16:57:17.218323 19505 memcache_client_pool.cc:182] OnClientConnection conn=0x7fe2f80055b0 memc_conn=0x7fe2f80055b0
I0727 16:57:17.218327 19506 tcp_conn.cc:31] TCPConn::[evmc] this=0x7fe2fc003360 channel=0x7fe2fc003ce0 fd=53
I0727 16:57:17.218335 19505 memcache_client_pool.cc:185] OnClientConnection connect ok
I0727 16:57:17.218359 19506 fd_channel.cc:50] this=0x7fe2fc003ce0 fd=53 watching event kReadable
I0727 16:57:17.218377 19506 memcache_client_pool.cc:182] OnClientConnection conn=0x7fe2fc003360 memc_conn=0x7fe2fc003360
I0727 16:57:17.218379 19502 memcache_client_pool.cc:225] LaunchCommand
I0727 16:57:17.218399 19506 memcache_client_pool.cc:185] OnClientConnection connect ok
I0727 16:57:17.218430 19502 event_loop.cc:149] EventLoop::QueueInLoop tid=140613198964480 IsInLoopThread=0
I0727 16:57:17.218453 19506 fd_channel.cc:149] HandleEvent fd=54 kWritable
I0727 16:57:17.218508 19506 fd_channel.cc:108] DetachFromLoop this=0x7fe2fc001460 fd=54 detach from event loop
I0727 16:57:17.218533 19506 tcp_client.cc:67] Successfully connected to 123.125.160.27:20011
I0727 16:57:17.218552 19503 vbucket_config.cc:59] SelectServerId selected_server_id=0 last_id=65535
I0727 16:57:17.218564 19506 tcp_conn.cc:31] TCPConn::[evmc] this=0x7fe2fc003ed0 channel=0x7fe2fc004850 fd=54
I0727 16:57:17.218580 19503 memcache_client_pool.cc:242] vbucket:246server ip=123.125.160.30:20011
I0727 16:57:17.218595 19506 fd_channel.cc:50] this=0x7fe2fc004850 fd=54 watching event kReadable
I0727 16:57:17.218612 19503 invoke_timer.cc:10] InvokeTimer::InvokeTimer tid=140613190571776 this=0x7fe300001b50
I0727 16:57:17.218613 19506 memcache_client_pool.cc:182] OnClientConnection conn=0x7fe2fc003ed0 memc_conn=0x7fe2fc003ed0
I0727 16:57:17.218652 19503 invoke_timer.cc:29] InvokeTimer::Start tid=140613190571776 this=0x7fe300001b50 refcount=2
I0727 16:57:17.218658 19506 memcache_client_pool.cc:185] OnClientConnection connect ok
I0727 16:57:17.218675 19503 invoke_timer.cc:40] InvokeTimer::AsyncWait tid=140613190571776 this=0x7fe300001b50 refcount=2
I0727 16:57:17.218678 19506 fd_channel.cc:149] HandleEvent fd=55 kWritable
I0727 16:57:17.218709 19506 fd_channel.cc:108] DetachFromLoop this=0x7fe2fc001780 fd=55 detach from event loop
I0727 16:57:17.218734 19506 tcp_client.cc:67] Successfully connected to 123.125.160.26:20011
I0727 16:57:17.218763 19506 tcp_conn.cc:31] TCPConn::[evmc] this=0x7fe2fc004a40 channel=0x7fe2fc0053c0 fd=55
I0727 16:57:17.218792 19506 fd_channel.cc:50] this=0x7fe2fc0053c0 fd=55 watching event kReadable
I0727 16:57:17.218809 19506 memcache_client_pool.cc:182] OnClientConnection conn=0x7fe2fc004a40 memc_conn=0x7fe2fc004a40
I0727 16:57:17.218822 19506 memcache_client_pool.cc:185] OnClientConnection connect ok
I0727 16:57:17.218837 19506 fd_channel.cc:149] HandleEvent fd=56 kWritable
I0727 16:57:17.218853 19506 fd_channel.cc:108] DetachFromLoop this=0x7fe2fc001aa0 fd=56 detach from event loop
I0727 16:57:17.218874 19506 tcp_client.cc:67] Successfully connected to 123.125.160.25:20011
I0727 16:57:17.218906 19506 tcp_conn.cc:31] TCPConn::[evmc] this=0x7fe2fc0055b0 channel=0x7fe2fc005f30 fd=56
I0727 16:57:17.218935 19506 fd_channel.cc:50] this=0x7fe2fc005f30 fd=56 watching event kReadable
I0727 16:57:17.218951 19506 memcache_client_pool.cc:182] OnClientConnection conn=0x7fe2fc0055b0 memc_conn=0x7fe2fc0055b0
I0727 16:57:17.218963 19506 memcache_client_pool.cc:185] OnClientConnection connect ok
I0727 16:57:17.219400 19501 vbucket_config.cc:97] GetVbucketByKey key=test1 hash=2338197594 bucket=90
I0727 16:57:17.219410 19503 fd_channel.cc:149] HandleEvent fd=33 kReadable
I0727 16:57:17.219496 19501 event_loop.cc:149] EventLoop::QueueInLoop tid=140613226092416 IsInLoopThread=0
I0727 16:57:17.219597 19502 memcache_client_pool.cc:225] LaunchCommand
I0727 16:57:17.219635 19502 event_loop.cc:149] EventLoop::QueueInLoop tid=140613198964480 IsInLoopThread=0
I0727 16:57:17.219640 19503 invoke_timer.cc:59] InvokeTimer::OnCanceled tid=140613190571776 this=0x7fe300001b50
I0727 16:57:17.219668 19503 invoke_timer.cc:20] InvokeTimer::~InvokeTimer tid=140613190571776 this=0x7fe300001b50
I0727 16:57:17.219697 19504 vbucket_config.cc:59] SelectServerId selected_server_id=3 last_id=65535
I0727 16:57:17.219702 19503 event_loop.cc:149] EventLoop::QueueInLoop tid=140613190571776 IsInLoopThread=0
I0727 16:57:17.219725 19504 memcache_client_pool.cc:242] vbucket:90server ip=123.125.160.27:20011
I0727 16:57:17.219761 19503 binary_codec.cc:90] OnResponsePacket SET, opaque=1
I0727 16:57:17.219774 19504 invoke_timer.cc:10] InvokeTimer::InvokeTimer tid=140613182179072 this=0x7fe304001a10
I0727 16:57:17.219775 19502 mcpool_test.cc:11] +++++++++++++ OnTestSetDone code=0 test0
I0727 16:57:17.219799 19504 invoke_timer.cc:29] InvokeTimer::Start tid=140613182179072 this=0x7fe304001a10 refcount=2
I0727 16:57:17.219841 19504 invoke_timer.cc:40] InvokeTimer::AsyncWait tid=140613182179072 this=0x7fe304001a10 refcount=2
I0727 16:57:17.220532 19504 fd_channel.cc:149] HandleEvent fd=43 kReadable
I0727 16:57:17.220625 19504 invoke_timer.cc:59] InvokeTimer::OnCanceled tid=140613182179072 this=0x7fe304001a10
I0727 16:57:17.220649 19504 invoke_timer.cc:20] InvokeTimer::~InvokeTimer tid=140613182179072 this=0x7fe304001a10
I0727 16:57:17.220659 19501 vbucket_config.cc:97] GetVbucketByKey key=test2 hash=2184446637 bucket=685
I0727 16:57:17.220669 19504 event_loop.cc:149] EventLoop::QueueInLoop tid=140613182179072 IsInLoopThread=0
I0727 16:57:17.220705 19501 event_loop.cc:149] EventLoop::QueueInLoop tid=140613226092416 IsInLoopThread=0
I0727 16:57:17.220727 19504 binary_codec.cc:90] OnResponsePacket SET, opaque=1
I0727 16:57:17.220780 19502 mcpool_test.cc:11] +++++++++++++ OnTestSetDone code=0 test1
I0727 16:57:17.220815 19502 memcache_client_pool.cc:225] LaunchCommand
I0727 16:57:17.220832 19502 event_loop.cc:149] EventLoop::QueueInLoop tid=140613198964480 IsInLoopThread=0
I0727 16:57:17.220892 19505 vbucket_config.cc:59] SelectServerId selected_server_id=4 last_id=65535
I0727 16:57:17.220916 19505 memcache_client_pool.cc:242] vbucket:685server ip=123.125.160.26:20011
I0727 16:57:17.220940 19505 invoke_timer.cc:10] InvokeTimer::InvokeTimer tid=140613173786368 this=0x7fe2f8001a10
I0727 16:57:17.220957 19505 invoke_timer.cc:29] InvokeTimer::Start tid=140613173786368 this=0x7fe2f8001a10 refcount=2
I0727 16:57:17.220974 19505 invoke_timer.cc:40] InvokeTimer::AsyncWait tid=140613173786368 this=0x7fe2f8001a10 refcount=2
I0727 16:57:17.221629 19505 fd_channel.cc:149] HandleEvent fd=50 kReadable
I0727 16:57:17.221743 19505 invoke_timer.cc:59] InvokeTimer::OnCanceled tid=140613173786368 this=0x7fe2f8001a10
I0727 16:57:17.221781 19505 invoke_timer.cc:20] InvokeTimer::~InvokeTimer tid=140613173786368 this=0x7fe2f8001a10
I0727 16:57:17.221802 19505 event_loop.cc:149] EventLoop::QueueInLoop tid=140613173786368 IsInLoopThread=0
I0727 16:57:17.221832 19505 binary_codec.cc:90] OnResponsePacket SET, opaque=1
I0727 16:57:17.221832 19501 vbucket_config.cc:97] GetVbucketByKey key=test3 hash=2071320714 bucket=138
I0727 16:57:17.221858 19502 mcpool_test.cc:11] +++++++++++++ OnTestSetDone code=0 test2
I0727 16:57:17.221886 19501 event_loop.cc:149] EventLoop::QueueInLoop tid=140613226092416 IsInLoopThread=0
I0727 16:57:17.221930 19502 memcache_client_pool.cc:225] LaunchCommand
I0727 16:57:17.221953 19502 event_loop.cc:149] EventLoop::QueueInLoop tid=140613198964480 IsInLoopThread=0
I0727 16:57:17.222012 19506 vbucket_config.cc:59] SelectServerId selected_server_id=3 last_id=65535
I0727 16:57:17.222035 19506 memcache_client_pool.cc:242] vbucket:138server ip=123.125.160.27:20011
I0727 16:57:17.222059 19506 invoke_timer.cc:10] InvokeTimer::InvokeTimer tid=140613165393664 this=0x7fe2fc001a10
I0727 16:57:17.222075 19506 invoke_timer.cc:29] InvokeTimer::Start tid=140613165393664 this=0x7fe2fc001a10 refcount=2
I0727 16:57:17.222093 19506 invoke_timer.cc:40] InvokeTimer::AsyncWait tid=140613165393664 this=0x7fe2fc001a10 refcount=2
I0727 16:57:17.222762 19506 fd_channel.cc:149] HandleEvent fd=54 kReadable
I0727 16:57:17.222843 19506 invoke_timer.cc:59] InvokeTimer::OnCanceled tid=140613165393664 this=0x7fe2fc001a10
I0727 16:57:17.222864 19506 invoke_timer.cc:20] InvokeTimer::~InvokeTimer tid=140613165393664 this=0x7fe2fc001a10
I0727 16:57:17.222885 19506 event_loop.cc:149] EventLoop::QueueInLoop tid=140613165393664 IsInLoopThread=0
I0727 16:57:17.222915 19506 binary_codec.cc:90] OnResponsePacket SET, opaque=1
I0727 16:57:17.222944 19502 mcpool_test.cc:11] +++++++++++++ OnTestSetDone code=0 test3
I0727 16:57:17.223031 19501 vbucket_config.cc:97] GetVbucketByKey key=test4 hash=274634886 bucket=134
I0727 16:57:17.223070 19501 event_loop.cc:149] EventLoop::QueueInLoop tid=140613226092416 IsInLoopThread=0
I0727 16:57:17.223116 19502 memcache_client_pool.cc:225] LaunchCommand
I0727 16:57:17.223140 19502 event_loop.cc:149] EventLoop::QueueInLoop tid=140613198964480 IsInLoopThread=0
I0727 16:57:17.223227 19503 vbucket_config.cc:59] SelectServerId selected_server_id=5 last_id=65535
I0727 16:57:17.223260 19503 memcache_client_pool.cc:242] vbucket:134server ip=123.125.160.25:20011
I0727 16:57:17.223289 19503 invoke_timer.cc:10] InvokeTimer::InvokeTimer tid=140613190571776 this=0x7fe300001b50
I0727 16:57:17.223309 19503 invoke_timer.cc:29] InvokeTimer::Start tid=140613190571776 this=0x7fe300001b50 refcount=2
I0727 16:57:17.223330 19503 invoke_timer.cc:40] InvokeTimer::AsyncWait tid=140613190571776 this=0x7fe300001b50 refcount=2
I0727 16:57:17.223987 19503 fd_channel.cc:149] HandleEvent fd=44 kReadable
I0727 16:57:17.224068 19503 invoke_timer.cc:59] InvokeTimer::OnCanceled tid=140613190571776 this=0x7fe300001b50
I0727 16:57:17.224092 19503 invoke_timer.cc:20] InvokeTimer::~InvokeTimer tid=140613190571776 this=0x7fe300001b50
I0727 16:57:17.224131 19503 event_loop.cc:149] EventLoop::QueueInLoop tid=140613190571776 IsInLoopThread=0
I0727 16:57:17.224169 19503 binary_codec.cc:90] OnResponsePacket SET, opaque=1
I0727 16:57:17.224202 19501 vbucket_config.cc:97] GetVbucketByKey key=test5 hash=4077180899 bucket=995
I0727 16:57:17.224202 19502 mcpool_test.cc:11] +++++++++++++ OnTestSetDone code=0 test4
I0727 16:57:17.224247 19501 event_loop.cc:149] EventLoop::QueueInLoop tid=140613226092416 IsInLoopThread=0
I0727 16:57:17.224297 19502 memcache_client_pool.cc:225] LaunchCommand
I0727 16:57:17.224323 19502 event_loop.cc:149] EventLoop::QueueInLoop tid=140613198964480 IsInLoopThread=0
I0727 16:57:17.224452 19504 vbucket_config.cc:59] SelectServerId selected_server_id=5 last_id=65535
I0727 16:57:17.224488 19504 memcache_client_pool.cc:242] vbucket:995server ip=123.125.160.25:20011
I0727 16:57:17.224514 19504 invoke_timer.cc:10] InvokeTimer::InvokeTimer tid=140613182179072 this=0x7fe304001a10
I0727 16:57:17.224529 19504 invoke_timer.cc:29] InvokeTimer::Start tid=140613182179072 this=0x7fe304001a10 refcount=2
I0727 16:57:17.224546 19504 invoke_timer.cc:40] InvokeTimer::AsyncWait tid=140613182179072 this=0x7fe304001a10 refcount=2
I0727 16:57:17.225185 19504 fd_channel.cc:149] HandleEvent fd=47 kReadable
I0727 16:57:17.225256 19504 invoke_timer.cc:59] InvokeTimer::OnCanceled tid=140613182179072 this=0x7fe304001a10
I0727 16:57:17.225278 19504 invoke_timer.cc:20] InvokeTimer::~InvokeTimer tid=140613182179072 this=0x7fe304001a10
I0727 16:57:17.225301 19504 event_loop.cc:149] EventLoop::QueueInLoop tid=140613182179072 IsInLoopThread=0
I0727 16:57:17.225334 19504 binary_codec.cc:90] OnResponsePacket SET, opaque=1
I0727 16:57:17.225376 19501 vbucket_config.cc:97] GetVbucketByKey key=test6 hash=131594828 bucket=588
I0727 16:57:17.225390 19502 mcpool_test.cc:11] +++++++++++++ OnTestSetDone code=0 test5
I0727 16:57:17.225422 19501 event_loop.cc:149] EventLoop::QueueInLoop tid=140613226092416 IsInLoopThread=0
I0727 16:57:17.225497 19502 memcache_client_pool.cc:225] LaunchCommand
I0727 16:57:17.225535 19502 event_loop.cc:149] EventLoop::QueueInLoop tid=140613198964480 IsInLoopThread=0
I0727 16:57:17.225649 19505 vbucket_config.cc:59] SelectServerId selected_server_id=3 last_id=65535
I0727 16:57:17.225687 19505 memcache_client_pool.cc:242] vbucket:588server ip=123.125.160.27:20011
I0727 16:57:17.225714 19505 invoke_timer.cc:10] InvokeTimer::InvokeTimer tid=140613173786368 this=0x7fe2f8001a10
I0727 16:57:17.225730 19505 invoke_timer.cc:29] InvokeTimer::Start tid=140613173786368 this=0x7fe2f8001a10 refcount=2
I0727 16:57:17.225749 19505 invoke_timer.cc:40] InvokeTimer::AsyncWait tid=140613173786368 this=0x7fe2f8001a10 refcount=2
I0727 16:57:17.226474 19505 fd_channel.cc:149] HandleEvent fd=48 kReadable
I0727 16:57:17.226553 19505 invoke_timer.cc:59] InvokeTimer::OnCanceled tid=140613173786368 this=0x7fe2f8001a10
I0727 16:57:17.226577 19505 invoke_timer.cc:20] InvokeTimer::~InvokeTimer tid=140613173786368 this=0x7fe2f8001a10
I0727 16:57:17.226582 19501 vbucket_config.cc:97] GetVbucketByKey key=test7 hash=3850584240 bucket=176
I0727 16:57:17.226600 19505 event_loop.cc:149] EventLoop::QueueInLoop tid=140613173786368 IsInLoopThread=0
I0727 16:57:17.226634 19501 event_loop.cc:149] EventLoop::QueueInLoop tid=140613226092416 IsInLoopThread=0
I0727 16:57:17.226655 19505 binary_codec.cc:90] OnResponsePacket SET, opaque=1
I0727 16:57:17.226713 19502 mcpool_test.cc:11] +++++++++++++ OnTestSetDone code=0 test6
I0727 16:57:17.226752 19502 memcache_client_pool.cc:225] LaunchCommand
I0727 16:57:17.226773 19502 event_loop.cc:149] EventLoop::QueueInLoop tid=140613198964480 IsInLoopThread=0
I0727 16:57:17.226888 19506 vbucket_config.cc:59] SelectServerId selected_server_id=5 last_id=65535
I0727 16:57:17.226923 19506 memcache_client_pool.cc:242] vbucket:176server ip=123.125.160.25:20011
I0727 16:57:17.226949 19506 invoke_timer.cc:10] InvokeTimer::InvokeTimer tid=140613165393664 this=0x7fe2fc001a10
I0727 16:57:17.226979 19506 invoke_timer.cc:29] InvokeTimer::Start tid=140613165393664 this=0x7fe2fc001a10 refcount=2
I0727 16:57:17.226999 19506 invoke_timer.cc:40] InvokeTimer::AsyncWait tid=140613165393664 this=0x7fe2fc001a10 refcount=2
I0727 16:57:17.227674 19506 fd_channel.cc:149] HandleEvent fd=56 kReadable
I0727 16:57:17.227741 19506 invoke_timer.cc:59] InvokeTimer::OnCanceled tid=140613165393664 this=0x7fe2fc001a10
I0727 16:57:17.227761 19506 invoke_timer.cc:20] InvokeTimer::~InvokeTimer tid=140613165393664 this=0x7fe2fc001a10
I0727 16:57:17.227771 19501 vbucket_config.cc:97] GetVbucketByKey key=test8 hash=2681225310 bucket=94
I0727 16:57:17.227782 19506 event_loop.cc:149] EventLoop::QueueInLoop tid=140613165393664 IsInLoopThread=0
I0727 16:57:17.227814 19501 event_loop.cc:149] EventLoop::QueueInLoop tid=140613226092416 IsInLoopThread=0
I0727 16:57:17.227836 19506 binary_codec.cc:90] OnResponsePacket SET, opaque=1
I0727 16:57:17.227864 19502 mcpool_test.cc:11] +++++++++++++ OnTestSetDone code=0 test7
I0727 16:57:17.227897 19502 memcache_client_pool.cc:225] LaunchCommand
I0727 16:57:17.227915 19502 event_loop.cc:149] EventLoop::QueueInLoop tid=140613198964480 IsInLoopThread=0
I0727 16:57:17.227974 19503 vbucket_config.cc:59] SelectServerId selected_server_id=4 last_id=65535
I0727 16:57:17.228001 19503 memcache_client_pool.cc:242] vbucket:94server ip=123.125.160.26:20011
I0727 16:57:17.228026 19503 invoke_timer.cc:10] InvokeTimer::InvokeTimer tid=140613190571776 this=0x7fe300001b50
I0727 16:57:17.228041 19503 invoke_timer.cc:29] InvokeTimer::Start tid=140613190571776 this=0x7fe300001b50 refcount=2
I0727 16:57:17.228060 19503 invoke_timer.cc:40] InvokeTimer::AsyncWait tid=140613190571776 this=0x7fe300001b50 refcount=2
I0727 16:57:17.228740 19503 fd_channel.cc:149] HandleEvent fd=41 kReadable
I0727 16:57:17.228821 19503 invoke_timer.cc:59] InvokeTimer::OnCanceled tid=140613190571776 this=0x7fe300001b50
I0727 16:57:17.228842 19503 invoke_timer.cc:20] InvokeTimer::~InvokeTimer tid=140613190571776 this=0x7fe300001b50
I0727 16:57:17.228864 19503 event_loop.cc:149] EventLoop::QueueInLoop tid=140613190571776 IsInLoopThread=0
I0727 16:57:17.228894 19503 binary_codec.cc:90] OnResponsePacket SET, opaque=1
I0727 16:57:17.228934 19502 mcpool_test.cc:11] +++++++++++++ OnTestSetDone code=0 test8
I0727 16:57:17.228966 19501 vbucket_config.cc:97] GetVbucketByKey key=test9 hash=3043596659 bucket=371
I0727 16:57:17.229025 19501 event_loop.cc:149] EventLoop::QueueInLoop tid=140613226092416 IsInLoopThread=0
I0727 16:57:17.229079 19502 memcache_client_pool.cc:225] LaunchCommand
I0727 16:57:17.229105 19502 event_loop.cc:149] EventLoop::QueueInLoop tid=140613198964480 IsInLoopThread=0
I0727 16:57:17.229205 19504 vbucket_config.cc:59] SelectServerId selected_server_id=5 last_id=65535
I0727 16:57:17.229246 19504 memcache_client_pool.cc:242] vbucket:371server ip=123.125.160.25:20011
I0727 16:57:17.229275 19504 invoke_timer.cc:10] InvokeTimer::InvokeTimer tid=140613182179072 this=0x7fe304001a10
I0727 16:57:17.229293 19504 invoke_timer.cc:29] InvokeTimer::Start tid=140613182179072 this=0x7fe304001a10 refcount=2
I0727 16:57:17.229313 19504 invoke_timer.cc:40] InvokeTimer::AsyncWait tid=140613182179072 this=0x7fe304001a10 refcount=2
I0727 16:57:17.229970 19504 fd_channel.cc:149] HandleEvent fd=47 kReadable
I0727 16:57:17.230051 19504 invoke_timer.cc:59] InvokeTimer::OnCanceled tid=140613182179072 this=0x7fe304001a10
I0727 16:57:17.230073 19504 invoke_timer.cc:20] InvokeTimer::~InvokeTimer tid=140613182179072 this=0x7fe304001a10
I0727 16:57:17.230098 19504 event_loop.cc:149] EventLoop::QueueInLoop tid=140613182179072 IsInLoopThread=0
I0727 16:57:17.230130 19504 binary_codec.cc:90] OnResponsePacket SET, opaque=2
I0727 16:57:17.230165 19501 vbucket_config.cc:97] GetVbucketByKey key=test10 hash=1507895489 bucket=193
I0727 16:57:17.230187 19502 mcpool_test.cc:11] +++++++++++++ OnTestSetDone code=0 test9
I0727 16:57:17.230211 19501 event_loop.cc:149] EventLoop::QueueInLoop tid=140613226092416 IsInLoopThread=0
I0727 16:57:17.230264 19502 memcache_client_pool.cc:225] LaunchCommand
I0727 16:57:17.230307 19502 event_loop.cc:149] EventLoop::QueueInLoop tid=140613198964480 IsInLoopThread=0
I0727 16:57:17.230413 19505 vbucket_config.cc:59] SelectServerId selected_server_id=4 last_id=65535
I0727 16:57:17.230474 19505 memcache_client_pool.cc:242] vbucket:193server ip=123.125.160.26:20011
I0727 16:57:17.230517 19505 invoke_timer.cc:10] InvokeTimer::InvokeTimer tid=140613173786368 this=0x7fe2f8001a10
I0727 16:57:17.230532 19505 invoke_timer.cc:29] InvokeTimer::Start tid=140613173786368 this=0x7fe2f8001a10 refcount=2
I0727 16:57:17.230550 19505 invoke_timer.cc:40] InvokeTimer::AsyncWait tid=140613173786368 this=0x7fe2f8001a10 refcount=2
I0727 16:57:17.231216 19505 fd_channel.cc:149] HandleEvent fd=50 kReadable
I0727 16:57:17.231281 19505 invoke_timer.cc:59] InvokeTimer::OnCanceled tid=140613173786368 this=0x7fe2f8001a10
I0727 16:57:17.231300 19505 invoke_timer.cc:20] InvokeTimer::~InvokeTimer tid=140613173786368 this=0x7fe2f8001a10
I0727 16:57:17.231323 19505 event_loop.cc:149] EventLoop::QueueInLoop tid=140613173786368 IsInLoopThread=0
I0727 16:57:17.231348 19501 vbucket_config.cc:97] GetVbucketByKey key=test11 hash=707303158 bucket=758
I0727 16:57:17.231353 19505 binary_codec.cc:90] OnResponsePacket SET, opaque=2
I0727 16:57:17.231400 19501 event_loop.cc:149] EventLoop::QueueInLoop tid=140613226092416 IsInLoopThread=0
I0727 16:57:17.231410 19502 mcpool_test.cc:11] +++++++++++++ OnTestSetDone code=0 test10
I0727 16:57:17.231479 19502 memcache_client_pool.cc:225] LaunchCommand
I0727 16:57:17.231526 19502 event_loop.cc:149] EventLoop::QueueInLoop tid=140613198964480 IsInLoopThread=0
I0727 16:57:17.231642 19506 vbucket_config.cc:59] SelectServerId selected_server_id=5 last_id=65535
I0727 16:57:17.231678 19506 memcache_client_pool.cc:242] vbucket:758server ip=123.125.160.25:20011
I0727 16:57:17.231703 19506 invoke_timer.cc:10] InvokeTimer::InvokeTimer tid=140613165393664 this=0x7fe2fc001a10
I0727 16:57:17.231719 19506 invoke_timer.cc:29] InvokeTimer::Start tid=140613165393664 this=0x7fe2fc001a10 refcount=2
I0727 16:57:17.231735 19506 invoke_timer.cc:40] InvokeTimer::AsyncWait tid=140613165393664 this=0x7fe2fc001a10 refcount=2
I0727 16:57:17.232411 19506 fd_channel.cc:149] HandleEvent fd=56 kReadable
I0727 16:57:17.232487 19506 invoke_timer.cc:59] InvokeTimer::OnCanceled tid=140613165393664 this=0x7fe2fc001a10
I0727 16:57:17.232517 19506 invoke_timer.cc:20] InvokeTimer::~InvokeTimer tid=140613165393664 this=0x7fe2fc001a10
I0727 16:57:17.232527 19501 vbucket_config.cc:97] GetVbucketByKey key=test12 hash=2622244704 bucket=864
I0727 16:57:17.232538 19506 event_loop.cc:149] EventLoop::QueueInLoop tid=140613165393664 IsInLoopThread=0
I0727 16:57:17.232571 19501 event_loop.cc:149] EventLoop::QueueInLoop tid=140613226092416 IsInLoopThread=0
I0727 16:57:17.232592 19506 binary_codec.cc:90] OnResponsePacket SET, opaque=2
I0727 16:57:17.232640 19502 mcpool_test.cc:11] +++++++++++++ OnTestSetDone code=0 test11
I0727 16:57:17.232674 19502 memcache_client_pool.cc:225] LaunchCommand
I0727 16:57:17.232692 19502 event_loop.cc:149] EventLoop::QueueInLoop tid=140613198964480 IsInLoopThread=0
I0727 16:57:17.232810 19503 vbucket_config.cc:59] SelectServerId selected_server_id=3 last_id=65535
I0727 16:57:17.232849 19503 memcache_client_pool.cc:242] vbucket:864server ip=123.125.160.27:20011
I0727 16:57:17.232878 19503 invoke_timer.cc:10] InvokeTimer::InvokeTimer tid=140613190571776 this=0x7fe300001b50
I0727 16:57:17.232897 19503 invoke_timer.cc:29] InvokeTimer::Start tid=140613190571776 this=0x7fe300001b50 refcount=2
I0727 16:57:17.232916 19503 invoke_timer.cc:40] InvokeTimer::AsyncWait tid=140613190571776 this=0x7fe300001b50 refcount=2
I0727 16:57:17.233583 19503 fd_channel.cc:149] HandleEvent fd=39 kReadable
I0727 16:57:17.233651 19503 invoke_timer.cc:59] InvokeTimer::OnCanceled tid=140613190571776 this=0x7fe300001b50
I0727 16:57:17.233671 19503 invoke_timer.cc:20] InvokeTimer::~InvokeTimer tid=140613190571776 this=0x7fe300001b50
I0727 16:57:17.233691 19503 event_loop.cc:149] EventLoop::QueueInLoop tid=140613190571776 IsInLoopThread=0
I0727 16:57:17.233698 19501 vbucket_config.cc:97] GetVbucketByKey key=test13 hash=3174956083 bucket=51
I0727 16:57:17.233734 19503 binary_codec.cc:90] OnResponsePacket SET, opaque=1
I0727 16:57:17.233737 19501 event_loop.cc:149] EventLoop::QueueInLoop tid=140613226092416 IsInLoopThread=0
I0727 16:57:17.233783 19502 mcpool_test.cc:11] +++++++++++++ OnTestSetDone code=0 test12
I0727 16:57:17.233816 19502 memcache_client_pool.cc:225] LaunchCommand
I0727 16:57:17.233834 19502 event_loop.cc:149] EventLoop::QueueInLoop tid=140613198964480 IsInLoopThread=0
I0727 16:57:17.233925 19504 vbucket_config.cc:59] SelectServerId selected_server_id=3 last_id=65535
I0727 16:57:17.233961 19504 memcache_client_pool.cc:242] vbucket:51server ip=123.125.160.27:20011
I0727 16:57:17.233986 19504 invoke_timer.cc:10] InvokeTimer::InvokeTimer tid=140613182179072 this=0x7fe304001a10
I0727 16:57:17.234001 19504 invoke_timer.cc:29] InvokeTimer::Start tid=140613182179072 this=0x7fe304001a10 refcount=2
I0727 16:57:17.234040 19504 invoke_timer.cc:40] InvokeTimer::AsyncWait tid=140613182179072 this=0x7fe304001a10 refcount=2
I0727 16:57:17.234709 19504 fd_channel.cc:149] HandleEvent fd=43 kReadable
I0727 16:57:17.234776 19504 invoke_timer.cc:59] InvokeTimer::OnCanceled tid=140613182179072 this=0x7fe304001a10
I0727 16:57:17.234797 19504 invoke_timer.cc:20] InvokeTimer::~InvokeTimer tid=140613182179072 this=0x7fe304001a10
I0727 16:57:17.234817 19504 event_loop.cc:149] EventLoop::QueueInLoop tid=140613182179072 IsInLoopThread=0
I0727 16:57:17.234844 19504 binary_codec.cc:90] OnResponsePacket SET, opaque=2
I0727 16:57:17.234869 19501 vbucket_config.cc:97] GetVbucketByKey key=test14 hash=4136934585 bucket=185
I0727 16:57:17.234899 19502 mcpool_test.cc:11] +++++++++++++ OnTestSetDone code=0 test13
I0727 16:57:17.234907 19501 event_loop.cc:149] EventLoop::QueueInLoop tid=140613226092416 IsInLoopThread=0
I0727 16:57:17.234978 19502 memcache_client_pool.cc:225] LaunchCommand
I0727 16:57:17.235002 19502 event_loop.cc:149] EventLoop::QueueInLoop tid=140613198964480 IsInLoopThread=0
I0727 16:57:17.235090 19505 vbucket_config.cc:59] SelectServerId selected_server_id=5 last_id=65535
I0727 16:57:17.235141 19505 memcache_client_pool.cc:242] vbucket:185server ip=123.125.160.25:20011
I0727 16:57:17.235169 19505 invoke_timer.cc:10] InvokeTimer::InvokeTimer tid=140613173786368 this=0x7fe2f8001a10
I0727 16:57:17.235185 19505 invoke_timer.cc:29] InvokeTimer::Start tid=140613173786368 this=0x7fe2f8001a10 refcount=2
I0727 16:57:17.235204 19505 invoke_timer.cc:40] InvokeTimer::AsyncWait tid=140613173786368 this=0x7fe2f8001a10 refcount=2
I0727 16:57:17.235887 19505 fd_channel.cc:149] HandleEvent fd=52 kReadable
I0727 16:57:17.235965 19505 invoke_timer.cc:59] InvokeTimer::OnCanceled tid=140613173786368 this=0x7fe2f8001a10
I0727 16:57:17.235988 19505 invoke_timer.cc:20] InvokeTimer::~InvokeTimer tid=140613173786368 this=0x7fe2f8001a10
I0727 16:57:17.236011 19505 event_loop.cc:149] EventLoop::QueueInLoop tid=140613173786368 IsInLoopThread=0
I0727 16:57:17.236044 19505 binary_codec.cc:90] OnResponsePacket SET, opaque=1
I0727 16:57:17.236069 19501 vbucket_config.cc:97] GetVbucketByKey key=test15 hash=595408715 bucket=843
I0727 16:57:17.236078 19502 mcpool_test.cc:11] +++++++++++++ OnTestSetDone code=0 test14
I0727 16:57:17.236124 19501 event_loop.cc:149] EventLoop::QueueInLoop tid=140613226092416 IsInLoopThread=0
I0727 16:57:17.236174 19502 memcache_client_pool.cc:225] LaunchCommand
I0727 16:57:17.236201 19502 event_loop.cc:149] EventLoop::QueueInLoop tid=140613198964480 IsInLoopThread=0
I0727 16:57:17.236313 19506 vbucket_config.cc:59] SelectServerId selected_server_id=3 last_id=65535
I0727 16:57:17.236349 19506 memcache_client_pool.cc:242] vbucket:843server ip=123.125.160.27:20011
I0727 16:57:17.236374 19506 invoke_timer.cc:10] InvokeTimer::InvokeTimer tid=140613165393664 this=0x7fe2fc001a10
I0727 16:57:17.236390 19506 invoke_timer.cc:29] InvokeTimer::Start tid=140613165393664 this=0x7fe2fc001a10 refcount=2
I0727 16:57:17.236407 19506 invoke_timer.cc:40] InvokeTimer::AsyncWait tid=140613165393664 this=0x7fe2fc001a10 refcount=2
I0727 16:57:17.237109 19506 fd_channel.cc:149] HandleEvent fd=54 kReadable
I0727 16:57:17.237177 19506 invoke_timer.cc:59] InvokeTimer::OnCanceled tid=140613165393664 this=0x7fe2fc001a10
I0727 16:57:17.237197 19506 invoke_timer.cc:20] InvokeTimer::~InvokeTimer tid=140613165393664 this=0x7fe2fc001a10
I0727 16:57:17.237217 19506 event_loop.cc:149] EventLoop::QueueInLoop tid=140613165393664 IsInLoopThread=0
I0727 16:57:17.237246 19506 binary_codec.cc:90] OnResponsePacket SET, opaque=2
I0727 16:57:17.237256 19501 vbucket_config.cc:97] GetVbucketByKey key=test16 hash=2563709964 bucket=12
I0727 16:57:17.237296 19501 event_loop.cc:149] EventLoop::QueueInLoop tid=140613226092416 IsInLoopThread=0
I0727 16:57:17.237298 19502 mcpool_test.cc:11] +++++++++++++ OnTestSetDone code=0 test15
I0727 16:57:17.237357 19502 memcache_client_pool.cc:225] LaunchCommand
I0727 16:57:17.237395 19502 event_loop.cc:149] EventLoop::QueueInLoop tid=140613198964480 IsInLoopThread=0
I0727 16:57:17.237510 19503 vbucket_config.cc:59] SelectServerId selected_server_id=3 last_id=65535
I0727 16:57:17.237555 19503 memcache_client_pool.cc:242] vbucket:12server ip=123.125.160.27:20011
I0727 16:57:17.237579 19503 invoke_timer.cc:10] InvokeTimer::InvokeTimer tid=140613190571776 this=0x7fe300001b50
I0727 16:57:17.237594 19503 invoke_timer.cc:29] InvokeTimer::Start tid=140613190571776 this=0x7fe300001b50 refcount=2
I0727 16:57:17.237612 19503 invoke_timer.cc:40] InvokeTimer::AsyncWait tid=140613190571776 this=0x7fe300001b50 refcount=2
I0727 16:57:17.238382 19503 fd_channel.cc:149] HandleEvent fd=39 kReadable
I0727 16:57:17.238426 19501 vbucket_config.cc:97] GetVbucketByKey key=test17 hash=3148329468 bucket=508
I0727 16:57:17.238456 19503 invoke_timer.cc:59] InvokeTimer::OnCanceled tid=140613190571776 this=0x7fe300001b50
I0727 16:57:17.238494 19501 event_loop.cc:149] EventLoop::QueueInLoop tid=140613226092416 IsInLoopThread=0
I0727 16:57:17.238502 19503 invoke_timer.cc:20] InvokeTimer::~InvokeTimer tid=140613190571776 this=0x7fe300001b50
I0727 16:57:17.238525 19503 event_loop.cc:149] EventLoop::QueueInLoop tid=140613190571776 IsInLoopThread=0
I0727 16:57:17.238554 19503 binary_codec.cc:90] OnResponsePacket SET, opaque=2
I0727 16:57:17.238579 19502 memcache_client_pool.cc:225] LaunchCommand
I0727 16:57:17.238616 19502 event_loop.cc:149] EventLoop::QueueInLoop tid=140613198964480 IsInLoopThread=0
I0727 16:57:17.238649 19502 mcpool_test.cc:11] +++++++++++++ OnTestSetDone code=0 test16
I0727 16:57:17.238687 19504 vbucket_config.cc:59] SelectServerId selected_server_id=1 last_id=65535
I0727 16:57:17.238710 19504 memcache_client_pool.cc:242] vbucket:508server ip=123.125.160.29:20011
I0727 16:57:17.238734 19504 invoke_timer.cc:10] InvokeTimer::InvokeTimer tid=140613182179072 this=0x7fe304001a10
I0727 16:57:17.238749 19504 invoke_timer.cc:29] InvokeTimer::Start tid=140613182179072 this=0x7fe304001a10 refcount=2
I0727 16:57:17.238765 19504 invoke_timer.cc:40] InvokeTimer::AsyncWait tid=140613182179072 this=0x7fe304001a10 refcount=2
I0727 16:57:17.239472 19504 fd_channel.cc:149] HandleEvent fd=36 kReadable
I0727 16:57:17.239542 19504 invoke_timer.cc:59] InvokeTimer::OnCanceled tid=140613182179072 this=0x7fe304001a10
I0727 16:57:17.239562 19504 invoke_timer.cc:20] InvokeTimer::~InvokeTimer tid=140613182179072 this=0x7fe304001a10
I0727 16:57:17.239583 19504 event_loop.cc:149] EventLoop::QueueInLoop tid=140613182179072 IsInLoopThread=0
I0727 16:57:17.239611 19504 binary_codec.cc:90] OnResponsePacket SET, opaque=1
I0727 16:57:17.239621 19501 vbucket_config.cc:97] GetVbucketByKey key=test18 hash=2464117215 bucket=479
I0727 16:57:17.239661 19501 event_loop.cc:149] EventLoop::QueueInLoop tid=140613226092416 IsInLoopThread=0
I0727 16:57:17.239662 19502 mcpool_test.cc:11] +++++++++++++ OnTestSetDone code=0 test17
I0727 16:57:17.239737 19502 memcache_client_pool.cc:225] LaunchCommand
I0727 16:57:17.239760 19502 event_loop.cc:149] EventLoop::QueueInLoop tid=140613198964480 IsInLoopThread=0
I0727 16:57:17.239862 19505 vbucket_config.cc:59] SelectServerId selected_server_id=5 last_id=65535
I0727 16:57:17.239920 19505 memcache_client_pool.cc:242] vbucket:479server ip=123.125.160.25:20011
I0727 16:57:17.239950 19505 invoke_timer.cc:10] InvokeTimer::InvokeTimer tid=140613173786368 this=0x7fe2f8001a10
I0727 16:57:17.239969 19505 invoke_timer.cc:29] InvokeTimer::Start tid=140613173786368 this=0x7fe2f8001a10 refcount=2
I0727 16:57:17.239989 19505 invoke_timer.cc:40] InvokeTimer::AsyncWait tid=140613173786368 this=0x7fe2f8001a10 refcount=2
I0727 16:57:17.240674 19505 fd_channel.cc:149] HandleEvent fd=52 kReadable
I0727 16:57:17.240751 19505 invoke_timer.cc:59] InvokeTimer::OnCanceled tid=140613173786368 this=0x7fe2f8001a10
I0727 16:57:17.240774 19505 invoke_timer.cc:20] InvokeTimer::~InvokeTimer tid=140613173786368 this=0x7fe2f8001a10
I0727 16:57:17.240797 19501 vbucket_config.cc:97] GetVbucketByKey key=test19 hash=1551512901 bucket=325
I0727 16:57:17.240798 19505 event_loop.cc:149] EventLoop::QueueInLoop tid=140613173786368 IsInLoopThread=0
I0727 16:57:17.240854 19501 event_loop.cc:149] EventLoop::QueueInLoop tid=140613226092416 IsInLoopThread=0
I0727 16:57:17.240876 19505 binary_codec.cc:90] OnResponsePacket SET, opaque=2
I0727 16:57:17.240931 19502 mcpool_test.cc:11] +++++++++++++ OnTestSetDone code=0 test18
I0727 16:57:17.240972 19502 memcache_client_pool.cc:225] LaunchCommand
I0727 16:57:17.240990 19502 event_loop.cc:149] EventLoop::QueueInLoop tid=140613198964480 IsInLoopThread=0
I0727 16:57:17.241104 19506 vbucket_config.cc:59] SelectServerId selected_server_id=4 last_id=65535
I0727 16:57:17.241140 19506 memcache_client_pool.cc:242] vbucket:325server ip=123.125.160.26:20011
I0727 16:57:17.241165 19506 invoke_timer.cc:10] InvokeTimer::InvokeTimer tid=140613165393664 this=0x7fe2fc001a10
I0727 16:57:17.241180 19506 invoke_timer.cc:29] InvokeTimer::Start tid=140613165393664 this=0x7fe2fc001a10 refcount=2
I0727 16:57:17.241197 19506 invoke_timer.cc:40] InvokeTimer::AsyncWait tid=140613165393664 this=0x7fe2fc001a10 refcount=2
I0727 16:57:17.241860 19506 fd_channel.cc:149] HandleEvent fd=55 kReadable
I0727 16:57:17.241935 19506 invoke_timer.cc:59] InvokeTimer::OnCanceled tid=140613165393664 this=0x7fe2fc001a10
I0727 16:57:17.241953 19506 invoke_timer.cc:20] InvokeTimer::~InvokeTimer tid=140613165393664 this=0x7fe2fc001a10
I0727 16:57:17.241974 19506 event_loop.cc:149] EventLoop::QueueInLoop tid=140613165393664 IsInLoopThread=0
I0727 16:57:17.241987 19501 vbucket_config.cc:97] GetVbucketByKey key=test20 hash=2966104244 bucket=180
I0727 16:57:17.242002 19506 binary_codec.cc:90] OnResponsePacket SET, opaque=1
I0727 16:57:17.242033 19501 event_loop.cc:149] EventLoop::QueueInLoop tid=140613226092416 IsInLoopThread=0
I0727 16:57:17.242058 19502 mcpool_test.cc:11] +++++++++++++ OnTestSetDone code=0 test19
I0727 16:57:17.242102 19502 memcache_client_pool.cc:225] LaunchCommand
I0727 16:57:17.242138 19502 event_loop.cc:149] EventLoop::QueueInLoop tid=140613198964480 IsInLoopThread=0
I0727 16:57:17.242252 19503 vbucket_config.cc:59] SelectServerId selected_server_id=3 last_id=65535
I0727 16:57:17.242288 19503 memcache_client_pool.cc:242] vbucket:180server ip=123.125.160.27:20011
I0727 16:57:17.242312 19503 invoke_timer.cc:10] InvokeTimer::InvokeTimer tid=140613190571776 this=0x7fe300001b50
I0727 16:57:17.242328 19503 invoke_timer.cc:29] InvokeTimer::Start tid=140613190571776 this=0x7fe300001b50 refcount=2
I0727 16:57:17.242346 19503 invoke_timer.cc:40] InvokeTimer::AsyncWait tid=140613190571776 this=0x7fe300001b50 refcount=2
I0727 16:57:17.243033 19503 fd_channel.cc:149] HandleEvent fd=39 kReadable
I0727 16:57:17.243101 19503 invoke_timer.cc:59] InvokeTimer::OnCanceled tid=140613190571776 this=0x7fe300001b50
I0727 16:57:17.243121 19503 invoke_timer.cc:20] InvokeTimer::~InvokeTimer tid=140613190571776 this=0x7fe300001b50
I0727 16:57:17.243141 19503 event_loop.cc:149] EventLoop::QueueInLoop tid=140613190571776 IsInLoopThread=0
I0727 16:57:17.243156 19501 vbucket_config.cc:97] GetVbucketByKey key=test21 hash=2945928812 bucket=620
I0727 16:57:17.243170 19503 binary_codec.cc:90] OnResponsePacket SET, opaque=3
I0727 16:57:17.243202 19501 event_loop.cc:149] EventLoop::QueueInLoop tid=140613226092416 IsInLoopThread=0
I0727 16:57:17.243221 19502 mcpool_test.cc:11] +++++++++++++ OnTestSetDone code=0 test20
I0727 16:57:17.243266 19502 memcache_client_pool.cc:225] LaunchCommand
I0727 16:57:17.243285 19502 event_loop.cc:149] EventLoop::QueueInLoop tid=140613198964480 IsInLoopThread=0
I0727 16:57:17.243376 19504 vbucket_config.cc:59] SelectServerId selected_server_id=2 last_id=65535
I0727 16:57:17.243412 19504 memcache_client_pool.cc:242] vbucket:620server ip=123.125.160.28:20011
I0727 16:57:17.243438 19504 invoke_timer.cc:10] InvokeTimer::InvokeTimer tid=140613182179072 this=0x7fe304001a10
I0727 16:57:17.243466 19504 invoke_timer.cc:29] InvokeTimer::Start tid=140613182179072 this=0x7fe304001a10 refcount=2
I0727 16:57:17.243484 19504 invoke_timer.cc:40] InvokeTimer::AsyncWait tid=140613182179072 this=0x7fe304001a10 refcount=2
I0727 16:57:17.244148 19504 fd_channel.cc:149] HandleEvent fd=40 kReadable
I0727 16:57:17.244207 19504 invoke_timer.cc:59] InvokeTimer::OnCanceled tid=140613182179072 this=0x7fe304001a10
I0727 16:57:17.244227 19504 invoke_timer.cc:20] InvokeTimer::~InvokeTimer tid=140613182179072 this=0x7fe304001a10
I0727 16:57:17.244247 19504 event_loop.cc:149] EventLoop::QueueInLoop tid=140613182179072 IsInLoopThread=0
I0727 16:57:17.244274 19504 binary_codec.cc:90] OnResponsePacket SET, opaque=1
I0727 16:57:17.244328 19501 vbucket_config.cc:97] GetVbucketByKey key=test22 hash=2629780045 bucket=589
I0727 16:57:17.244333 19502 mcpool_test.cc:11] +++++++++++++ OnTestSetDone code=0 test21
I0727 16:57:17.244372 19501 event_loop.cc:149] EventLoop::QueueInLoop tid=140613226092416 IsInLoopThread=0
I0727 16:57:17.244457 19502 memcache_client_pool.cc:225] LaunchCommand
I0727 16:57:17.244508 19502 event_loop.cc:149] EventLoop::QueueInLoop tid=140613198964480 IsInLoopThread=0
I0727 16:57:17.244601 19505 vbucket_config.cc:59] SelectServerId selected_server_id=4 last_id=65535
I0727 16:57:17.244652 19505 memcache_client_pool.cc:242] vbucket:589server ip=123.125.160.26:20011
I0727 16:57:17.244683 19505 invoke_timer.cc:10] InvokeTimer::InvokeTimer tid=140613173786368 this=0x7fe2f8001a10
I0727 16:57:17.244700 19505 invoke_timer.cc:29] InvokeTimer::Start tid=140613173786368 this=0x7fe2f8001a10 refcount=2
I0727 16:57:17.244719 19505 invoke_timer.cc:40] InvokeTimer::AsyncWait tid=140613173786368 this=0x7fe2f8001a10 refcount=2
I0727 16:57:17.245389 19505 fd_channel.cc:149] HandleEvent fd=50 kReadable
I0727 16:57:17.245461 19505 invoke_timer.cc:59] InvokeTimer::OnCanceled tid=140613173786368 this=0x7fe2f8001a10
I0727 16:57:17.245491 19505 invoke_timer.cc:20] InvokeTimer::~InvokeTimer tid=140613173786368 this=0x7fe2f8001a10
I0727 16:57:17.245512 19505 event_loop.cc:149] EventLoop::QueueInLoop tid=140613173786368 IsInLoopThread=0
I0727 16:57:17.245520 19501 vbucket_config.cc:97] GetVbucketByKey key=test23 hash=1523223732 bucket=180
I0727 16:57:17.245540 19505 binary_codec.cc:90] OnResponsePacket SET, opaque=3
I0727 16:57:17.245563 19501 event_loop.cc:149] EventLoop::QueueInLoop tid=140613226092416 IsInLoopThread=0
I0727 16:57:17.245595 19502 mcpool_test.cc:11] +++++++++++++ OnTestSetDone code=0 test22
I0727 16:57:17.245630 19502 memcache_client_pool.cc:225] LaunchCommand
I0727 16:57:17.245646 19502 event_loop.cc:149] EventLoop::QueueInLoop tid=140613198964480 IsInLoopThread=0
I0727 16:57:17.245741 19506 vbucket_config.cc:59] SelectServerId selected_server_id=3 last_id=65535
I0727 16:57:17.245791 19506 memcache_client_pool.cc:242] vbucket:180server ip=123.125.160.27:20011
I0727 16:57:17.245821 19506 invoke_timer.cc:10] InvokeTimer::InvokeTimer tid=140613165393664 this=0x7fe2fc001a10
I0727 16:57:17.245839 19506 invoke_timer.cc:29] InvokeTimer::Start tid=140613165393664 this=0x7fe2fc001a10 refcount=2
I0727 16:57:17.245859 19506 invoke_timer.cc:40] InvokeTimer::AsyncWait tid=140613165393664 this=0x7fe2fc001a10 refcount=2
I0727 16:57:17.246500 19506 fd_channel.cc:149] HandleEvent fd=54 kReadable
I0727 16:57:17.246565 19506 invoke_timer.cc:59] InvokeTimer::OnCanceled tid=140613165393664 this=0x7fe2fc001a10
I0727 16:57:17.246584 19506 invoke_timer.cc:20] InvokeTimer::~InvokeTimer tid=140613165393664 this=0x7fe2fc001a10
I0727 16:57:17.246603 19506 event_loop.cc:149] EventLoop::QueueInLoop tid=140613165393664 IsInLoopThread=0
I0727 16:57:17.246628 19506 binary_codec.cc:90] OnResponsePacket SET, opaque=3
I0727 16:57:17.246686 19502 mcpool_test.cc:11] +++++++++++++ OnTestSetDone code=0 test23
I0727 16:57:17.246688 19501 vbucket_config.cc:97] GetVbucketByKey key=test24 hash=2079516853 bucket=181
I0727 16:57:17.246748 19501 event_loop.cc:149] EventLoop::QueueInLoop tid=140613226092416 IsInLoopThread=0
I0727 16:57:17.246793 19502 memcache_client_pool.cc:225] LaunchCommand
I0727 16:57:17.246814 19502 event_loop.cc:149] EventLoop::QueueInLoop tid=140613198964480 IsInLoopThread=0
I0727 16:57:17.246870 19503 vbucket_config.cc:59] SelectServerId selected_server_id=1 last_id=65535
I0727 16:57:17.246891 19503 memcache_client_pool.cc:242] vbucket:181server ip=123.125.160.29:20011
I0727 16:57:17.246915 19503 invoke_timer.cc:10] InvokeTimer::InvokeTimer tid=140613190571776 this=0x7fe300001b50
I0727 16:57:17.246930 19503 invoke_timer.cc:29] InvokeTimer::Start tid=140613190571776 this=0x7fe300001b50 refcount=2
I0727 16:57:17.246947 19503 invoke_timer.cc:40] InvokeTimer::AsyncWait tid=140613190571776 this=0x7fe300001b50 refcount=2
I0727 16:57:17.247650 19503 fd_channel.cc:149] HandleEvent fd=35 kReadable
I0727 16:57:17.247737 19503 invoke_timer.cc:59] InvokeTimer::OnCanceled tid=140613190571776 this=0x7fe300001b50
I0727 16:57:17.247757 19503 invoke_timer.cc:20] InvokeTimer::~InvokeTimer tid=140613190571776 this=0x7fe300001b50
I0727 16:57:17.247778 19503 event_loop.cc:149] EventLoop::QueueInLoop tid=140613190571776 IsInLoopThread=0
I0727 16:57:17.247807 19503 binary_codec.cc:90] OnResponsePacket SET, opaque=1
I0727 16:57:17.247856 19502 mcpool_test.cc:11] +++++++++++++ OnTestSetDone code=0 test24
I0727 16:57:17.247874 19501 vbucket_config.cc:97] GetVbucketByKey key=test25 hash=3484895602 bucket=370
I0727 16:57:17.247912 19501 event_loop.cc:149] EventLoop::QueueInLoop tid=140613226092416 IsInLoopThread=0
I0727 16:57:17.247956 19502 memcache_client_pool.cc:225] LaunchCommand
I0727 16:57:17.247978 19502 event_loop.cc:149] EventLoop::QueueInLoop tid=140613198964480 IsInLoopThread=0
I0727 16:57:17.248070 19504 vbucket_config.cc:59] SelectServerId selected_server_id=4 last_id=65535
I0727 16:57:17.248106 19504 memcache_client_pool.cc:242] vbucket:370server ip=123.125.160.26:20011
I0727 16:57:17.248131 19504 invoke_timer.cc:10] InvokeTimer::InvokeTimer tid=140613182179072 this=0x7fe304001a10
I0727 16:57:17.248145 19504 invoke_timer.cc:29] InvokeTimer::Start tid=140613182179072 this=0x7fe304001a10 refcount=2
I0727 16:57:17.248162 19504 invoke_timer.cc:40] InvokeTimer::AsyncWait tid=140613182179072 this=0x7fe304001a10 refcount=2
I0727 16:57:17.248832 19504 fd_channel.cc:149] HandleEvent fd=46 kReadable
I0727 16:57:17.248917 19504 invoke_timer.cc:59] InvokeTimer::OnCanceled tid=140613182179072 this=0x7fe304001a10
I0727 16:57:17.248939 19504 invoke_timer.cc:20] InvokeTimer::~InvokeTimer tid=140613182179072 this=0x7fe304001a10
I0727 16:57:17.248958 19504 event_loop.cc:149] EventLoop::QueueInLoop tid=140613182179072 IsInLoopThread=0
I0727 16:57:17.248986 19504 binary_codec.cc:90] OnResponsePacket SET, opaque=1
I0727 16:57:17.249037 19501 vbucket_config.cc:97] GetVbucketByKey key=test26 hash=3454312908 bucket=460
I0727 16:57:17.249044 19502 mcpool_test.cc:11] +++++++++++++ OnTestSetDone code=0 test25
I0727 16:57:17.249083 19501 event_loop.cc:149] EventLoop::QueueInLoop tid=140613226092416 IsInLoopThread=0
I0727 16:57:17.249126 19502 memcache_client_pool.cc:225] LaunchCommand
I0727 16:57:17.249150 19502 event_loop.cc:149] EventLoop::QueueInLoop tid=140613198964480 IsInLoopThread=0
I0727 16:57:17.249238 19505 vbucket_config.cc:59] SelectServerId selected_server_id=4 last_id=65535
I0727 16:57:17.249274 19505 memcache_client_pool.cc:242] vbucket:460server ip=123.125.160.26:20011
I0727 16:57:17.249311 19505 invoke_timer.cc:10] InvokeTimer::InvokeTimer tid=140613173786368 this=0x7fe2f8001a10
I0727 16:57:17.249328 19505 invoke_timer.cc:29] InvokeTimer::Start tid=140613173786368 this=0x7fe2f8001a10 refcount=2
I0727 16:57:17.249346 19505 invoke_timer.cc:40] InvokeTimer::AsyncWait tid=140613173786368 this=0x7fe2f8001a10 refcount=2
I0727 16:57:17.250032 19505 fd_channel.cc:149] HandleEvent fd=50 kReadable
I0727 16:57:17.250092 19505 invoke_timer.cc:59] InvokeTimer::OnCanceled tid=140613173786368 this=0x7fe2f8001a10
I0727 16:57:17.250111 19505 invoke_timer.cc:20] InvokeTimer::~InvokeTimer tid=140613173786368 this=0x7fe2f8001a10
I0727 16:57:17.250131 19505 event_loop.cc:149] EventLoop::QueueInLoop tid=140613173786368 IsInLoopThread=0
I0727 16:57:17.250159 19505 binary_codec.cc:90] OnResponsePacket SET, opaque=4
I0727 16:57:17.250210 19501 vbucket_config.cc:97] GetVbucketByKey key=test27 hash=1990872893 bucket=829
I0727 16:57:17.250214 19502 mcpool_test.cc:11] +++++++++++++ OnTestSetDone code=0 test26
I0727 16:57:17.250254 19501 event_loop.cc:149] EventLoop::QueueInLoop tid=140613226092416 IsInLoopThread=0
I0727 16:57:17.250298 19502 memcache_client_pool.cc:225] LaunchCommand
I0727 16:57:17.250320 19502 event_loop.cc:149] EventLoop::QueueInLoop tid=140613198964480 IsInLoopThread=0
I0727 16:57:17.250409 19506 vbucket_config.cc:59] SelectServerId selected_server_id=1 last_id=65535
I0727 16:57:17.250459 19506 memcache_client_pool.cc:242] vbucket:829server ip=123.125.160.29:20011
I0727 16:57:17.250496 19506 invoke_timer.cc:10] InvokeTimer::InvokeTimer tid=140613165393664 this=0x7fe2fc001a10
I0727 16:57:17.250514 19506 invoke_timer.cc:29] InvokeTimer::Start tid=140613165393664 this=0x7fe2fc001a10 refcount=2
I0727 16:57:17.250530 19506 invoke_timer.cc:40] InvokeTimer::AsyncWait tid=140613165393664 this=0x7fe2fc001a10 refcount=2
I0727 16:57:17.251205 19506 fd_channel.cc:149] HandleEvent fd=51 kReadable
I0727 16:57:17.251266 19506 invoke_timer.cc:59] InvokeTimer::OnCanceled tid=140613165393664 this=0x7fe2fc001a10
I0727 16:57:17.251284 19506 invoke_timer.cc:20] InvokeTimer::~InvokeTimer tid=140613165393664 this=0x7fe2fc001a10
I0727 16:57:17.251304 19506 event_loop.cc:149] EventLoop::QueueInLoop tid=140613165393664 IsInLoopThread=0
I0727 16:57:17.251332 19506 binary_codec.cc:90] OnResponsePacket SET, opaque=1
