I0727 16:57:17.327934 19504 event_loop.cc:149] EventLoop::QueueInLoop tid=140613182179072 IsInLoopThread=0
I0727 16:57:17.327966 19504 binary_codec.cc:90] OnResponsePacket SET, opaque=7
I0727 16:57:17.328011 19502 mcpool_test.cc:11] +++++++++++++ OnTestSetDone code=0 test93
I0727 16:57:17.328096 19501 vbucket_config.cc:97] GetVbucketByKey key=test94 hash=2805602446 bucket=142
I0727 16:57:17.328127 19501 event_loop.cc:149] EventLoop::QueueInLoop tid=140613226092416 IsInLoopThread=0
I0727 16:57:17.328161 19502 memcache_client_pool.cc:225] LaunchCommand
I0727 16:57:17.328178 19502 event_loop.cc:149] EventLoop::QueueInLoop tid=140613198964480 IsInLoopThread=0
I0727 16:57:17.328224 19505 vbucket_config.cc:59] SelectServerId selected_server_id=4 last_id=65535
I0727 16:57:17.328245 19505 memcache_client_pool.cc:242] vbucket:142server ip=123.125.160.26:20011
I0727 16:57:17.328264 19505 invoke_timer.cc:10] InvokeTimer::InvokeTimer tid=140613173786368 this=0x7fe2f8001a10
I0727 16:57:17.328276 19505 invoke_timer.cc:29] InvokeTimer::Start tid=140613173786368 this=0x7fe2f8001a10 refcount=2
I0727 16:57:17.328289 19505 invoke_timer.cc:40] InvokeTimer::AsyncWait tid=140613173786368 this=0x7fe2f8001a10 refcount=2
I0727 16:57:17.328985 19505 fd_channel.cc:149] HandleEvent fd=50 kReadable
I0727 16:57:17.329063 19505 invoke_timer.cc:59] InvokeTimer::OnCanceled tid=140613173786368 this=0x7fe2f8001a10
I0727 16:57:17.329087 19505 invoke_timer.cc:20] InvokeTimer::~InvokeTimer tid=140613173786368 this=0x7fe2f8001a10
I0727 16:57:17.329110 19505 event_loop.cc:149] EventLoop::QueueInLoop tid=140613173786368 IsInLoopThread=0
I0727 16:57:17.329144 19505 binary_codec.cc:90] OnResponsePacket SET, opaque=10
I0727 16:57:17.329213 19502 mcpool_test.cc:11] +++++++++++++ OnTestSetDone code=0 test94
I0727 16:57:17.329231 19501 vbucket_config.cc:97] GetVbucketByKey key=test95 hash=2970368805 bucket=805
I0727 16:57:17.329269 19501 event_loop.cc:149] EventLoop::QueueInLoop tid=140613226092416 IsInLoopThread=0
I0727 16:57:17.329301 19502 memcache_client_pool.cc:225] LaunchCommand
I0727 16:57:17.329319 19502 event_loop.cc:149] EventLoop::QueueInLoop tid=140613198964480 IsInLoopThread=0
I0727 16:57:17.329393 19506 vbucket_config.cc:59] SelectServerId selected_server_id=1 last_id=65535
I0727 16:57:17.329421 19506 memcache_client_pool.cc:242] vbucket:805server ip=123.125.160.29:20011
I0727 16:57:17.329450 19506 invoke_timer.cc:10] InvokeTimer::InvokeTimer tid=140613165393664 this=0x7fe2fc001a10
I0727 16:57:17.329470 19506 invoke_timer.cc:29] InvokeTimer::Start tid=140613165393664 this=0x7fe2fc001a10 refcount=2
I0727 16:57:17.329485 19506 invoke_timer.cc:40] InvokeTimer::AsyncWait tid=140613165393664 this=0x7fe2fc001a10 refcount=2
I0727 16:57:17.330180 19506 fd_channel.cc:149] HandleEvent fd=51 kReadable
I0727 16:57:17.330232 19506 invoke_timer.cc:59] InvokeTimer::OnCanceled tid=140613165393664 this=0x7fe2fc001a10
I0727 16:57:17.330250 19506 invoke_timer.cc:20] InvokeTimer::~InvokeTimer tid=140613165393664 this=0x7fe2fc001a10
I0727 16:57:17.330266 19506 event_loop.cc:149] EventLoop::QueueInLoop tid=140613165393664 IsInLoopThread=0
I0727 16:57:17.330291 19506 binary_codec.cc:90] OnResponsePacket SET, opaque=7
I0727 16:57:17.330341 19502 mcpool_test.cc:11] +++++++++++++ OnTestSetDone code=0 test95
I0727 16:57:17.330394 19501 vbucket_config.cc:97] GetVbucketByKey key=test96 hash=1327920819 bucket=691
I0727 16:57:17.330425 19501 event_loop.cc:149] EventLoop::QueueInLoop tid=140613226092416 IsInLoopThread=0
I0727 16:57:17.330483 19502 memcache_client_pool.cc:225] LaunchCommand
I0727 16:57:17.330510 19502 event_loop.cc:149] EventLoop::QueueInLoop tid=140613198964480 IsInLoopThread=0
I0727 16:57:17.330585 19503 vbucket_config.cc:59] SelectServerId selected_server_id=1 last_id=65535
I0727 16:57:17.330612 19503 memcache_client_pool.cc:242] vbucket:691server ip=123.125.160.29:20011
I0727 16:57:17.330631 19503 invoke_timer.cc:10] InvokeTimer::InvokeTimer tid=140613190571776 this=0x7fe300001b50
I0727 16:57:17.330642 19503 invoke_timer.cc:29] InvokeTimer::Start tid=140613190571776 this=0x7fe300001b50 refcount=2
I0727 16:57:17.330656 19503 invoke_timer.cc:40] InvokeTimer::AsyncWait tid=140613190571776 this=0x7fe300001b50 refcount=2
I0727 16:57:17.331307 19503 fd_channel.cc:149] HandleEvent fd=35 kReadable
I0727 16:57:17.331370 19503 invoke_timer.cc:59] InvokeTimer::OnCanceled tid=140613190571776 this=0x7fe300001b50
I0727 16:57:17.331387 19503 invoke_timer.cc:20] InvokeTimer::~InvokeTimer tid=140613190571776 this=0x7fe300001b50
I0727 16:57:17.331416 19503 event_loop.cc:149] EventLoop::QueueInLoop tid=140613190571776 IsInLoopThread=0
I0727 16:57:17.331460 19503 binary_codec.cc:90] OnResponsePacket SET, opaque=3
I0727 16:57:17.331503 19502 mcpool_test.cc:11] +++++++++++++ OnTestSetDone code=0 test96
I0727 16:57:17.331558 19501 vbucket_config.cc:97] GetVbucketByKey key=test97 hash=1878425686 bucket=86
I0727 16:57:17.331590 19501 event_loop.cc:149] EventLoop::QueueInLoop tid=140613226092416 IsInLoopThread=0
I0727 16:57:17.331626 19502 memcache_client_pool.cc:225] LaunchCommand
I0727 16:57:17.331645 19502 event_loop.cc:149] EventLoop::QueueInLoop tid=140613198964480 IsInLoopThread=0
I0727 16:57:17.331719 19504 vbucket_config.cc:59] SelectServerId selected_server_id=5 last_id=65535
I0727 16:57:17.331748 19504 memcache_client_pool.cc:242] vbucket:86server ip=123.125.160.25:20011
I0727 16:57:17.331766 19504 invoke_timer.cc:10] InvokeTimer::InvokeTimer tid=140613182179072 this=0x7fe304001a10
I0727 16:57:17.331779 19504 invoke_timer.cc:29] InvokeTimer::Start tid=140613182179072 this=0x7fe304001a10 refcount=2
I0727 16:57:17.331791 19504 invoke_timer.cc:40] InvokeTimer::AsyncWait tid=140613182179072 this=0x7fe304001a10 refcount=2
I0727 16:57:17.332449 19504 fd_channel.cc:149] HandleEvent fd=47 kReadable
I0727 16:57:17.332500 19504 invoke_timer.cc:59] InvokeTimer::OnCanceled tid=140613182179072 this=0x7fe304001a10
I0727 16:57:17.332530 19504 invoke_timer.cc:20] InvokeTimer::~InvokeTimer tid=140613182179072 this=0x7fe304001a10
I0727 16:57:17.332546 19504 event_loop.cc:149] EventLoop::QueueInLoop tid=140613182179072 IsInLoopThread=0
I0727 16:57:17.332571 19504 binary_codec.cc:90] OnResponsePacket SET, opaque=5
I0727 16:57:17.332618 19502 mcpool_test.cc:11] +++++++++++++ OnTestSetDone code=0 test97
I0727 16:57:17.332707 19501 vbucket_config.cc:97] GetVbucketByKey key=test98 hash=1434496150 bucket=150
I0727 16:57:17.332737 19501 event_loop.cc:149] EventLoop::QueueInLoop tid=140613226092416 IsInLoopThread=0
I0727 16:57:17.332805 19502 memcache_client_pool.cc:225] LaunchCommand
I0727 16:57:17.332834 19502 event_loop.cc:149] EventLoop::QueueInLoop tid=140613198964480 IsInLoopThread=0
I0727 16:57:17.332928 19505 vbucket_config.cc:59] SelectServerId selected_server_id=3 last_id=65535
I0727 16:57:17.332959 19505 memcache_client_pool.cc:242] vbucket:150server ip=123.125.160.27:20011
I0727 16:57:17.333000 19505 invoke_timer.cc:10] InvokeTimer::InvokeTimer tid=140613173786368 this=0x7fe2f8001a10
I0727 16:57:17.333019 19505 invoke_timer.cc:29] InvokeTimer::Start tid=140613173786368 this=0x7fe2f8001a10 refcount=2
I0727 16:57:17.333039 19505 invoke_timer.cc:40] InvokeTimer::AsyncWait tid=140613173786368 this=0x7fe2f8001a10 refcount=2
I0727 16:57:17.333696 19505 fd_channel.cc:149] HandleEvent fd=48 kReadable
I0727 16:57:17.333755 19505 invoke_timer.cc:59] InvokeTimer::OnCanceled tid=140613173786368 this=0x7fe2f8001a10
I0727 16:57:17.333773 19505 invoke_timer.cc:20] InvokeTimer::~InvokeTimer tid=140613173786368 this=0x7fe2f8001a10
I0727 16:57:17.333791 19505 event_loop.cc:149] EventLoop::QueueInLoop tid=140613173786368 IsInLoopThread=0
I0727 16:57:17.333816 19505 binary_codec.cc:90] OnResponsePacket SET, opaque=7
I0727 16:57:17.333863 19501 vbucket_config.cc:97] GetVbucketByKey key=test99 hash=2158319133 bucket=541
I0727 16:57:17.333876 19502 mcpool_test.cc:11] +++++++++++++ OnTestSetDone code=0 test98
I0727 16:57:17.333894 19501 event_loop.cc:149] EventLoop::QueueInLoop tid=140613226092416 IsInLoopThread=0
I0727 16:57:17.333928 19502 memcache_client_pool.cc:225] LaunchCommand
I0727 16:57:17.333945 19502 event_loop.cc:149] EventLoop::QueueInLoop tid=140613198964480 IsInLoopThread=0
I0727 16:57:17.333987 19506 vbucket_config.cc:59] SelectServerId selected_server_id=4 last_id=65535
I0727 16:57:17.334014 19506 memcache_client_pool.cc:242] vbucket:541server ip=123.125.160.26:20011
I0727 16:57:17.334033 19506 invoke_timer.cc:10] InvokeTimer::InvokeTimer tid=140613165393664 this=0x7fe2fc001a10
I0727 16:57:17.334044 19506 invoke_timer.cc:29] InvokeTimer::Start tid=140613165393664 this=0x7fe2fc001a10 refcount=2
I0727 16:57:17.334058 19506 invoke_timer.cc:40] InvokeTimer::AsyncWait tid=140613165393664 this=0x7fe2fc001a10 refcount=2
I0727 16:57:17.334659 19506 fd_channel.cc:149] HandleEvent fd=55 kReadable
I0727 16:57:17.334714 19506 invoke_timer.cc:59] InvokeTimer::OnCanceled tid=140613165393664 this=0x7fe2fc001a10
I0727 16:57:17.334731 19506 invoke_timer.cc:20] InvokeTimer::~InvokeTimer tid=140613165393664 this=0x7fe2fc001a10
I0727 16:57:17.334748 19506 event_loop.cc:149] EventLoop::QueueInLoop tid=140613165393664 IsInLoopThread=0
I0727 16:57:17.334771 19506 binary_codec.cc:90] OnResponsePacket SET, opaque=6
I0727 16:57:17.334816 19502 mcpool_test.cc:11] +++++++++++++ OnTestSetDone code=0 test99
I0727 16:57:17.335013 19501 vbucket_config.cc:97] GetVbucketByKey key=test100 hash=2457663989 bucket=501
I0727 16:57:17.335044 19501 event_loop.cc:149] EventLoop::QueueInLoop tid=140613226092416 IsInLoopThread=0
I0727 16:57:17.335078 19502 memcache_client_pool.cc:225] LaunchCommand
I0727 16:57:17.335095 19502 event_loop.cc:149] EventLoop::QueueInLoop tid=140613198964480 IsInLoopThread=0
I0727 16:57:17.335170 19503 vbucket_config.cc:59] SelectServerId selected_server_id=3 last_id=65535
I0727 16:57:17.335197 19503 memcache_client_pool.cc:242] vbucket:501server ip=123.125.160.27:20011
I0727 16:57:17.335216 19503 invoke_timer.cc:10] InvokeTimer::InvokeTimer tid=140613190571776 this=0x7fe300001b50
I0727 16:57:17.335228 19503 invoke_timer.cc:29] InvokeTimer::Start tid=140613190571776 this=0x7fe300001b50 refcount=2
I0727 16:57:17.335242 19503 invoke_timer.cc:40] InvokeTimer::AsyncWait tid=140613190571776 this=0x7fe300001b50 refcount=2
I0727 16:57:17.335871 19503 fd_channel.cc:149] HandleEvent fd=39 kReadable
I0727 16:57:17.335924 19503 invoke_timer.cc:59] InvokeTimer::OnCanceled tid=140613190571776 this=0x7fe300001b50
I0727 16:57:17.335939 19503 invoke_timer.cc:20] InvokeTimer::~InvokeTimer tid=140613190571776 this=0x7fe300001b50
I0727 16:57:17.335955 19503 event_loop.cc:149] EventLoop::QueueInLoop tid=140613190571776 IsInLoopThread=0
I0727 16:57:17.335978 19503 binary_codec.cc:90] OnResponsePacket SET, opaque=12
I0727 16:57:17.336021 19502 mcpool_test.cc:11] +++++++++++++ OnTestSetDone code=0 test100
I0727 16:57:17.336153 19501 vbucket_config.cc:97] GetVbucketByKey key=test101 hash=1158105784 bucket=696
I0727 16:57:17.336184 19501 event_loop.cc:149] EventLoop::QueueInLoop tid=140613226092416 IsInLoopThread=0
I0727 16:57:17.336217 19502 memcache_client_pool.cc:225] LaunchCommand
I0727 16:57:17.336235 19502 event_loop.cc:149] EventLoop::QueueInLoop tid=140613198964480 IsInLoopThread=0
I0727 16:57:17.336309 19504 vbucket_config.cc:59] SelectServerId selected_server_id=3 last_id=65535
I0727 16:57:17.336336 19504 memcache_client_pool.cc:242] vbucket:696server ip=123.125.160.27:20011
I0727 16:57:17.336356 19504 invoke_timer.cc:10] InvokeTimer::InvokeTimer tid=140613182179072 this=0x7fe304001a10
I0727 16:57:17.336367 19504 invoke_timer.cc:29] InvokeTimer::Start tid=140613182179072 this=0x7fe304001a10 refcount=2
I0727 16:57:17.336381 19504 invoke_timer.cc:40] InvokeTimer::AsyncWait tid=140613182179072 this=0x7fe304001a10 refcount=2
I0727 16:57:17.337021 19504 fd_channel.cc:149] HandleEvent fd=43 kReadable
I0727 16:57:17.337074 19504 invoke_timer.cc:59] InvokeTimer::OnCanceled tid=140613182179072 this=0x7fe304001a10
I0727 16:57:17.337090 19504 invoke_timer.cc:20] InvokeTimer::~InvokeTimer tid=140613182179072 this=0x7fe304001a10
I0727 16:57:17.337105 19504 event_loop.cc:149] EventLoop::QueueInLoop tid=140613182179072 IsInLoopThread=0
I0727 16:57:17.337127 19504 binary_codec.cc:90] OnResponsePacket SET, opaque=8
I0727 16:57:17.337170 19502 mcpool_test.cc:11] +++++++++++++ OnTestSetDone code=0 test101
I0727 16:57:17.337291 19501 vbucket_config.cc:97] GetVbucketByKey key=test102 hash=2852734053 bucket=101
I0727 16:57:17.337322 19501 event_loop.cc:149] EventLoop::QueueInLoop tid=140613226092416 IsInLoopThread=0
I0727 16:57:17.337357 19502 memcache_client_pool.cc:225] LaunchCommand
I0727 16:57:17.337375 19502 event_loop.cc:149] EventLoop::QueueInLoop tid=140613198964480 IsInLoopThread=0
I0727 16:57:17.337471 19505 vbucket_config.cc:59] SelectServerId selected_server_id=2 last_id=65535
I0727 16:57:17.337507 19505 memcache_client_pool.cc:242] vbucket:101server ip=123.125.160.28:20011
I0727 16:57:17.337527 19505 invoke_timer.cc:10] InvokeTimer::InvokeTimer tid=140613173786368 this=0x7fe2f8001a10
I0727 16:57:17.337538 19505 invoke_timer.cc:29] InvokeTimer::Start tid=140613173786368 this=0x7fe2f8001a10 refcount=2
I0727 16:57:17.337551 19505 invoke_timer.cc:40] InvokeTimer::AsyncWait tid=140613173786368 this=0x7fe2f8001a10 refcount=2
I0727 16:57:17.338253 19505 fd_channel.cc:149] HandleEvent fd=45 kReadable
I0727 16:57:17.338322 19505 invoke_timer.cc:59] InvokeTimer::OnCanceled tid=140613173786368 this=0x7fe2f8001a10
I0727 16:57:17.338345 19505 invoke_timer.cc:20] InvokeTimer::~InvokeTimer tid=140613173786368 this=0x7fe2f8001a10
I0727 16:57:17.338368 19505 event_loop.cc:149] EventLoop::QueueInLoop tid=140613173786368 IsInLoopThread=0
I0727 16:57:17.338402 19505 binary_codec.cc:90] OnResponsePacket SET, opaque=2
I0727 16:57:17.338459 19502 mcpool_test.cc:11] +++++++++++++ OnTestSetDone code=0 test102
I0727 16:57:17.338460 19501 vbucket_config.cc:97] GetVbucketByKey key=test103 hash=1004626556 bucket=636
I0727 16:57:17.338505 19501 event_loop.cc:149] EventLoop::QueueInLoop tid=140613226092416 IsInLoopThread=0
I0727 16:57:17.338537 19502 memcache_client_pool.cc:225] LaunchCommand
I0727 16:57:17.338553 19502 event_loop.cc:149] EventLoop::QueueInLoop tid=140613198964480 IsInLoopThread=0
I0727 16:57:17.338634 19506 vbucket_config.cc:59] SelectServerId selected_server_id=3 last_id=65535
I0727 16:57:17.338665 19506 memcache_client_pool.cc:242] vbucket:636server ip=123.125.160.27:20011
I0727 16:57:17.338685 19506 invoke_timer.cc:10] InvokeTimer::InvokeTimer tid=140613165393664 this=0x7fe2fc001a10
I0727 16:57:17.338697 19506 invoke_timer.cc:29] InvokeTimer::Start tid=140613165393664 this=0x7fe2fc001a10 refcount=2
I0727 16:57:17.338711 19506 invoke_timer.cc:40] InvokeTimer::AsyncWait tid=140613165393664 this=0x7fe2fc001a10 refcount=2
I0727 16:57:17.339350 19506 fd_channel.cc:149] HandleEvent fd=54 kReadable
I0727 16:57:17.339396 19506 invoke_timer.cc:59] InvokeTimer::OnCanceled tid=140613165393664 this=0x7fe2fc001a10
I0727 16:57:17.339411 19506 invoke_timer.cc:20] InvokeTimer::~InvokeTimer tid=140613165393664 this=0x7fe2fc001a10
I0727 16:57:17.339427 19506 event_loop.cc:149] EventLoop::QueueInLoop tid=140613165393664 IsInLoopThread=0
I0727 16:57:17.339462 19506 binary_codec.cc:90] OnResponsePacket SET, opaque=8
I0727 16:57:17.339471 19502 mcpool_test.cc:11] +++++++++++++ OnTestSetDone code=0 test103
I0727 16:57:17.339639 19501 vbucket_config.cc:97] GetVbucketByKey key=test104 hash=173048559 bucket=751
I0727 16:57:17.339687 19501 event_loop.cc:149] EventLoop::QueueInLoop tid=140613226092416 IsInLoopThread=0
I0727 16:57:17.339752 19502 memcache_client_pool.cc:225] LaunchCommand
I0727 16:57:17.339781 19502 event_loop.cc:149] EventLoop::QueueInLoop tid=140613198964480 IsInLoopThread=0
I0727 16:57:17.339900 19503 vbucket_config.cc:59] SelectServerId selected_server_id=1 last_id=65535
I0727 16:57:17.339926 19503 memcache_client_pool.cc:242] vbucket:751server ip=123.125.160.29:20011
I0727 16:57:17.339946 19503 invoke_timer.cc:10] InvokeTimer::InvokeTimer tid=140613190571776 this=0x7fe300001b50
I0727 16:57:17.339957 19503 invoke_timer.cc:29] InvokeTimer::Start tid=140613190571776 this=0x7fe300001b50 refcount=2
I0727 16:57:17.339970 19503 invoke_timer.cc:40] InvokeTimer::AsyncWait tid=140613190571776 this=0x7fe300001b50 refcount=2
I0727 16:57:17.340620 19503 fd_channel.cc:149] HandleEvent fd=35 kReadable
I0727 16:57:17.340673 19503 invoke_timer.cc:59] InvokeTimer::OnCanceled tid=140613190571776 this=0x7fe300001b50
I0727 16:57:17.340699 19503 invoke_timer.cc:20] InvokeTimer::~InvokeTimer tid=140613190571776 this=0x7fe300001b50
I0727 16:57:17.340716 19503 event_loop.cc:149] EventLoop::QueueInLoop tid=140613190571776 IsInLoopThread=0
I0727 16:57:17.340740 19503 binary_codec.cc:90] OnResponsePacket SET, opaque=4
I0727 16:57:17.340787 19502 mcpool_test.cc:11] +++++++++++++ OnTestSetDone code=0 test104
I0727 16:57:17.340788 19501 vbucket_config.cc:97] GetVbucketByKey key=test105 hash=2290019401 bucket=73
I0727 16:57:17.340836 19501 event_loop.cc:149] EventLoop::QueueInLoop tid=140613226092416 IsInLoopThread=0
I0727 16:57:17.340870 19502 memcache_client_pool.cc:225] LaunchCommand
I0727 16:57:17.340888 19502 event_loop.cc:149] EventLoop::QueueInLoop tid=140613198964480 IsInLoopThread=0
I0727 16:57:17.340929 19504 vbucket_config.cc:59] SelectServerId selected_server_id=1 last_id=65535
I0727 16:57:17.340945 19504 memcache_client_pool.cc:242] vbucket:73server ip=123.125.160.29:20011
I0727 16:57:17.340962 19504 invoke_timer.cc:10] InvokeTimer::InvokeTimer tid=140613182179072 this=0x7fe304001a10
I0727 16:57:17.340975 19504 invoke_timer.cc:29] InvokeTimer::Start tid=140613182179072 this=0x7fe304001a10 refcount=2
I0727 16:57:17.340987 19504 invoke_timer.cc:40] InvokeTimer::AsyncWait tid=140613182179072 this=0x7fe304001a10 refcount=2
I0727 16:57:17.341636 19504 fd_channel.cc:149] HandleEvent fd=36 kReadable
I0727 16:57:17.341694 19504 invoke_timer.cc:59] InvokeTimer::OnCanceled tid=140613182179072 this=0x7fe304001a10
I0727 16:57:17.341712 19504 invoke_timer.cc:20] InvokeTimer::~InvokeTimer tid=140613182179072 this=0x7fe304001a10
I0727 16:57:17.341729 19504 event_loop.cc:149] EventLoop::QueueInLoop tid=140613182179072 IsInLoopThread=0
I0727 16:57:17.341754 19504 binary_codec.cc:90] OnResponsePacket SET, opaque=7
I0727 16:57:17.341804 19502 mcpool_test.cc:11] +++++++++++++ OnTestSetDone code=0 test105
I0727 16:57:17.341940 19501 vbucket_config.cc:97] GetVbucketByKey key=test106 hash=2755635053 bucket=877
I0727 16:57:17.341977 19501 event_loop.cc:149] EventLoop::QueueInLoop tid=140613226092416 IsInLoopThread=0
I0727 16:57:17.342008 19502 memcache_client_pool.cc:225] LaunchCommand
I0727 16:57:17.342026 19502 event_loop.cc:149] EventLoop::QueueInLoop tid=140613198964480 IsInLoopThread=0
I0727 16:57:17.342068 19505 vbucket_config.cc:59] SelectServerId selected_server_id=1 last_id=65535
I0727 16:57:17.342087 19505 memcache_client_pool.cc:242] vbucket:877server ip=123.125.160.29:20011
I0727 16:57:17.342105 19505 invoke_timer.cc:10] InvokeTimer::InvokeTimer tid=140613173786368 this=0x7fe2f8001a10
I0727 16:57:17.342118 19505 invoke_timer.cc:29] InvokeTimer::Start tid=140613173786368 this=0x7fe2f8001a10 refcount=2
I0727 16:57:17.342130 19505 invoke_timer.cc:40] InvokeTimer::AsyncWait tid=140613173786368 this=0x7fe2f8001a10 refcount=2
I0727 16:57:17.342816 19505 fd_channel.cc:149] HandleEvent fd=42 kReadable
I0727 16:57:17.342869 19505 invoke_timer.cc:59] InvokeTimer::OnCanceled tid=140613173786368 this=0x7fe2f8001a10
I0727 16:57:17.342885 19505 invoke_timer.cc:20] InvokeTimer::~InvokeTimer tid=140613173786368 this=0x7fe2f8001a10
I0727 16:57:17.342900 19505 event_loop.cc:149] EventLoop::QueueInLoop tid=140613173786368 IsInLoopThread=0
I0727 16:57:17.342922 19505 binary_codec.cc:90] OnResponsePacket SET, opaque=2
I0727 16:57:17.342967 19502 mcpool_test.cc:11] +++++++++++++ OnTestSetDone code=0 test106
I0727 16:57:17.343082 19501 vbucket_config.cc:97] GetVbucketByKey key=test107 hash=2959948174 bucket=398
I0727 16:57:17.343113 19501 event_loop.cc:149] EventLoop::QueueInLoop tid=140613226092416 IsInLoopThread=0
I0727 16:57:17.343147 19502 memcache_client_pool.cc:225] LaunchCommand
I0727 16:57:17.343164 19502 event_loop.cc:149] EventLoop::QueueInLoop tid=140613198964480 IsInLoopThread=0
I0727 16:57:17.343240 19506 vbucket_config.cc:59] SelectServerId selected_server_id=2 last_id=65535
I0727 16:57:17.343267 19506 memcache_client_pool.cc:242] vbucket:398server ip=123.125.160.28:20011
I0727 16:57:17.343297 19506 invoke_timer.cc:10] InvokeTimer::InvokeTimer tid=140613165393664 this=0x7fe2fc001a10
I0727 16:57:17.343309 19506 invoke_timer.cc:29] InvokeTimer::Start tid=140613165393664 this=0x7fe2fc001a10 refcount=2
I0727 16:57:17.343323 19506 invoke_timer.cc:40] InvokeTimer::AsyncWait tid=140613165393664 this=0x7fe2fc001a10 refcount=2
I0727 16:57:17.344024 19506 fd_channel.cc:149] HandleEvent fd=53 kReadable
I0727 16:57:17.344084 19506 invoke_timer.cc:59] InvokeTimer::OnCanceled tid=140613165393664 this=0x7fe2fc001a10
I0727 16:57:17.344100 19506 invoke_timer.cc:20] InvokeTimer::~InvokeTimer tid=140613165393664 this=0x7fe2fc001a10
I0727 16:57:17.344118 19506 event_loop.cc:149] EventLoop::QueueInLoop tid=140613165393664 IsInLoopThread=0
I0727 16:57:17.344143 19506 binary_codec.cc:90] OnResponsePacket SET, opaque=3
I0727 16:57:17.344193 19502 mcpool_test.cc:11] +++++++++++++ OnTestSetDone code=0 test107
I0727 16:57:17.344229 19501 vbucket_config.cc:97] GetVbucketByKey key=test108 hash=3982797144 bucket=344
I0727 16:57:17.344277 19501 event_loop.cc:149] EventLoop::QueueInLoop tid=140613226092416 IsInLoopThread=0
I0727 16:57:17.344321 19502 memcache_client_pool.cc:225] LaunchCommand
I0727 16:57:17.344341 19502 event_loop.cc:149] EventLoop::QueueInLoop tid=140613198964480 IsInLoopThread=0
I0727 16:57:17.344418 19503 vbucket_config.cc:59] SelectServerId selected_server_id=2 last_id=65535
I0727 16:57:17.344455 19503 memcache_client_pool.cc:242] vbucket:344server ip=123.125.160.28:20011
I0727 16:57:17.344482 19503 invoke_timer.cc:10] InvokeTimer::InvokeTimer tid=140613190571776 this=0x7fe300001b50
I0727 16:57:17.344496 19503 invoke_timer.cc:29] InvokeTimer::Start tid=140613190571776 this=0x7fe300001b50 refcount=2
I0727 16:57:17.344508 19503 invoke_timer.cc:40] InvokeTimer::AsyncWait tid=140613190571776 this=0x7fe300001b50 refcount=2
I0727 16:57:17.345163 19503 fd_channel.cc:149] HandleEvent fd=37 kReadable
I0727 16:57:17.345214 19503 invoke_timer.cc:59] InvokeTimer::OnCanceled tid=140613190571776 this=0x7fe300001b50
I0727 16:57:17.345232 19503 invoke_timer.cc:20] InvokeTimer::~InvokeTimer tid=140613190571776 this=0x7fe300001b50
I0727 16:57:17.345249 19503 event_loop.cc:149] EventLoop::QueueInLoop tid=140613190571776 IsInLoopThread=0
I0727 16:57:17.345274 19503 binary_codec.cc:90] OnResponsePacket SET, opaque=4
I0727 16:57:17.345321 19502 mcpool_test.cc:11] +++++++++++++ OnTestSetDone code=0 test108
I0727 16:57:17.345397 19501 vbucket_config.cc:97] GetVbucketByKey key=test109 hash=3838135529 bucket=233
I0727 16:57:17.345422 19501 event_loop.cc:149] EventLoop::QueueInLoop tid=140613226092416 IsInLoopThread=0
I0727 16:57:17.345494 19502 memcache_client_pool.cc:225] LaunchCommand
I0727 16:57:17.345544 19502 event_loop.cc:149] EventLoop::QueueInLoop tid=140613198964480 IsInLoopThread=0
I0727 16:57:17.345623 19504 vbucket_config.cc:59] SelectServerId selected_server_id=5 last_id=65535
I0727 16:57:17.345651 19504 memcache_client_pool.cc:242] vbucket:233server ip=123.125.160.25:20011
I0727 16:57:17.345671 19504 invoke_timer.cc:10] InvokeTimer::InvokeTimer tid=140613182179072 this=0x7fe304001a10
I0727 16:57:17.345685 19504 invoke_timer.cc:29] InvokeTimer::Start tid=140613182179072 this=0x7fe304001a10 refcount=2
I0727 16:57:17.345698 19504 invoke_timer.cc:40] InvokeTimer::AsyncWait tid=140613182179072 this=0x7fe304001a10 refcount=2
I0727 16:57:17.346321 19504 fd_channel.cc:149] HandleEvent fd=47 kReadable
I0727 16:57:17.346370 19504 invoke_timer.cc:59] InvokeTimer::OnCanceled tid=140613182179072 this=0x7fe304001a10
I0727 16:57:17.346386 19504 invoke_timer.cc:20] InvokeTimer::~InvokeTimer tid=140613182179072 this=0x7fe304001a10
I0727 16:57:17.346402 19504 event_loop.cc:149] EventLoop::QueueInLoop tid=140613182179072 IsInLoopThread=0
I0727 16:57:17.346426 19504 binary_codec.cc:90] OnResponsePacket SET, opaque=6
I0727 16:57:17.346487 19502 mcpool_test.cc:11] +++++++++++++ OnTestSetDone code=0 test109
I0727 16:57:17.346536 19501 vbucket_config.cc:97] GetVbucketByKey key=test110 hash=290393032 bucket=968
I0727 16:57:17.346567 19501 event_loop.cc:149] EventLoop::QueueInLoop tid=140613226092416 IsInLoopThread=0
I0727 16:57:17.346649 19502 memcache_client_pool.cc:225] LaunchCommand
I0727 16:57:17.346678 19502 event_loop.cc:149] EventLoop::QueueInLoop tid=140613198964480 IsInLoopThread=0
I0727 16:57:17.346794 19505 vbucket_config.cc:59] SelectServerId selected_server_id=2 last_id=65535
I0727 16:57:17.346822 19505 memcache_client_pool.cc:242] vbucket:968server ip=123.125.160.28:20011
I0727 16:57:17.346842 19505 invoke_timer.cc:10] InvokeTimer::InvokeTimer tid=140613173786368 this=0x7fe2f8001a10
I0727 16:57:17.346853 19505 invoke_timer.cc:29] InvokeTimer::Start tid=140613173786368 this=0x7fe2f8001a10 refcount=2
I0727 16:57:17.346866 19505 invoke_timer.cc:40] InvokeTimer::AsyncWait tid=140613173786368 this=0x7fe2f8001a10 refcount=2
I0727 16:57:17.347523 19505 fd_channel.cc:149] HandleEvent fd=45 kReadable
I0727 16:57:17.347582 19505 invoke_timer.cc:59] InvokeTimer::OnCanceled tid=140613173786368 this=0x7fe2f8001a10
I0727 16:57:17.347599 19505 invoke_timer.cc:20] InvokeTimer::~InvokeTimer tid=140613173786368 this=0x7fe2f8001a10
I0727 16:57:17.347617 19505 event_loop.cc:149] EventLoop::QueueInLoop tid=140613173786368 IsInLoopThread=0
I0727 16:57:17.347642 19505 binary_codec.cc:90] OnResponsePacket SET, opaque=3
I0727 16:57:17.347698 19501 vbucket_config.cc:97] GetVbucketByKey key=test111 hash=1015439680 bucket=320
I0727 16:57:17.347702 19502 mcpool_test.cc:11] +++++++++++++ OnTestSetDone code=0 test110
I0727 16:57:17.347723 19501 event_loop.cc:149] EventLoop::QueueInLoop tid=140613226092416 IsInLoopThread=0
I0727 16:57:17.347754 19502 memcache_client_pool.cc:225] LaunchCommand
I0727 16:57:17.347771 19502 event_loop.cc:149] EventLoop::QueueInLoop tid=140613198964480 IsInLoopThread=0
I0727 16:57:17.347846 19506 vbucket_config.cc:59] SelectServerId selected_server_id=2 last_id=65535
I0727 16:57:17.347874 19506 memcache_client_pool.cc:242] vbucket:320server ip=123.125.160.28:20011
I0727 16:57:17.347893 19506 invoke_timer.cc:10] InvokeTimer::InvokeTimer tid=140613165393664 this=0x7fe2fc001a10
I0727 16:57:17.347905 19506 invoke_timer.cc:29] InvokeTimer::Start tid=140613165393664 this=0x7fe2fc001a10 refcount=2
I0727 16:57:17.347918 19506 invoke_timer.cc:40] InvokeTimer::AsyncWait tid=140613165393664 this=0x7fe2fc001a10 refcount=2
I0727 16:57:17.348615 19506 fd_channel.cc:149] HandleEvent fd=53 kReadable
I0727 16:57:17.348675 19506 invoke_timer.cc:59] InvokeTimer::OnCanceled tid=140613165393664 this=0x7fe2fc001a10
I0727 16:57:17.348691 19506 invoke_timer.cc:20] InvokeTimer::~InvokeTimer tid=140613165393664 this=0x7fe2fc001a10
I0727 16:57:17.348709 19506 event_loop.cc:149] EventLoop::QueueInLoop tid=140613165393664 IsInLoopThread=0
I0727 16:57:17.348734 19506 binary_codec.cc:90] OnResponsePacket SET, opaque=4
I0727 16:57:17.348783 19502 mcpool_test.cc:11] +++++++++++++ OnTestSetDone code=0 test111
I0727 16:57:17.348846 19501 vbucket_config.cc:97] GetVbucketByKey key=test112 hash=1350866299 bucket=379
I0727 16:57:17.348877 19501 event_loop.cc:149] EventLoop::QueueInLoop tid=140613226092416 IsInLoopThread=0
I0727 16:57:17.348912 19502 memcache_client_pool.cc:225] LaunchCommand
I0727 16:57:17.348929 19502 event_loop.cc:149] EventLoop::QueueInLoop tid=140613198964480 IsInLoopThread=0
I0727 16:57:17.348976 19503 vbucket_config.cc:59] SelectServerId selected_server_id=4 last_id=65535
I0727 16:57:17.348996 19503 memcache_client_pool.cc:242] vbucket:379server ip=123.125.160.26:20011
I0727 16:57:17.349015 19503 invoke_timer.cc:10] InvokeTimer::InvokeTimer tid=140613190571776 this=0x7fe300001b50
I0727 16:57:17.349026 19503 invoke_timer.cc:29] InvokeTimer::Start tid=140613190571776 this=0x7fe300001b50 refcount=2
I0727 16:57:17.349040 19503 invoke_timer.cc:40] InvokeTimer::AsyncWait tid=140613190571776 this=0x7fe300001b50 refcount=2
I0727 16:57:17.349663 19503 fd_channel.cc:149] HandleEvent fd=41 kReadable
I0727 16:57:17.349714 19503 invoke_timer.cc:59] InvokeTimer::OnCanceled tid=140613190571776 this=0x7fe300001b50
I0727 16:57:17.349745 19503 invoke_timer.cc:20] InvokeTimer::~InvokeTimer tid=140613190571776 this=0x7fe300001b50
I0727 16:57:17.349773 19503 event_loop.cc:149] EventLoop::QueueInLoop tid=140613190571776 IsInLoopThread=0
I0727 16:57:17.349797 19503 binary_codec.cc:90] OnResponsePacket SET, opaque=5
I0727 16:57:17.349844 19502 mcpool_test.cc:11] +++++++++++++ OnTestSetDone code=0 test112
I0727 16:57:17.350000 19501 vbucket_config.cc:97] GetVbucketByKey key=test113 hash=1475147912 bucket=136
I0727 16:57:17.350031 19501 event_loop.cc:149] EventLoop::QueueInLoop tid=140613226092416 IsInLoopThread=0
I0727 16:57:17.350065 19502 memcache_client_pool.cc:225] LaunchCommand
I0727 16:57:17.350082 19502 event_loop.cc:149] EventLoop::QueueInLoop tid=140613198964480 IsInLoopThread=0
I0727 16:57:17.350157 19504 vbucket_config.cc:59] SelectServerId selected_server_id=4 last_id=65535
I0727 16:57:17.350184 19504 memcache_client_pool.cc:242] vbucket:136server ip=123.125.160.26:20011
I0727 16:57:17.350203 19504 invoke_timer.cc:10] InvokeTimer::InvokeTimer tid=140613182179072 this=0x7fe304001a10
I0727 16:57:17.350215 19504 invoke_timer.cc:29] InvokeTimer::Start tid=140613182179072 this=0x7fe304001a10 refcount=2
I0727 16:57:17.350229 19504 invoke_timer.cc:40] InvokeTimer::AsyncWait tid=140613182179072 this=0x7fe304001a10 refcount=2
I0727 16:57:17.350885 19504 fd_channel.cc:149] HandleEvent fd=46 kReadable
I0727 16:57:17.350940 19504 invoke_timer.cc:59] InvokeTimer::OnCanceled tid=140613182179072 this=0x7fe304001a10
I0727 16:57:17.350957 19504 invoke_timer.cc:20] InvokeTimer::~InvokeTimer tid=140613182179072 this=0x7fe304001a10
I0727 16:57:17.350975 19504 event_loop.cc:149] EventLoop::QueueInLoop tid=140613182179072 IsInLoopThread=0
I0727 16:57:17.350997 19504 binary_codec.cc:90] OnResponsePacket SET, opaque=4
I0727 16:57:17.351042 19502 mcpool_test.cc:11] +++++++++++++ OnTestSetDone code=0 test113
I0727 16:57:17.351155 19501 vbucket_config.cc:97] GetVbucketByKey key=test114 hash=509244816 bucket=400
I0727 16:57:17.351186 19501 event_loop.cc:149] EventLoop::QueueInLoop tid=140613226092416 IsInLoopThread=0
I0727 16:57:17.351219 19502 memcache_client_pool.cc:225] LaunchCommand
I0727 16:57:17.351236 19502 event_loop.cc:149] EventLoop::QueueInLoop tid=140613198964480 IsInLoopThread=0
I0727 16:57:17.351284 19505 vbucket_config.cc:59] SelectServerId selected_server_id=1 last_id=65535
I0727 16:57:17.351303 19505 memcache_client_pool.cc:242] vbucket:400server ip=123.125.160.29:20011
I0727 16:57:17.351321 19505 invoke_timer.cc:10] InvokeTimer::InvokeTimer tid=140613173786368 this=0x7fe2f8001a10
I0727 16:57:17.351333 19505 invoke_timer.cc:29] InvokeTimer::Start tid=140613173786368 this=0x7fe2f8001a10 refcount=2
I0727 16:57:17.351346 19505 invoke_timer.cc:40] InvokeTimer::AsyncWait tid=140613173786368 this=0x7fe2f8001a10 refcount=2
I0727 16:57:17.352002 19505 fd_channel.cc:149] HandleEvent fd=42 kReadable
I0727 16:57:17.352054 19505 invoke_timer.cc:59] InvokeTimer::OnCanceled tid=140613173786368 this=0x7fe2f8001a10
I0727 16:57:17.352071 19505 invoke_timer.cc:20] InvokeTimer::~InvokeTimer tid=140613173786368 this=0x7fe2f8001a10
I0727 16:57:17.352085 19505 event_loop.cc:149] EventLoop::QueueInLoop tid=140613173786368 IsInLoopThread=0
I0727 16:57:17.352108 19505 binary_codec.cc:90] OnResponsePacket SET, opaque=3
I0727 16:57:17.352154 19502 mcpool_test.cc:11] +++++++++++++ OnTestSetDone code=0 test114
I0727 16:57:17.352294 19501 vbucket_config.cc:97] GetVbucketByKey key=test115 hash=592886427 bucket=667
I0727 16:57:17.352324 19501 event_loop.cc:149] EventLoop::QueueInLoop tid=140613226092416 IsInLoopThread=0
I0727 16:57:17.352360 19502 memcache_client_pool.cc:225] LaunchCommand
I0727 16:57:17.352376 19502 event_loop.cc:149] EventLoop::QueueInLoop tid=140613198964480 IsInLoopThread=0
I0727 16:57:17.352463 19506 vbucket_config.cc:59] SelectServerId selected_server_id=4 last_id=65535
I0727 16:57:17.352499 19506 memcache_client_pool.cc:242] vbucket:667server ip=123.125.160.26:20011
I0727 16:57:17.352519 19506 invoke_timer.cc:10] InvokeTimer::InvokeTimer tid=140613165393664 this=0x7fe2fc001a10
I0727 16:57:17.352531 19506 invoke_timer.cc:29] InvokeTimer::Start tid=140613165393664 this=0x7fe2fc001a10 refcount=2
I0727 16:57:17.352555 19506 invoke_timer.cc:40] InvokeTimer::AsyncWait tid=140613165393664 this=0x7fe2fc001a10 refcount=2
I0727 16:57:17.353214 19506 fd_channel.cc:149] HandleEvent fd=55 kReadable
I0727 16:57:17.353262 19506 invoke_timer.cc:59] InvokeTimer::OnCanceled tid=140613165393664 this=0x7fe2fc001a10
I0727 16:57:17.353278 19506 invoke_timer.cc:20] InvokeTimer::~InvokeTimer tid=140613165393664 this=0x7fe2fc001a10
I0727 16:57:17.353296 19506 event_loop.cc:149] EventLoop::QueueInLoop tid=140613165393664 IsInLoopThread=0
I0727 16:57:17.353318 19506 binary_codec.cc:90] OnResponsePacket SET, opaque=7
I0727 16:57:17.353365 19502 mcpool_test.cc:11] +++++++++++++ OnTestSetDone code=0 test115
I0727 16:57:17.353457 19501 vbucket_config.cc:97] GetVbucketByKey key=test116 hash=3896457202 bucket=1010
I0727 16:57:17.353495 19501 event_loop.cc:149] EventLoop::QueueInLoop tid=140613226092416 IsInLoopThread=0
I0727 16:57:17.353565 19502 memcache_client_pool.cc:225] LaunchCommand
I0727 16:57:17.353595 19502 event_loop.cc:149] EventLoop::QueueInLoop tid=140613198964480 IsInLoopThread=0
I0727 16:57:17.353713 19503 vbucket_config.cc:59] SelectServerId selected_server_id=5 last_id=65535
I0727 16:57:17.353741 19503 memcache_client_pool.cc:242] vbucket:1010server ip=123.125.160.25:20011
I0727 16:57:17.353761 19503 invoke_timer.cc:10] InvokeTimer::InvokeTimer tid=140613190571776 this=0x7fe300001b50
I0727 16:57:17.353773 19503 invoke_timer.cc:29] InvokeTimer::Start tid=140613190571776 this=0x7fe300001b50 refcount=2
I0727 16:57:17.353787 19503 invoke_timer.cc:40] InvokeTimer::AsyncWait tid=140613190571776 this=0x7fe300001b50 refcount=2
I0727 16:57:17.354470 19503 fd_channel.cc:149] HandleEvent fd=44 kReadable
I0727 16:57:17.354537 19503 invoke_timer.cc:59] InvokeTimer::OnCanceled tid=140613190571776 this=0x7fe300001b50
I0727 16:57:17.354554 19503 invoke_timer.cc:20] InvokeTimer::~InvokeTimer tid=140613190571776 this=0x7fe300001b50
I0727 16:57:17.354569 19503 event_loop.cc:149] EventLoop::QueueInLoop tid=140613190571776 IsInLoopThread=0
I0727 16:57:17.354593 19503 binary_codec.cc:90] OnResponsePacket SET, opaque=4
I0727 16:57:17.354604 19501 vbucket_config.cc:97] GetVbucketByKey key=test117 hash=3859219059 bucket=627
I0727 16:57:17.354635 19501 event_loop.cc:149] EventLoop::QueueInLoop tid=140613226092416 IsInLoopThread=0
I0727 16:57:17.354640 19502 mcpool_test.cc:11] +++++++++++++ OnTestSetDone code=0 test116
I0727 16:57:17.354673 19502 memcache_client_pool.cc:225] LaunchCommand
I0727 16:57:17.354688 19502 event_loop.cc:149] EventLoop::QueueInLoop tid=140613198964480 IsInLoopThread=0
I0727 16:57:17.354761 19504 vbucket_config.cc:59] SelectServerId selected_server_id=3 last_id=65535
I0727 16:57:17.354789 19504 memcache_client_pool.cc:242] vbucket:627server ip=123.125.160.27:20011
I0727 16:57:17.354809 19504 invoke_timer.cc:10] InvokeTimer::InvokeTimer tid=140613182179072 this=0x7fe304001a10
I0727 16:57:17.354820 19504 invoke_timer.cc:29] InvokeTimer::Start tid=140613182179072 this=0x7fe304001a10 refcount=2
I0727 16:57:17.354833 19504 invoke_timer.cc:40] InvokeTimer::AsyncWait tid=140613182179072 this=0x7fe304001a10 refcount=2
I0727 16:57:17.355471 19504 fd_channel.cc:149] HandleEvent fd=43 kReadable
I0727 16:57:17.355523 19504 invoke_timer.cc:59] InvokeTimer::OnCanceled tid=140613182179072 this=0x7fe304001a10
I0727 16:57:17.355540 19504 invoke_timer.cc:20] InvokeTimer::~InvokeTimer tid=140613182179072 this=0x7fe304001a10
I0727 16:57:17.355554 19504 event_loop.cc:149] EventLoop::QueueInLoop tid=140613182179072 IsInLoopThread=0
I0727 16:57:17.355576 19504 binary_codec.cc:90] OnResponsePacket SET, opaque=9
I0727 16:57:17.355623 19502 mcpool_test.cc:11] +++++++++++++ OnTestSetDone code=0 test117
I0727 16:57:17.355741 19501 vbucket_config.cc:97] GetVbucketByKey key=test118 hash=4007483952 bucket=560
I0727 16:57:17.355772 19501 event_loop.cc:149] EventLoop::QueueInLoop tid=140613226092416 IsInLoopThread=0
I0727 16:57:17.355806 19502 memcache_client_pool.cc:225] LaunchCommand
I0727 16:57:17.355840 19502 event_loop.cc:149] EventLoop::QueueInLoop tid=140613198964480 IsInLoopThread=0
I0727 16:57:17.355893 19505 vbucket_config.cc:59] SelectServerId selected_server_id=5 last_id=65535
I0727 16:57:17.355921 19505 memcache_client_pool.cc:242] vbucket:560server ip=123.125.160.25:20011
I0727 16:57:17.355940 19505 invoke_timer.cc:10] InvokeTimer::InvokeTimer tid=140613173786368 this=0x7fe2f8001a10
I0727 16:57:17.355952 19505 invoke_timer.cc:29] InvokeTimer::Start tid=140613173786368 this=0x7fe2f8001a10 refcount=2
I0727 16:57:17.355965 19505 invoke_timer.cc:40] InvokeTimer::AsyncWait tid=140613173786368 this=0x7fe2f8001a10 refcount=2
I0727 16:57:17.356655 19505 fd_channel.cc:149] HandleEvent fd=52 kReadable
I0727 16:57:17.356709 19505 invoke_timer.cc:59] InvokeTimer::OnCanceled tid=140613173786368 this=0x7fe2f8001a10
I0727 16:57:17.356724 19505 invoke_timer.cc:20] InvokeTimer::~InvokeTimer tid=140613173786368 this=0x7fe2f8001a10
I0727 16:57:17.356739 19505 event_loop.cc:149] EventLoop::QueueInLoop tid=140613173786368 IsInLoopThread=0
I0727 16:57:17.356761 19505 binary_codec.cc:90] OnResponsePacket SET, opaque=6
I0727 16:57:17.356806 19502 mcpool_test.cc:11] +++++++++++++ OnTestSetDone code=0 test118
I0727 16:57:17.356873 19501 vbucket_config.cc:97] GetVbucketByKey key=test119 hash=3683003060 bucket=692
I0727 16:57:17.356904 19501 event_loop.cc:149] EventLoop::QueueInLoop tid=140613226092416 IsInLoopThread=0
I0727 16:57:17.356937 19502 memcache_client_pool.cc:225] LaunchCommand
I0727 16:57:17.356956 19502 event_loop.cc:149] EventLoop::QueueInLoop tid=140613198964480 IsInLoopThread=0
I0727 16:57:17.356997 19506 vbucket_config.cc:59] SelectServerId selected_server_id=2 last_id=65535
I0727 16:57:17.357014 19506 memcache_client_pool.cc:242] vbucket:692server ip=123.125.160.28:20011
I0727 16:57:17.357031 19506 invoke_timer.cc:10] InvokeTimer::InvokeTimer tid=140613165393664 this=0x7fe2fc001a10
I0727 16:57:17.357043 19506 invoke_timer.cc:29] InvokeTimer::Start tid=140613165393664 this=0x7fe2fc001a10 refcount=2
I0727 16:57:17.357056 19506 invoke_timer.cc:40] InvokeTimer::AsyncWait tid=140613165393664 this=0x7fe2fc001a10 refcount=2
I0727 16:57:17.357728 19506 fd_channel.cc:149] HandleEvent fd=53 kReadable
I0727 16:57:17.357805 19506 invoke_timer.cc:59] InvokeTimer::OnCanceled tid=140613165393664 this=0x7fe2fc001a10
I0727 16:57:17.357830 19506 invoke_timer.cc:20] InvokeTimer::~InvokeTimer tid=140613165393664 this=0x7fe2fc001a10
I0727 16:57:17.357852 19506 event_loop.cc:149] EventLoop::QueueInLoop tid=140613165393664 IsInLoopThread=0
I0727 16:57:17.357887 19506 binary_codec.cc:90] OnResponsePacket SET, opaque=5
I0727 16:57:17.357920 19502 mcpool_test.cc:11] +++++++++++++ OnTestSetDone code=0 test119
I0727 16:57:17.358036 19501 vbucket_config.cc:97] GetVbucketByKey key=test120 hash=1962412235 bucket=203
I0727 16:57:17.358067 19501 event_loop.cc:149] EventLoop::QueueInLoop tid=140613226092416 IsInLoopThread=0
I0727 16:57:17.358099 19502 memcache_client_pool.cc:225] LaunchCommand
I0727 16:57:17.358114 19502 event_loop.cc:149] EventLoop::QueueInLoop tid=140613198964480 IsInLoopThread=0
I0727 16:57:17.358165 19503 vbucket_config.cc:59] SelectServerId selected_server_id=2 last_id=65535
I0727 16:57:17.358183 19503 memcache_client_pool.cc:242] vbucket:203server ip=123.125.160.28:20011
I0727 16:57:17.358201 19503 invoke_timer.cc:10] InvokeTimer::InvokeTimer tid=140613190571776 this=0x7fe300001b50
I0727 16:57:17.358212 19503 invoke_timer.cc:29] InvokeTimer::Start tid=140613190571776 this=0x7fe300001b50 refcount=2
I0727 16:57:17.358227 19503 invoke_timer.cc:40] InvokeTimer::AsyncWait tid=140613190571776 this=0x7fe300001b50 refcount=2
I0727 16:57:17.358924 19503 fd_channel.cc:149] HandleEvent fd=37 kReadable
I0727 16:57:17.358983 19503 invoke_timer.cc:59] InvokeTimer::OnCanceled tid=140613190571776 this=0x7fe300001b50
I0727 16:57:17.359001 19503 invoke_timer.cc:20] InvokeTimer::~InvokeTimer tid=140613190571776 this=0x7fe300001b50
I0727 16:57:17.359019 19503 event_loop.cc:149] EventLoop::QueueInLoop tid=140613190571776 IsInLoopThread=0
I0727 16:57:17.359056 19503 binary_codec.cc:90] OnResponsePacket SET, opaque=5
I0727 16:57:17.359083 19502 mcpool_test.cc:11] +++++++++++++ OnTestSetDone code=0 test120
I0727 16:57:17.359185 19501 vbucket_config.cc:97] GetVbucketByKey key=test121 hash=3831548912 bucket=1008
I0727 16:57:17.359208 19501 event_loop.cc:149] EventLoop::QueueInLoop tid=140613226092416 IsInLoopThread=0
I0727 16:57:17.359237 19502 memcache_client_pool.cc:225] LaunchCommand
I0727 16:57:17.359252 19502 event_loop.cc:149] EventLoop::QueueInLoop tid=140613198964480 IsInLoopThread=0
I0727 16:57:17.359318 19504 vbucket_config.cc:59] SelectServerId selected_server_id=3 last_id=65535
I0727 16:57:17.359346 19504 memcache_client_pool.cc:242] vbucket:1008server ip=123.125.160.27:20011
I0727 16:57:17.359365 19504 invoke_timer.cc:10] InvokeTimer::InvokeTimer tid=140613182179072 this=0x7fe304001a10
I0727 16:57:17.359377 19504 invoke_timer.cc:29] InvokeTimer::Start tid=140613182179072 this=0x7fe304001a10 refcount=2
I0727 16:57:17.359390 19504 invoke_timer.cc:40] InvokeTimer::AsyncWait tid=140613182179072 this=0x7fe304001a10 refcount=2
I0727 16:57:17.360052 19504 fd_channel.cc:149] HandleEvent fd=43 kReadable
I0727 16:57:17.360105 19504 invoke_timer.cc:59] InvokeTimer::OnCanceled tid=140613182179072 this=0x7fe304001a10
I0727 16:57:17.360121 19504 invoke_timer.cc:20] InvokeTimer::~InvokeTimer tid=140613182179072 this=0x7fe304001a10
I0727 16:57:17.360136 19504 event_loop.cc:149] EventLoop::QueueInLoop tid=140613182179072 IsInLoopThread=0
I0727 16:57:17.360158 19504 binary_codec.cc:90] OnResponsePacket SET, opaque=10
I0727 16:57:17.360177 19502 mcpool_test.cc:11] +++++++++++++ OnTestSetDone code=0 test121
I0727 16:57:17.360317 19501 vbucket_config.cc:97] GetVbucketByKey key=test122 hash=2076565218 bucket=738
I0727 16:57:17.360348 19501 event_loop.cc:149] EventLoop::QueueInLoop tid=140613226092416 IsInLoopThread=0
I0727 16:57:17.360381 19502 memcache_client_pool.cc:225] LaunchCommand
I0727 16:57:17.360399 19502 event_loop.cc:149] EventLoop::QueueInLoop tid=140613198964480 IsInLoopThread=0
I0727 16:57:17.360472 19505 vbucket_config.cc:59] SelectServerId selected_server_id=3 last_id=65535
I0727 16:57:17.360507 19505 memcache_client_pool.cc:242] vbucket:738server ip=123.125.160.27:20011
I0727 16:57:17.360527 19505 invoke_timer.cc:10] InvokeTimer::InvokeTimer tid=140613173786368 this=0x7fe2f8001a10
I0727 16:57:17.360538 19505 invoke_timer.cc:29] InvokeTimer::Start tid=140613173786368 this=0x7fe2f8001a10 refcount=2
I0727 16:57:17.360551 19505 invoke_timer.cc:40] InvokeTimer::AsyncWait tid=140613173786368 this=0x7fe2f8001a10 refcount=2
I0727 16:57:17.361202 19505 fd_channel.cc:149] HandleEvent fd=48 kReadable
I0727 16:57:17.361271 19505 invoke_timer.cc:59] InvokeTimer::OnCanceled tid=140613173786368 this=0x7fe2f8001a10
I0727 16:57:17.361294 19505 invoke_timer.cc:20] InvokeTimer::~InvokeTimer tid=140613173786368 this=0x7fe2f8001a10
I0727 16:57:17.361317 19505 event_loop.cc:149] EventLoop::QueueInLoop tid=140613173786368 IsInLoopThread=0
I0727 16:57:17.361351 19505 binary_codec.cc:90] OnResponsePacket SET, opaque=8
I0727 16:57:17.361387 19502 mcpool_test.cc:11] +++++++++++++ OnTestSetDone code=0 test122
I0727 16:57:17.361486 19501 vbucket_config.cc:97] GetVbucketByKey key=test123 hash=1206322124 bucket=972
I0727 16:57:17.361522 19501 event_loop.cc:149] EventLoop::QueueInLoop tid=140613226092416 IsInLoopThread=0
I0727 16:57:17.361572 19502 memcache_client_pool.cc:225] LaunchCommand
I0727 16:57:17.361590 19502 event_loop.cc:149] EventLoop::QueueInLoop tid=140613198964480 IsInLoopThread=0
I0727 16:57:17.361678 19506 vbucket_config.cc:59] SelectServerId selected_server_id=0 last_id=65535
I0727 16:57:17.361719 19506 memcache_client_pool.cc:242] vbucket:972server ip=123.125.160.30:20011
I0727 16:57:17.361747 19506 invoke_timer.cc:10] InvokeTimer::InvokeTimer tid=140613165393664 this=0x7fe2fc001a10
I0727 16:57:17.361765 19506 invoke_timer.cc:29] InvokeTimer::Start tid=140613165393664 this=0x7fe2fc001a10 refcount=2
I0727 16:57:17.361785 19506 invoke_timer.cc:40] InvokeTimer::AsyncWait tid=140613165393664 this=0x7fe2fc001a10 refcount=2
I0727 16:57:17.362483 19506 fd_channel.cc:149] HandleEvent fd=49 kReadable
I0727 16:57:17.362555 19506 invoke_timer.cc:59] InvokeTimer::OnCanceled tid=140613165393664 this=0x7fe2fc001a10
I0727 16:57:17.362571 19506 invoke_timer.cc:20] InvokeTimer::~InvokeTimer tid=140613165393664 this=0x7fe2fc001a10
I0727 16:57:17.362588 19506 event_loop.cc:149] EventLoop::QueueInLoop tid=140613165393664 IsInLoopThread=0
I0727 16:57:17.362612 19506 binary_codec.cc:90] OnResponsePacket SET, opaque=2
I0727 16:57:17.362648 19502 mcpool_test.cc:11] +++++++++++++ OnTestSetDone code=0 test123
I0727 16:57:17.362658 19501 vbucket_config.cc:97] GetVbucketByKey key=test124 hash=1475488429 bucket=685
I0727 16:57:17.362689 19501 event_loop.cc:149] EventLoop::QueueInLoop tid=140613226092416 IsInLoopThread=0
I0727 16:57:17.362718 19502 memcache_client_pool.cc:225] LaunchCommand
I0727 16:57:17.362733 19502 event_loop.cc:149] EventLoop::QueueInLoop tid=140613198964480 IsInLoopThread=0
I0727 16:57:17.362776 19503 vbucket_config.cc:59] SelectServerId selected_server_id=1 last_id=65535
I0727 16:57:17.362797 19503 memcache_client_pool.cc:242] vbucket:685server ip=123.125.160.29:20011
I0727 16:57:17.362815 19503 invoke_timer.cc:10] InvokeTimer::InvokeTimer tid=140613190571776 this=0x7fe300001b50
I0727 16:57:17.362828 19503 invoke_timer.cc:29] InvokeTimer::Start tid=140613190571776 this=0x7fe300001b50 refcount=2
I0727 16:57:17.362840 19503 invoke_timer.cc:40] InvokeTimer::AsyncWait tid=140613190571776 this=0x7fe300001b50 refcount=2
I0727 16:57:17.363478 19503 fd_channel.cc:149] HandleEvent fd=35 kReadable
I0727 16:57:17.363530 19503 invoke_timer.cc:59] InvokeTimer::OnCanceled tid=140613190571776 this=0x7fe300001b50
I0727 16:57:17.363546 19503 invoke_timer.cc:20] InvokeTimer::~InvokeTimer tid=140613190571776 this=0x7fe300001b50
I0727 16:57:17.363562 19503 event_loop.cc:149] EventLoop::QueueInLoop tid=140613190571776 IsInLoopThread=0
I0727 16:57:17.363584 19503 binary_codec.cc:90] OnResponsePacket SET, opaque=5
I0727 16:57:17.363611 19502 mcpool_test.cc:11] +++++++++++++ OnTestSetDone code=0 test124
I0727 16:57:17.363796 19501 vbucket_config.cc:97] GetVbucketByKey key=test125 hash=1835559563 bucket=651
I0727 16:57:17.363827 19501 event_loop.cc:149] EventLoop::QueueInLoop tid=140613226092416 IsInLoopThread=0
I0727 16:57:17.363857 19502 memcache_client_pool.cc:225] LaunchCommand
I0727 16:57:17.363878 19502 event_loop.cc:149] EventLoop::QueueInLoop tid=140613198964480 IsInLoopThread=0
I0727 16:57:17.363946 19504 vbucket_config.cc:59] SelectServerId selected_server_id=3 last_id=65535
I0727 16:57:17.363975 19504 memcache_client_pool.cc:242] vbucket:651server ip=123.125.160.27:20011
I0727 16:57:17.363993 19504 invoke_timer.cc:10] InvokeTimer::InvokeTimer tid=140613182179072 this=0x7fe304001a10
I0727 16:57:17.364006 19504 invoke_timer.cc:29] InvokeTimer::Start tid=140613182179072 this=0x7fe304001a10 refcount=2
I0727 16:57:17.364019 19504 invoke_timer.cc:40] InvokeTimer::AsyncWait tid=140613182179072 this=0x7fe304001a10 refcount=2
I0727 16:57:17.364655 19504 fd_channel.cc:149] HandleEvent fd=43 kReadable
I0727 16:57:17.364708 19504 invoke_timer.cc:59] InvokeTimer::OnCanceled tid=140613182179072 this=0x7fe304001a10
I0727 16:57:17.364723 19504 invoke_timer.cc:20] InvokeTimer::~InvokeTimer tid=140613182179072 this=0x7fe304001a10
I0727 16:57:17.364739 19504 event_loop.cc:149] EventLoop::QueueInLoop tid=140613182179072 IsInLoopThread=0
I0727 16:57:17.364761 19504 binary_codec.cc:90] OnResponsePacket SET, opaque=11
I0727 16:57:17.364809 19502 mcpool_test.cc:11] +++++++++++++ OnTestSetDone code=0 test125
I0727 16:57:17.364936 19501 vbucket_config.cc:97] GetVbucketByKey key=test126 hash=3450891357 bucket=93
I0727 16:57:17.364967 19501 event_loop.cc:149] EventLoop::QueueInLoop tid=140613226092416 IsInLoopThread=0
I0727 16:57:17.365001 19502 memcache_client_pool.cc:225] LaunchCommand
I0727 16:57:17.365021 19502 event_loop.cc:149] EventLoop::QueueInLoop tid=140613198964480 IsInLoopThread=0
I0727 16:57:17.365104 19505 vbucket_config.cc:59] SelectServerId selected_server_id=3 last_id=65535
I0727 16:57:17.365133 19505 memcache_client_pool.cc:242] vbucket:93server ip=123.125.160.27:20011
I0727 16:57:17.365152 19505 invoke_timer.cc:10] InvokeTimer::InvokeTimer tid=140613173786368 this=0x7fe2f8001a10
I0727 16:57:17.365164 19505 invoke_timer.cc:29] InvokeTimer::Start tid=140613173786368 this=0x7fe2f8001a10 refcount=2
I0727 16:57:17.365177 19505 invoke_timer.cc:40] InvokeTimer::AsyncWait tid=140613173786368 this=0x7fe2f8001a10 refcount=2
I0727 16:57:17.365839 19505 fd_channel.cc:149] HandleEvent fd=48 kReadable
I0727 16:57:17.365914 19505 invoke_timer.cc:59] InvokeTimer::OnCanceled tid=140613173786368 this=0x7fe2f8001a10
