I0727 16:57:17.208712 19501 vbucket_config.cc:137] vbuckets[683].size= 2
I0727 16:57:17.208725 19501 vbucket_config.cc:137] vbuckets[684].size= 2
I0727 16:57:17.208737 19501 vbucket_config.cc:137] vbuckets[685].size= 2
I0727 16:57:17.208750 19501 vbucket_config.cc:137] vbuckets[686].size= 2
I0727 16:57:17.208762 19501 vbucket_config.cc:137] vbuckets[687].size= 2
I0727 16:57:17.208775 19501 vbucket_config.cc:137] vbuckets[688].size= 2
I0727 16:57:17.208787 19501 vbucket_config.cc:137] vbuckets[689].size= 2
I0727 16:57:17.208799 19501 vbucket_config.cc:137] vbuckets[690].size= 2
I0727 16:57:17.208812 19501 vbucket_config.cc:137] vbuckets[691].size= 2
I0727 16:57:17.208824 19501 vbucket_config.cc:137] vbuckets[692].size= 2
I0727 16:57:17.208837 19501 vbucket_config.cc:137] vbuckets[693].size= 2
I0727 16:57:17.208849 19501 vbucket_config.cc:137] vbuckets[694].size= 2
I0727 16:57:17.208861 19501 vbucket_config.cc:137] vbuckets[695].size= 2
I0727 16:57:17.208874 19501 vbucket_config.cc:137] vbuckets[696].size= 2
I0727 16:57:17.208886 19501 vbucket_config.cc:137] vbuckets[697].size= 2
I0727 16:57:17.208899 19501 vbucket_config.cc:137] vbuckets[698].size= 2
I0727 16:57:17.208911 19501 vbucket_config.cc:137] vbuckets[699].size= 2
I0727 16:57:17.208923 19501 vbucket_config.cc:137] vbuckets[700].size= 2
I0727 16:57:17.208935 19501 vbucket_config.cc:137] vbuckets[701].size= 2
I0727 16:57:17.208947 19501 vbucket_config.cc:137] vbuckets[702].size= 2
I0727 16:57:17.208961 19501 vbucket_config.cc:137] vbuckets[703].size= 2
I0727 16:57:17.208972 19501 vbucket_config.cc:137] vbuckets[704].size= 2
I0727 16:57:17.208984 19501 vbucket_config.cc:137] vbuckets[705].size= 2
I0727 16:57:17.208997 19501 vbucket_config.cc:137] vbuckets[706].size= 2
I0727 16:57:17.209009 19501 vbucket_config.cc:137] vbuckets[707].size= 2
I0727 16:57:17.209022 19501 vbucket_config.cc:137] vbuckets[708].size= 2
I0727 16:57:17.209034 19501 vbucket_config.cc:137] vbuckets[709].size= 2
I0727 16:57:17.209046 19501 vbucket_config.cc:137] vbuckets[710].size= 2
I0727 16:57:17.209059 19501 vbucket_config.cc:137] vbuckets[711].size= 2
I0727 16:57:17.209071 19501 vbucket_config.cc:137] vbuckets[712].size= 2
I0727 16:57:17.209084 19501 vbucket_config.cc:137] vbuckets[713].size= 2
I0727 16:57:17.209096 19501 vbucket_config.cc:137] vbuckets[714].size= 2
I0727 16:57:17.209108 19501 vbucket_config.cc:137] vbuckets[715].size= 2
I0727 16:57:17.209120 19501 vbucket_config.cc:137] vbuckets[716].size= 2
I0727 16:57:17.209132 19501 vbucket_config.cc:137] vbuckets[717].size= 2
I0727 16:57:17.209144 19501 vbucket_config.cc:137] vbuckets[718].size= 2
I0727 16:57:17.209157 19501 vbucket_config.cc:137] vbuckets[719].size= 2
I0727 16:57:17.209169 19501 vbucket_config.cc:137] vbuckets[720].size= 2
I0727 16:57:17.209182 19501 vbucket_config.cc:137] vbuckets[721].size= 2
I0727 16:57:17.209193 19501 vbucket_config.cc:137] vbuckets[722].size= 2
I0727 16:57:17.209205 19501 vbucket_config.cc:137] vbuckets[723].size= 2
I0727 16:57:17.209218 19501 vbucket_config.cc:137] vbuckets[724].size= 2
I0727 16:57:17.209230 19501 vbucket_config.cc:137] vbuckets[725].size= 2
I0727 16:57:17.209244 19501 vbucket_config.cc:137] vbuckets[726].size= 2
I0727 16:57:17.209255 19501 vbucket_config.cc:137] vbuckets[727].size= 2
I0727 16:57:17.209269 19501 vbucket_config.cc:137] vbuckets[728].size= 2
I0727 16:57:17.209287 19501 vbucket_config.cc:137] vbuckets[729].size= 2
I0727 16:57:17.209300 19501 vbucket_config.cc:137] vbuckets[730].size= 2
I0727 16:57:17.209313 19501 vbucket_config.cc:137] vbuckets[731].size= 2
I0727 16:57:17.209326 19501 vbucket_config.cc:137] vbuckets[732].size= 2
I0727 16:57:17.209338 19501 vbucket_config.cc:137] vbuckets[733].size= 2
I0727 16:57:17.209352 19501 vbucket_config.cc:137] vbuckets[734].size= 2
I0727 16:57:17.209363 19501 vbucket_config.cc:137] vbuckets[735].size= 2
I0727 16:57:17.209375 19501 vbucket_config.cc:137] vbuckets[736].size= 2
I0727 16:57:17.209388 19501 vbucket_config.cc:137] vbuckets[737].size= 2
I0727 16:57:17.209400 19501 vbucket_config.cc:137] vbuckets[738].size= 2
I0727 16:57:17.209413 19501 vbucket_config.cc:137] vbuckets[739].size= 2
I0727 16:57:17.209424 19501 vbucket_config.cc:137] vbuckets[740].size= 2
I0727 16:57:17.209437 19501 vbucket_config.cc:137] vbuckets[741].size= 2
I0727 16:57:17.209463 19501 vbucket_config.cc:137] vbuckets[742].size= 2
I0727 16:57:17.209477 19501 vbucket_config.cc:137] vbuckets[743].size= 2
I0727 16:57:17.209491 19501 vbucket_config.cc:137] vbuckets[744].size= 2
I0727 16:57:17.209503 19501 vbucket_config.cc:137] vbuckets[745].size= 2
I0727 16:57:17.209516 19501 vbucket_config.cc:137] vbuckets[746].size= 2
I0727 16:57:17.209528 19501 vbucket_config.cc:137] vbuckets[747].size= 2
I0727 16:57:17.209540 19501 vbucket_config.cc:137] vbuckets[748].size= 2
I0727 16:57:17.209553 19501 vbucket_config.cc:137] vbuckets[749].size= 2
I0727 16:57:17.209565 19501 vbucket_config.cc:137] vbuckets[750].size= 2
I0727 16:57:17.209578 19501 vbucket_config.cc:137] vbuckets[751].size= 2
I0727 16:57:17.209590 19501 vbucket_config.cc:137] vbuckets[752].size= 2
I0727 16:57:17.209604 19501 vbucket_config.cc:137] vbuckets[753].size= 2
I0727 16:57:17.209615 19501 vbucket_config.cc:137] vbuckets[754].size= 2
I0727 16:57:17.209627 19501 vbucket_config.cc:137] vbuckets[755].size= 2
I0727 16:57:17.209640 19501 vbucket_config.cc:137] vbuckets[756].size= 2
I0727 16:57:17.209652 19501 vbucket_config.cc:137] vbuckets[757].size= 2
I0727 16:57:17.209664 19501 vbucket_config.cc:137] vbuckets[758].size= 2
I0727 16:57:17.209676 19501 vbucket_config.cc:137] vbuckets[759].size= 2
I0727 16:57:17.209688 19501 vbucket_config.cc:137] vbuckets[760].size= 2
I0727 16:57:17.209702 19501 vbucket_config.cc:137] vbuckets[761].size= 2
I0727 16:57:17.209713 19501 vbucket_config.cc:137] vbuckets[762].size= 2
I0727 16:57:17.209727 19501 vbucket_config.cc:137] vbuckets[763].size= 2
I0727 16:57:17.209738 19501 vbucket_config.cc:137] vbuckets[764].size= 2
I0727 16:57:17.209751 19501 vbucket_config.cc:137] vbuckets[765].size= 2
I0727 16:57:17.209764 19501 vbucket_config.cc:137] vbuckets[766].size= 2
I0727 16:57:17.209775 19501 vbucket_config.cc:137] vbuckets[767].size= 2
I0727 16:57:17.209789 19501 vbucket_config.cc:137] vbuckets[768].size= 2
I0727 16:57:17.209800 19501 vbucket_config.cc:137] vbuckets[769].size= 2
I0727 16:57:17.209812 19501 vbucket_config.cc:137] vbuckets[770].size= 2
I0727 16:57:17.209825 19501 vbucket_config.cc:137] vbuckets[771].size= 2
I0727 16:57:17.209837 19501 vbucket_config.cc:137] vbuckets[772].size= 2
I0727 16:57:17.209849 19501 vbucket_config.cc:137] vbuckets[773].size= 2
I0727 16:57:17.209862 19501 vbucket_config.cc:137] vbuckets[774].size= 2
I0727 16:57:17.209874 19501 vbucket_config.cc:137] vbuckets[775].size= 2
I0727 16:57:17.209887 19501 vbucket_config.cc:137] vbuckets[776].size= 2
I0727 16:57:17.209899 19501 vbucket_config.cc:137] vbuckets[777].size= 2
I0727 16:57:17.209911 19501 vbucket_config.cc:137] vbuckets[778].size= 2
I0727 16:57:17.209924 19501 vbucket_config.cc:137] vbuckets[779].size= 2
I0727 16:57:17.209936 19501 vbucket_config.cc:137] vbuckets[780].size= 2
I0727 16:57:17.209949 19501 vbucket_config.cc:137] vbuckets[781].size= 2
I0727 16:57:17.209961 19501 vbucket_config.cc:137] vbuckets[782].size= 2
I0727 16:57:17.209974 19501 vbucket_config.cc:137] vbuckets[783].size= 2
I0727 16:57:17.209985 19501 vbucket_config.cc:137] vbuckets[784].size= 2
I0727 16:57:17.210006 19501 vbucket_config.cc:137] vbuckets[785].size= 2
I0727 16:57:17.210021 19501 vbucket_config.cc:137] vbuckets[786].size= 2
I0727 16:57:17.210032 19501 vbucket_config.cc:137] vbuckets[787].size= 2
I0727 16:57:17.210045 19501 vbucket_config.cc:137] vbuckets[788].size= 2
I0727 16:57:17.210057 19501 vbucket_config.cc:137] vbuckets[789].size= 2
I0727 16:57:17.210070 19501 vbucket_config.cc:137] vbuckets[790].size= 2
I0727 16:57:17.210083 19501 vbucket_config.cc:137] vbuckets[791].size= 2
I0727 16:57:17.210095 19501 vbucket_config.cc:137] vbuckets[792].size= 2
I0727 16:57:17.210108 19501 vbucket_config.cc:137] vbuckets[793].size= 2
I0727 16:57:17.210119 19501 vbucket_config.cc:137] vbuckets[794].size= 2
I0727 16:57:17.210132 19501 vbucket_config.cc:137] vbuckets[795].size= 2
I0727 16:57:17.210144 19501 vbucket_config.cc:137] vbuckets[796].size= 2
I0727 16:57:17.210157 19501 vbucket_config.cc:137] vbuckets[797].size= 2
I0727 16:57:17.210170 19501 vbucket_config.cc:137] vbuckets[798].size= 2
I0727 16:57:17.210182 19501 vbucket_config.cc:137] vbuckets[799].size= 2
I0727 16:57:17.210194 19501 vbucket_config.cc:137] vbuckets[800].size= 2
I0727 16:57:17.210207 19501 vbucket_config.cc:137] vbuckets[801].size= 2
I0727 16:57:17.210219 19501 vbucket_config.cc:137] vbuckets[802].size= 2
I0727 16:57:17.210232 19501 vbucket_config.cc:137] vbuckets[803].size= 2
I0727 16:57:17.210244 19501 vbucket_config.cc:137] vbuckets[804].size= 2
I0727 16:57:17.210258 19501 vbucket_config.cc:137] vbuckets[805].size= 2
I0727 16:57:17.210274 19501 vbucket_config.cc:137] vbuckets[806].size= 2
I0727 16:57:17.210288 19501 vbucket_config.cc:137] vbuckets[807].size= 2
I0727 16:57:17.210300 19501 vbucket_config.cc:137] vbuckets[808].size= 2
I0727 16:57:17.210312 19501 vbucket_config.cc:137] vbuckets[809].size= 2
I0727 16:57:17.210325 19501 vbucket_config.cc:137] vbuckets[810].size= 2
I0727 16:57:17.210337 19501 vbucket_config.cc:137] vbuckets[811].size= 2
I0727 16:57:17.210350 19501 vbucket_config.cc:137] vbuckets[812].size= 2
I0727 16:57:17.210362 19501 vbucket_config.cc:137] vbuckets[813].size= 2
I0727 16:57:17.210376 19501 vbucket_config.cc:137] vbuckets[814].size= 2
I0727 16:57:17.210387 19501 vbucket_config.cc:137] vbuckets[815].size= 2
I0727 16:57:17.210399 19501 vbucket_config.cc:137] vbuckets[816].size= 2
I0727 16:57:17.210412 19501 vbucket_config.cc:137] vbuckets[817].size= 2
I0727 16:57:17.210424 19501 vbucket_config.cc:137] vbuckets[818].size= 2
I0727 16:57:17.210436 19501 vbucket_config.cc:137] vbuckets[819].size= 2
I0727 16:57:17.210464 19501 vbucket_config.cc:137] vbuckets[820].size= 2
I0727 16:57:17.210477 19501 vbucket_config.cc:137] vbuckets[821].size= 2
I0727 16:57:17.210490 19501 vbucket_config.cc:137] vbuckets[822].size= 2
I0727 16:57:17.210502 19501 vbucket_config.cc:137] vbuckets[823].size= 2
I0727 16:57:17.210515 19501 vbucket_config.cc:137] vbuckets[824].size= 2
I0727 16:57:17.210527 19501 vbucket_config.cc:137] vbuckets[825].size= 2
I0727 16:57:17.210541 19501 vbucket_config.cc:137] vbuckets[826].size= 2
I0727 16:57:17.210552 19501 vbucket_config.cc:137] vbuckets[827].size= 2
I0727 16:57:17.210566 19501 vbucket_config.cc:137] vbuckets[828].size= 2
I0727 16:57:17.210577 19501 vbucket_config.cc:137] vbuckets[829].size= 2
I0727 16:57:17.210589 19501 vbucket_config.cc:137] vbuckets[830].size= 2
I0727 16:57:17.210602 19501 vbucket_config.cc:137] vbuckets[831].size= 2
I0727 16:57:17.210614 19501 vbucket_config.cc:137] vbuckets[832].size= 2
I0727 16:57:17.210626 19501 vbucket_config.cc:137] vbuckets[833].size= 2
I0727 16:57:17.210639 19501 vbucket_config.cc:137] vbuckets[834].size= 2
I0727 16:57:17.210651 19501 vbucket_config.cc:137] vbuckets[835].size= 2
I0727 16:57:17.210664 19501 vbucket_config.cc:137] vbuckets[836].size= 2
I0727 16:57:17.210676 19501 vbucket_config.cc:137] vbuckets[837].size= 2
I0727 16:57:17.210688 19501 vbucket_config.cc:137] vbuckets[838].size= 2
I0727 16:57:17.210700 19501 vbucket_config.cc:137] vbuckets[839].size= 2
I0727 16:57:17.210713 19501 vbucket_config.cc:137] vbuckets[840].size= 2
I0727 16:57:17.210733 19501 vbucket_config.cc:137] vbuckets[841].size= 2
I0727 16:57:17.210747 19501 vbucket_config.cc:137] vbuckets[842].size= 2
I0727 16:57:17.210760 19501 vbucket_config.cc:137] vbuckets[843].size= 2
I0727 16:57:17.210773 19501 vbucket_config.cc:137] vbuckets[844].size= 2
I0727 16:57:17.210785 19501 vbucket_config.cc:137] vbuckets[845].size= 2
I0727 16:57:17.210798 19501 vbucket_config.cc:137] vbuckets[846].size= 2
I0727 16:57:17.210810 19501 vbucket_config.cc:137] vbuckets[847].size= 2
I0727 16:57:17.210822 19501 vbucket_config.cc:137] vbuckets[848].size= 2
I0727 16:57:17.210835 19501 vbucket_config.cc:137] vbuckets[849].size= 2
I0727 16:57:17.210847 19501 vbucket_config.cc:137] vbuckets[850].size= 2
I0727 16:57:17.210860 19501 vbucket_config.cc:137] vbuckets[851].size= 2
I0727 16:57:17.210872 19501 vbucket_config.cc:137] vbuckets[852].size= 2
I0727 16:57:17.210885 19501 vbucket_config.cc:137] vbuckets[853].size= 2
I0727 16:57:17.210896 19501 vbucket_config.cc:137] vbuckets[854].size= 2
I0727 16:57:17.210908 19501 vbucket_config.cc:137] vbuckets[855].size= 2
I0727 16:57:17.210922 19501 vbucket_config.cc:137] vbuckets[856].size= 2
I0727 16:57:17.210933 19501 vbucket_config.cc:137] vbuckets[857].size= 2
I0727 16:57:17.210947 19501 vbucket_config.cc:137] vbuckets[858].size= 2
I0727 16:57:17.210959 19501 vbucket_config.cc:137] vbuckets[859].size= 2
I0727 16:57:17.210971 19501 vbucket_config.cc:137] vbuckets[860].size= 2
I0727 16:57:17.210984 19501 vbucket_config.cc:137] vbuckets[861].size= 2
I0727 16:57:17.210996 19501 vbucket_config.cc:137] vbuckets[862].size= 2
I0727 16:57:17.211009 19501 vbucket_config.cc:137] vbuckets[863].size= 2
I0727 16:57:17.211021 19501 vbucket_config.cc:137] vbuckets[864].size= 2
I0727 16:57:17.211033 19501 vbucket_config.cc:137] vbuckets[865].size= 2
I0727 16:57:17.211046 19501 vbucket_config.cc:137] vbuckets[866].size= 2
I0727 16:57:17.211060 19501 vbucket_config.cc:137] vbuckets[867].size= 2
I0727 16:57:17.211071 19501 vbucket_config.cc:137] vbuckets[868].size= 2
I0727 16:57:17.211083 19501 vbucket_config.cc:137] vbuckets[869].size= 2
I0727 16:57:17.211097 19501 vbucket_config.cc:137] vbuckets[870].size= 2
I0727 16:57:17.211108 19501 vbucket_config.cc:137] vbuckets[871].size= 2
I0727 16:57:17.211122 19501 vbucket_config.cc:137] vbuckets[872].size= 2
I0727 16:57:17.211133 19501 vbucket_config.cc:137] vbuckets[873].size= 2
I0727 16:57:17.211145 19501 vbucket_config.cc:137] vbuckets[874].size= 2
I0727 16:57:17.211158 19501 vbucket_config.cc:137] vbuckets[875].size= 2
I0727 16:57:17.211170 19501 vbucket_config.cc:137] vbuckets[876].size= 2
I0727 16:57:17.211182 19501 vbucket_config.cc:137] vbuckets[877].size= 2
I0727 16:57:17.211194 19501 vbucket_config.cc:137] vbuckets[878].size= 2
I0727 16:57:17.211207 19501 vbucket_config.cc:137] vbuckets[879].size= 2
I0727 16:57:17.211220 19501 vbucket_config.cc:137] vbuckets[880].size= 2
I0727 16:57:17.211231 19501 vbucket_config.cc:137] vbuckets[881].size= 2
I0727 16:57:17.211244 19501 vbucket_config.cc:137] vbuckets[882].size= 2
I0727 16:57:17.211256 19501 vbucket_config.cc:137] vbuckets[883].size= 2
I0727 16:57:17.211268 19501 vbucket_config.cc:137] vbuckets[884].size= 2
I0727 16:57:17.211282 19501 vbucket_config.cc:137] vbuckets[885].size= 2
I0727 16:57:17.211293 19501 vbucket_config.cc:137] vbuckets[886].size= 2
I0727 16:57:17.211307 19501 vbucket_config.cc:137] vbuckets[887].size= 2
I0727 16:57:17.211318 19501 vbucket_config.cc:137] vbuckets[888].size= 2
I0727 16:57:17.211330 19501 vbucket_config.cc:137] vbuckets[889].size= 2
I0727 16:57:17.211343 19501 vbucket_config.cc:137] vbuckets[890].size= 2
I0727 16:57:17.211354 19501 vbucket_config.cc:137] vbuckets[891].size= 2
I0727 16:57:17.211366 19501 vbucket_config.cc:137] vbuckets[892].size= 2
I0727 16:57:17.211379 19501 vbucket_config.cc:137] vbuckets[893].size= 2
I0727 16:57:17.211390 19501 vbucket_config.cc:137] vbuckets[894].size= 2
I0727 16:57:17.211403 19501 vbucket_config.cc:137] vbuckets[895].size= 2
I0727 16:57:17.211416 19501 vbucket_config.cc:137] vbuckets[896].size= 2
I0727 16:57:17.211457 19501 vbucket_config.cc:137] vbuckets[897].size= 2
I0727 16:57:17.211477 19501 vbucket_config.cc:137] vbuckets[898].size= 2
I0727 16:57:17.211489 19501 vbucket_config.cc:137] vbuckets[899].size= 2
I0727 16:57:17.211503 19501 vbucket_config.cc:137] vbuckets[900].size= 2
I0727 16:57:17.211514 19501 vbucket_config.cc:137] vbuckets[901].size= 2
I0727 16:57:17.211527 19501 vbucket_config.cc:137] vbuckets[902].size= 2
I0727 16:57:17.211539 19501 vbucket_config.cc:137] vbuckets[903].size= 2
I0727 16:57:17.211552 19501 vbucket_config.cc:137] vbuckets[904].size= 2
I0727 16:57:17.211565 19501 vbucket_config.cc:137] vbuckets[905].size= 2
I0727 16:57:17.211577 19501 vbucket_config.cc:137] vbuckets[906].size= 2
I0727 16:57:17.211590 19501 vbucket_config.cc:137] vbuckets[907].size= 2
I0727 16:57:17.211602 19501 vbucket_config.cc:137] vbuckets[908].size= 2
I0727 16:57:17.211614 19501 vbucket_config.cc:137] vbuckets[909].size= 2
I0727 16:57:17.211627 19501 vbucket_config.cc:137] vbuckets[910].size= 2
I0727 16:57:17.211638 19501 vbucket_config.cc:137] vbuckets[911].size= 2
I0727 16:57:17.211652 19501 vbucket_config.cc:137] vbuckets[912].size= 2
I0727 16:57:17.211663 19501 vbucket_config.cc:137] vbuckets[913].size= 2
I0727 16:57:17.211675 19501 vbucket_config.cc:137] vbuckets[914].size= 2
I0727 16:57:17.211688 19501 vbucket_config.cc:137] vbuckets[915].size= 2
I0727 16:57:17.211700 19501 vbucket_config.cc:137] vbuckets[916].size= 2
I0727 16:57:17.211712 19501 vbucket_config.cc:137] vbuckets[917].size= 2
I0727 16:57:17.211724 19501 vbucket_config.cc:137] vbuckets[918].size= 2
I0727 16:57:17.211736 19501 vbucket_config.cc:137] vbuckets[919].size= 2
I0727 16:57:17.211750 19501 vbucket_config.cc:137] vbuckets[920].size= 2
I0727 16:57:17.211761 19501 vbucket_config.cc:137] vbuckets[921].size= 2
I0727 16:57:17.211773 19501 vbucket_config.cc:137] vbuckets[922].size= 2
I0727 16:57:17.211786 19501 vbucket_config.cc:137] vbuckets[923].size= 2
I0727 16:57:17.211798 19501 vbucket_config.cc:137] vbuckets[924].size= 2
I0727 16:57:17.211812 19501 vbucket_config.cc:137] vbuckets[925].size= 2
I0727 16:57:17.211823 19501 vbucket_config.cc:137] vbuckets[926].size= 2
I0727 16:57:17.211835 19501 vbucket_config.cc:137] vbuckets[927].size= 2
I0727 16:57:17.211848 19501 vbucket_config.cc:137] vbuckets[928].size= 2
I0727 16:57:17.211864 19501 vbucket_config.cc:137] vbuckets[929].size= 2
I0727 16:57:17.211879 19501 vbucket_config.cc:137] vbuckets[930].size= 2
I0727 16:57:17.211890 19501 vbucket_config.cc:137] vbuckets[931].size= 2
I0727 16:57:17.211904 19501 vbucket_config.cc:137] vbuckets[932].size= 2
I0727 16:57:17.211915 19501 vbucket_config.cc:137] vbuckets[933].size= 2
I0727 16:57:17.211928 19501 vbucket_config.cc:137] vbuckets[934].size= 2
I0727 16:57:17.211941 19501 vbucket_config.cc:137] vbuckets[935].size= 2
I0727 16:57:17.211952 19501 vbucket_config.cc:137] vbuckets[936].size= 2
I0727 16:57:17.211964 19501 vbucket_config.cc:137] vbuckets[937].size= 2
I0727 16:57:17.211977 19501 vbucket_config.cc:137] vbuckets[938].size= 2
I0727 16:57:17.211989 19501 vbucket_config.cc:137] vbuckets[939].size= 2
I0727 16:57:17.212002 19501 vbucket_config.cc:137] vbuckets[940].size= 2
I0727 16:57:17.212013 19501 vbucket_config.cc:137] vbuckets[941].size= 2
I0727 16:57:17.212026 19501 vbucket_config.cc:137] vbuckets[942].size= 2
I0727 16:57:17.212038 19501 vbucket_config.cc:137] vbuckets[943].size= 2
I0727 16:57:17.212050 19501 vbucket_config.cc:137] vbuckets[944].size= 2
I0727 16:57:17.212062 19501 vbucket_config.cc:137] vbuckets[945].size= 2
I0727 16:57:17.212075 19501 vbucket_config.cc:137] vbuckets[946].size= 2
I0727 16:57:17.212087 19501 vbucket_config.cc:137] vbuckets[947].size= 2
I0727 16:57:17.212100 19501 vbucket_config.cc:137] vbuckets[948].size= 2
I0727 16:57:17.212112 19501 vbucket_config.cc:137] vbuckets[949].size= 2
I0727 16:57:17.212124 19501 vbucket_config.cc:137] vbuckets[950].size= 2
I0727 16:57:17.212137 19501 vbucket_config.cc:137] vbuckets[951].size= 2
I0727 16:57:17.212149 19501 vbucket_config.cc:137] vbuckets[952].size= 2
I0727 16:57:17.212169 19501 vbucket_config.cc:137] vbuckets[953].size= 2
I0727 16:57:17.212182 19501 vbucket_config.cc:137] vbuckets[954].size= 2
I0727 16:57:17.212194 19501 vbucket_config.cc:137] vbuckets[955].size= 2
I0727 16:57:17.212208 19501 vbucket_config.cc:137] vbuckets[956].size= 2
I0727 16:57:17.212219 19501 vbucket_config.cc:137] vbuckets[957].size= 2
I0727 16:57:17.212231 19501 vbucket_config.cc:137] vbuckets[958].size= 2
I0727 16:57:17.212244 19501 vbucket_config.cc:137] vbuckets[959].size= 2
I0727 16:57:17.212256 19501 vbucket_config.cc:137] vbuckets[960].size= 2
I0727 16:57:17.212268 19501 vbucket_config.cc:137] vbuckets[961].size= 2
I0727 16:57:17.212280 19501 vbucket_config.cc:137] vbuckets[962].size= 2
I0727 16:57:17.212293 19501 vbucket_config.cc:137] vbuckets[963].size= 2
I0727 16:57:17.212306 19501 vbucket_config.cc:137] vbuckets[964].size= 2
I0727 16:57:17.212318 19501 vbucket_config.cc:137] vbuckets[965].size= 2
I0727 16:57:17.212330 19501 vbucket_config.cc:137] vbuckets[966].size= 2
I0727 16:57:17.212342 19501 vbucket_config.cc:137] vbuckets[967].size= 2
I0727 16:57:17.212354 19501 vbucket_config.cc:137] vbuckets[968].size= 2
I0727 16:57:17.212368 19501 vbucket_config.cc:137] vbuckets[969].size= 2
I0727 16:57:17.212379 19501 vbucket_config.cc:137] vbuckets[970].size= 2
I0727 16:57:17.212391 19501 vbucket_config.cc:137] vbuckets[971].size= 2
I0727 16:57:17.212404 19501 vbucket_config.cc:137] vbuckets[972].size= 2
I0727 16:57:17.212416 19501 vbucket_config.cc:137] vbuckets[973].size= 2
I0727 16:57:17.212429 19501 vbucket_config.cc:137] vbuckets[974].size= 2
I0727 16:57:17.212447 19501 vbucket_config.cc:137] vbuckets[975].size= 2
I0727 16:57:17.212467 19501 vbucket_config.cc:137] vbuckets[976].size= 2
I0727 16:57:17.212481 19501 vbucket_config.cc:137] vbuckets[977].size= 2
I0727 16:57:17.212493 19501 vbucket_config.cc:137] vbuckets[978].size= 2
I0727 16:57:17.212505 19501 vbucket_config.cc:137] vbuckets[979].size= 2
I0727 16:57:17.212518 19501 vbucket_config.cc:137] vbuckets[980].size= 2
I0727 16:57:17.212530 19501 vbucket_config.cc:137] vbuckets[981].size= 2
I0727 16:57:17.212543 19501 vbucket_config.cc:137] vbuckets[982].size= 2
I0727 16:57:17.212555 19501 vbucket_config.cc:137] vbuckets[983].size= 2
I0727 16:57:17.212568 19501 vbucket_config.cc:137] vbuckets[984].size= 2
I0727 16:57:17.212580 19501 vbucket_config.cc:137] vbuckets[985].size= 2
I0727 16:57:17.212592 19501 vbucket_config.cc:137] vbuckets[986].size= 2
I0727 16:57:17.212604 19501 vbucket_config.cc:137] vbuckets[987].size= 2
I0727 16:57:17.212617 19501 vbucket_config.cc:137] vbuckets[988].size= 2
I0727 16:57:17.212630 19501 vbucket_config.cc:137] vbuckets[989].size= 2
I0727 16:57:17.212641 19501 vbucket_config.cc:137] vbuckets[990].size= 2
I0727 16:57:17.212654 19501 vbucket_config.cc:137] vbuckets[991].size= 2
I0727 16:57:17.212666 19501 vbucket_config.cc:137] vbuckets[992].size= 2
I0727 16:57:17.212678 19501 vbucket_config.cc:137] vbuckets[993].size= 2
I0727 16:57:17.212692 19501 vbucket_config.cc:137] vbuckets[994].size= 2
I0727 16:57:17.212703 19501 vbucket_config.cc:137] vbuckets[995].size= 2
I0727 16:57:17.212715 19501 vbucket_config.cc:137] vbuckets[996].size= 2
I0727 16:57:17.212728 19501 vbucket_config.cc:137] vbuckets[997].size= 2
I0727 16:57:17.212740 19501 vbucket_config.cc:137] vbuckets[998].size= 2
I0727 16:57:17.212752 19501 vbucket_config.cc:137] vbuckets[999].size= 2
I0727 16:57:17.212764 19501 vbucket_config.cc:137] vbuckets[1000].size= 2
I0727 16:57:17.212776 19501 vbucket_config.cc:137] vbuckets[1001].size= 2
I0727 16:57:17.212790 19501 vbucket_config.cc:137] vbuckets[1002].size= 2
I0727 16:57:17.212801 19501 vbucket_config.cc:137] vbuckets[1003].size= 2
I0727 16:57:17.212813 19501 vbucket_config.cc:137] vbuckets[1004].size= 2
I0727 16:57:17.212826 19501 vbucket_config.cc:137] vbuckets[1005].size= 2
I0727 16:57:17.212838 19501 vbucket_config.cc:137] vbuckets[1006].size= 2
I0727 16:57:17.212851 19501 vbucket_config.cc:137] vbuckets[1007].size= 2
I0727 16:57:17.212863 19501 vbucket_config.cc:137] vbuckets[1008].size= 2
I0727 16:57:17.212882 19501 vbucket_config.cc:137] vbuckets[1009].size= 2
I0727 16:57:17.212895 19501 vbucket_config.cc:137] vbuckets[1010].size= 2
I0727 16:57:17.212908 19501 vbucket_config.cc:137] vbuckets[1011].size= 2
I0727 16:57:17.212920 19501 vbucket_config.cc:137] vbuckets[1012].size= 2
I0727 16:57:17.212934 19501 vbucket_config.cc:137] vbuckets[1013].size= 2
I0727 16:57:17.212945 19501 vbucket_config.cc:137] vbuckets[1014].size= 2
I0727 16:57:17.212959 19501 vbucket_config.cc:137] vbuckets[1015].size= 2
I0727 16:57:17.212970 19501 vbucket_config.cc:137] vbuckets[1016].size= 2
I0727 16:57:17.212982 19501 vbucket_config.cc:137] vbuckets[1017].size= 2
I0727 16:57:17.212996 19501 vbucket_config.cc:137] vbuckets[1018].size= 2
I0727 16:57:17.213007 19501 vbucket_config.cc:137] vbuckets[1019].size= 2
I0727 16:57:17.213019 19501 vbucket_config.cc:137] vbuckets[1020].size= 2
I0727 16:57:17.213032 19501 vbucket_config.cc:137] vbuckets[1021].size= 2
I0727 16:57:17.213044 19501 vbucket_config.cc:137] vbuckets[1022].size= 2
I0727 16:57:17.213057 19501 vbucket_config.cc:137] vbuckets[1023].size= 2
I0727 16:57:17.213080 19501 memcache_client_pool.cc:35] DoReloadConf load ok, file=./kill_storage_cluster.json
I0727 16:57:17.214395 19501 invoke_timer.cc:10] InvokeTimer::InvokeTimer tid=140613226092416 this=0x121c8d0
I0727 16:57:17.214473 19501 invoke_timer.cc:29] InvokeTimer::Start tid=140613226092416 this=0x121c8d0 refcount=2
I0727 16:57:17.214539 19501 event_loop.cc:149] EventLoop::QueueInLoop tid=140613226092416 IsInLoopThread=0
I0727 16:57:17.214656 19501 memcache_client_pool.cc:74] Start new tcp_client=0x121f640 loop=0 server=123.125.160.30:20011
I0727 16:57:17.214742 19501 event_loop.cc:149] EventLoop::QueueInLoop tid=140613226092416 IsInLoopThread=0
I0727 16:57:17.214754 19503 invoke_timer.cc:40] InvokeTimer::AsyncWait tid=140613190571776 this=0x121c8d0 refcount=1
I0727 16:57:17.214792 19501 memcache_client_pool.cc:74] Start new tcp_client=0x121fd90 loop=0 server=123.125.160.29:20011
I0727 16:57:17.214820 19501 event_loop.cc:149] EventLoop::QueueInLoop tid=140613226092416 IsInLoopThread=0
I0727 16:57:17.214861 19501 memcache_client_pool.cc:74] Start new tcp_client=0x12205b0 loop=0 server=123.125.160.28:20011
I0727 16:57:17.214884 19501 event_loop.cc:149] EventLoop::QueueInLoop tid=140613226092416 IsInLoopThread=0
I0727 16:57:17.214900 19503 connector.cc:13] Connector::Connector this=0x7fe300000a70 raddr=123.125.160.30:20011
I0727 16:57:17.214913 19501 memcache_client_pool.cc:74] Start new tcp_client=0x1220ce0 loop=0 server=123.125.160.27:20011
I0727 16:57:17.214936 19501 event_loop.cc:149] EventLoop::QueueInLoop tid=140613226092416 IsInLoopThread=0
I0727 16:57:17.214969 19501 memcache_client_pool.cc:74] Start new tcp_client=0x1221500 loop=0 server=123.125.160.26:20011
I0727 16:57:17.214993 19501 event_loop.cc:149] EventLoop::QueueInLoop tid=140613226092416 IsInLoopThread=0
I0727 16:57:17.215021 19501 memcache_client_pool.cc:74] Start new tcp_client=0x1221d30 loop=0 server=123.125.160.25:20011
I0727 16:57:17.215024 19503 connector.cc:32] Try to connect 123.125.160.30:20011 status=kDisconnected
I0727 16:57:17.215044 19501 event_loop.cc:149] EventLoop::QueueInLoop tid=140613226092416 IsInLoopThread=0
I0727 16:57:17.215081 19501 memcache_client_pool.cc:74] Start new tcp_client=0x12224d0 loop=1 server=123.125.160.30:20011
I0727 16:57:17.215104 19501 event_loop.cc:149] EventLoop::QueueInLoop tid=140613226092416 IsInLoopThread=0
I0727 16:57:17.215137 19501 memcache_client_pool.cc:74] Start new tcp_client=0x1222c90 loop=1 server=123.125.160.29:20011
I0727 16:57:17.215157 19501 event_loop.cc:149] EventLoop::QueueInLoop tid=140613226092416 IsInLoopThread=0
I0727 16:57:17.215190 19501 memcache_client_pool.cc:74] Start new tcp_client=0x1223490 loop=1 server=123.125.160.28:20011
I0727 16:57:17.215209 19504 connector.cc:13] Connector::Connector this=0x7fe3040008c0 raddr=123.125.160.30:20011
I0727 16:57:17.215229 19503 connector.cc:70] this=0x7fe300000a70 new FdChannel p=0x7fe300000c70 fd=33
I0727 16:57:17.215212 19501 event_loop.cc:149] EventLoop::QueueInLoop tid=140613226092416 IsInLoopThread=0
I0727 16:57:17.215281 19504 connector.cc:32] Try to connect 123.125.160.30:20011 status=kDisconnected
I0727 16:57:17.215306 19503 fd_channel.cc:50] this=0x7fe300000c70 fd=33 watching event kWritable
I0727 16:57:17.215330 19503 connector.cc:13] Connector::Connector this=0x7fe300000d90 raddr=123.125.160.29:20011
I0727 16:57:17.215334 19501 memcache_client_pool.cc:74] Start new tcp_client=0x122b510 loop=1 server=123.125.160.27:20011
I0727 16:57:17.215358 19503 connector.cc:32] Try to connect 123.125.160.29:20011 status=kDisconnected
I0727 16:57:17.215364 19501 event_loop.cc:149] EventLoop::QueueInLoop tid=140613226092416 IsInLoopThread=0
I0727 16:57:17.215392 19504 connector.cc:70] this=0x7fe3040008c0 new FdChannel p=0x7fe304000b30 fd=34
I0727 16:57:17.215405 19501 memcache_client_pool.cc:74] Start new tcp_client=0x122bcb0 loop=1 server=123.125.160.26:20011
I0727 16:57:17.215426 19503 connector.cc:70] this=0x7fe300000d90 new FdChannel p=0x7fe300000f60 fd=35
I0727 16:57:17.215461 19501 event_loop.cc:149] EventLoop::QueueInLoop tid=140613226092416 IsInLoopThread=0
I0727 16:57:17.215461 19504 fd_channel.cc:50] this=0x7fe304000b30 fd=34 watching event kWritable
I0727 16:57:17.215483 19503 fd_channel.cc:50] this=0x7fe300000f60 fd=35 watching event kWritable
I0727 16:57:17.215509 19504 connector.cc:13] Connector::Connector this=0x7fe304000c50 raddr=123.125.160.29:20011
I0727 16:57:17.215510 19501 memcache_client_pool.cc:74] Start new tcp_client=0x122c5f0 loop=1 server=123.125.160.25:20011
I0727 16:57:17.215538 19503 connector.cc:13] Connector::Connector this=0x7fe3000010b0 raddr=123.125.160.28:20011
I0727 16:57:17.215541 19504 connector.cc:32] Try to connect 123.125.160.29:20011 status=kDisconnected
I0727 16:57:17.215556 19501 event_loop.cc:149] EventLoop::QueueInLoop tid=140613226092416 IsInLoopThread=0
I0727 16:57:17.215574 19503 connector.cc:32] Try to connect 123.125.160.28:20011 status=kDisconnected
I0727 16:57:17.215620 19501 memcache_client_pool.cc:74] Start new tcp_client=0x1224000 loop=2 server=123.125.160.30:20011
I0727 16:57:17.215658 19501 event_loop.cc:149] EventLoop::QueueInLoop tid=140613226092416 IsInLoopThread=0
I0727 16:57:17.215665 19503 connector.cc:70] this=0x7fe3000010b0 new FdChannel p=0x7fe300001280 fd=37
I0727 16:57:17.215695 19501 memcache_client_pool.cc:74] Start new tcp_client=0x1224780 loop=2 server=123.125.160.29:20011
I0727 16:57:17.215706 19503 fd_channel.cc:50] this=0x7fe300001280 fd=37 watching event kWritable
I0727 16:57:17.215626 19504 connector.cc:70] this=0x7fe304000c50 new FdChannel p=0x7fe304000e20 fd=36
I0727 16:57:17.215723 19505 connector.cc:13] Connector::Connector this=0x7fe2f80008c0 raddr=123.125.160.30:20011
I0727 16:57:17.215726 19503 connector.cc:13] Connector::Connector this=0x7fe3000013d0 raddr=123.125.160.27:20011
I0727 16:57:17.215721 19501 event_loop.cc:149] EventLoop::QueueInLoop tid=140613226092416 IsInLoopThread=0
I0727 16:57:17.215780 19504 fd_channel.cc:50] this=0x7fe304000e20 fd=36 watching event kWritable
I0727 16:57:17.215782 19505 connector.cc:32] Try to connect 123.125.160.30:20011 status=kDisconnected
I0727 16:57:17.215795 19503 connector.cc:32] Try to connect 123.125.160.27:20011 status=kDisconnected
I0727 16:57:17.215837 19501 memcache_client_pool.cc:74] Start new tcp_client=0x1224f60 loop=2 server=123.125.160.28:20011
I0727 16:57:17.215844 19504 connector.cc:13] Connector::Connector this=0x7fe304000f70 raddr=123.125.160.28:20011
I0727 16:57:17.215872 19505 connector.cc:70] this=0x7fe2f80008c0 new FdChannel p=0x7fe2f8000b30 fd=38
I0727 16:57:17.215873 19503 connector.cc:70] this=0x7fe3000013d0 new FdChannel p=0x7fe3000015a0 fd=39
I0727 16:57:17.215898 19504 connector.cc:32] Try to connect 123.125.160.28:20011 status=kDisconnected
I0727 16:57:17.215886 19501 event_loop.cc:149] EventLoop::QueueInLoop tid=140613226092416 IsInLoopThread=0
I0727 16:57:17.215920 19503 fd_channel.cc:50] this=0x7fe3000015a0 fd=39 watching event kWritable
I0727 16:57:17.215909 19505 fd_channel.cc:50] this=0x7fe2f8000b30 fd=38 watching event kWritable
I0727 16:57:17.215939 19503 connector.cc:13] Connector::Connector this=0x7fe3000016f0 raddr=123.125.160.26:20011
I0727 16:57:17.215953 19501 memcache_client_pool.cc:74] Start new tcp_client=0x1225640 loop=2 server=123.125.160.27:20011
I0727 16:57:17.215982 19504 connector.cc:70] this=0x7fe304000f70 new FdChannel p=0x7fe304001140 fd=40
I0727 16:57:17.215982 19505 connector.cc:13] Connector::Connector this=0x7fe2f8000c50 raddr=123.125.160.29:20011
I0727 16:57:17.215984 19503 connector.cc:32] Try to connect 123.125.160.26:20011 status=kDisconnected
I0727 16:57:17.215993 19501 event_loop.cc:149] EventLoop::QueueInLoop tid=140613226092416 IsInLoopThread=0
I0727 16:57:17.216025 19504 fd_channel.cc:50] this=0x7fe304001140 fd=40 watching event kWritable
I0727 16:57:17.216037 19505 connector.cc:32] Try to connect 123.125.160.29:20011 status=kDisconnected
I0727 16:57:17.216044 19504 connector.cc:13] Connector::Connector this=0x7fe304001290 raddr=123.125.160.27:20011
I0727 16:57:17.216058 19501 memcache_client_pool.cc:74] Start new tcp_client=0x1225f30 loop=2 server=123.125.160.26:20011
I0727 16:57:17.216068 19504 connector.cc:32] Try to connect 123.125.160.27:20011 status=kDisconnected
I0727 16:57:17.216084 19503 connector.cc:70] this=0x7fe3000016f0 new FdChannel p=0x7fe3000018c0 fd=41
I0727 16:57:17.216100 19505 connector.cc:70] this=0x7fe2f8000c50 new FdChannel p=0x7fe2f8000e20 fd=42
I0727 16:57:17.216120 19503 fd_channel.cc:50] this=0x7fe3000018c0 fd=41 watching event kWritable
I0727 16:57:17.216126 19504 connector.cc:70] this=0x7fe304001290 new FdChannel p=0x7fe304001460 fd=43
I0727 16:57:17.216086 19501 event_loop.cc:149] EventLoop::QueueInLoop tid=140613226092416 IsInLoopThread=0
I0727 16:57:17.216143 19505 fd_channel.cc:50] this=0x7fe2f8000e20 fd=42 watching event kWritable
I0727 16:57:17.216145 19503 connector.cc:13] Connector::Connector this=0x7fe300001a10 raddr=123.125.160.25:20011
I0727 16:57:17.216167 19505 connector.cc:13] Connector::Connector this=0x7fe2f8000f70 raddr=123.125.160.28:20011
I0727 16:57:17.216156 19504 fd_channel.cc:50] this=0x7fe304001460 fd=43 watching event kWritable
I0727 16:57:17.216183 19501 memcache_client_pool.cc:74] Start new tcp_client=0x1226750 loop=2 server=123.125.160.25:20011
I0727 16:57:17.216200 19504 connector.cc:13] Connector::Connector this=0x7fe3040015b0 raddr=123.125.160.26:20011
I0727 16:57:17.216187 19503 connector.cc:32] Try to connect 123.125.160.25:20011 status=kDisconnected
I0727 16:57:17.216194 19505 connector.cc:32] Try to connect 123.125.160.28:20011 status=kDisconnected
I0727 16:57:17.216225 19504 connector.cc:32] Try to connect 123.125.160.26:20011 status=kDisconnected
I0727 16:57:17.216220 19501 event_loop.cc:149] EventLoop::QueueInLoop tid=140613226092416 IsInLoopThread=0
I0727 16:57:17.216272 19501 memcache_client_pool.cc:74] Start new tcp_client=0x1226f80 loop=3 server=123.125.160.30:20011
I0727 16:57:17.216292 19504 connector.cc:70] this=0x7fe3040015b0 new FdChannel p=0x7fe304001780 fd=46
I0727 16:57:17.216274 19503 connector.cc:70] this=0x7fe300001a10 new FdChannel p=0x7fe300001be0 fd=44
I0727 16:57:17.216316 19501 event_loop.cc:149] EventLoop::QueueInLoop tid=140613226092416 IsInLoopThread=0
I0727 16:57:17.216284 19505 connector.cc:70] this=0x7fe2f8000f70 new FdChannel p=0x7fe2f8001140 fd=45
I0727 16:57:17.216331 19504 fd_channel.cc:50] this=0x7fe304001780 fd=46 watching event kWritable
I0727 16:57:17.216343 19503 fd_channel.cc:50] this=0x7fe300001be0 fd=44 watching event kWritable
I0727 16:57:17.216351 19504 connector.cc:13] Connector::Connector this=0x7fe3040018d0 raddr=123.125.160.25:20011
I0727 16:57:17.216354 19505 fd_channel.cc:50] this=0x7fe2f8001140 fd=45 watching event kWritable
I0727 16:57:17.216372 19503 fd_channel.cc:149] HandleEvent fd=33 kWritable
I0727 16:57:17.216372 19504 connector.cc:32] Try to connect 123.125.160.25:20011 status=kDisconnected
I0727 16:57:17.216392 19505 connector.cc:13] Connector::Connector this=0x7fe2f8001290 raddr=123.125.160.27:20011
I0727 16:57:17.216416 19505 connector.cc:32] Try to connect 123.125.160.27:20011 status=kDisconnected
I0727 16:57:17.216419 19503 fd_channel.cc:108] DetachFromLoop this=0x7fe300000c70 fd=33 detach from event loop
I0727 16:57:17.216431 19506 connector.cc:13] Connector::Connector this=0x7fe2fc0008c0 raddr=123.125.160.30:20011
I0727 16:57:17.216470 19504 connector.cc:70] this=0x7fe3040018d0 new FdChannel p=0x7fe304001aa0 fd=47
I0727 16:57:17.216512 19505 connector.cc:70] this=0x7fe2f8001290 new FdChannel p=0x7fe2f8001460 fd=48
I0727 16:57:17.216531 19506 connector.cc:32] Try to connect 123.125.160.30:20011 status=kDisconnected
I0727 16:57:17.216423 19501 memcache_client_pool.cc:74] Start new tcp_client=0x12276f0 loop=3 server=123.125.160.29:20011
I0727 16:57:17.216544 19505 fd_channel.cc:50] this=0x7fe2f8001460 fd=48 watching event kWritable
I0727 16:57:17.216539 19504 fd_channel.cc:50] this=0x7fe304001aa0 fd=47 watching event kWritable
I0727 16:57:17.216563 19503 tcp_client.cc:67] Successfully connected to 123.125.160.30:20011
I0727 16:57:17.216565 19505 connector.cc:13] Connector::Connector this=0x7fe2f80015b0 raddr=123.125.160.26:20011
I0727 16:57:17.216583 19501 event_loop.cc:149] EventLoop::QueueInLoop tid=140613226092416 IsInLoopThread=0
I0727 16:57:17.216593 19504 fd_channel.cc:149] HandleEvent fd=34 kWritable
I0727 16:57:17.216605 19505 connector.cc:32] Try to connect 123.125.160.26:20011 status=kDisconnected
I0727 16:57:17.216619 19506 connector.cc:70] this=0x7fe2fc0008c0 new FdChannel p=0x7fe2fc000b30 fd=49
I0727 16:57:17.216624 19504 fd_channel.cc:108] DetachFromLoop this=0x7fe304000b30 fd=34 detach from event loop
I0727 16:57:17.216660 19506 fd_channel.cc:50] this=0x7fe2fc000b30 fd=49 watching event kWritable
I0727 16:57:17.216675 19504 tcp_client.cc:67] Successfully connected to 123.125.160.30:20011
I0727 16:57:17.216670 19505 connector.cc:70] this=0x7fe2f80015b0 new FdChannel p=0x7fe2f8001780 fd=50
I0727 16:57:17.216663 19501 memcache_client_pool.cc:74] Start new tcp_client=0x1221c00 loop=3 server=123.125.160.28:20011
I0727 16:57:17.216701 19503 tcp_conn.cc:31] TCPConn::[evmc] this=0x7fe300001d70 channel=0x7fe3000026f0 fd=33
I0727 16:57:17.216716 19505 fd_channel.cc:50] this=0x7fe2f8001780 fd=50 watching event kWritable
I0727 16:57:17.216698 19506 connector.cc:13] Connector::Connector this=0x7fe2fc000c50 raddr=123.125.160.29:20011
I0727 16:57:17.216734 19505 connector.cc:13] Connector::Connector this=0x7fe2f80018d0 raddr=123.125.160.25:20011
I0727 16:57:17.216737 19501 event_loop.cc:149] EventLoop::QueueInLoop tid=140613226092416 IsInLoopThread=0
I0727 16:57:17.216722 19504 tcp_conn.cc:31] TCPConn::[evmc] this=0x7fe304001c30 channel=0x7fe3040025b0 fd=34
I0727 16:57:17.216755 19506 connector.cc:32] Try to connect 123.125.160.29:20011 status=kDisconnected
I0727 16:57:17.216763 19505 connector.cc:32] Try to connect 123.125.160.25:20011 status=kDisconnected
I0727 16:57:17.216780 19501 memcache_client_pool.cc:74] Start new tcp_client=0x1228380 loop=3 server=123.125.160.27:20011
I0727 16:57:17.216794 19504 fd_channel.cc:50] this=0x7fe3040025b0 fd=34 watching event kReadable
I0727 16:57:17.216797 19503 fd_channel.cc:50] this=0x7fe3000026f0 fd=33 watching event kReadable
I0727 16:57:17.216814 19501 event_loop.cc:149] EventLoop::QueueInLoop tid=140613226092416 IsInLoopThread=0
I0727 16:57:17.216821 19506 connector.cc:70] this=0x7fe2fc000c50 new FdChannel p=0x7fe2fc000e20 fd=51
I0727 16:57:17.216821 19505 connector.cc:70] this=0x7fe2f80018d0 new FdChannel p=0x7fe2f8001aa0 fd=52
I0727 16:57:17.216848 19503 memcache_client_pool.cc:182] OnClientConnection conn=0x7fe300001d70 memc_conn=0x7fe300001d70
I0727 16:57:17.216866 19501 memcache_client_pool.cc:74] Start new tcp_client=0x1228ba0 loop=3 server=123.125.160.26:20011
I0727 16:57:17.216847 19504 memcache_client_pool.cc:182] OnClientConnection conn=0x7fe304001c30 memc_conn=0x7fe304001c30
I0727 16:57:17.216881 19503 memcache_client_pool.cc:185] OnClientConnection connect ok
I0727 16:57:17.216883 19505 fd_channel.cc:50] this=0x7fe2f8001aa0 fd=52 watching event kWritable
I0727 16:57:17.216869 19506 fd_channel.cc:50] this=0x7fe2fc000e20 fd=51 watching event kWritable
I0727 16:57:17.216913 19505 fd_channel.cc:149] HandleEvent fd=38 kWritable
I0727 16:57:17.216894 19501 event_loop.cc:149] EventLoop::QueueInLoop tid=140613226092416 IsInLoopThread=0
I0727 16:57:17.216910 19503 fd_channel.cc:149] HandleEvent fd=35 kWritable
I0727 16:57:17.216941 19505 fd_channel.cc:108] DetachFromLoop this=0x7fe2f8000b30 fd=38 detach from event loop
I0727 16:57:17.216897 19504 memcache_client_pool.cc:185] OnClientConnection connect ok
I0727 16:57:17.216943 19506 connector.cc:13] Connector::Connector this=0x7fe2fc000f70 raddr=123.125.160.28:20011
I0727 16:57:17.216984 19504 fd_channel.cc:149] HandleEvent fd=36 kWritable
I0727 16:57:17.216966 19503 fd_channel.cc:108] DetachFromLoop this=0x7fe300000f60 fd=35 detach from event loop
I0727 16:57:17.217002 19506 connector.cc:32] Try to connect 123.125.160.28:20011 status=kDisconnected
I0727 16:57:17.217010 19504 fd_channel.cc:108] DetachFromLoop this=0x7fe304000e20 fd=36 detach from event loop
I0727 16:57:17.216979 19505 tcp_client.cc:67] Successfully connected to 123.125.160.30:20011
I0727 16:57:17.216962 19501 memcache_client_pool.cc:74] Start new tcp_client=0x12292a0 loop=3 server=123.125.160.25:20011
I0727 16:57:17.217039 19504 tcp_client.cc:67] Successfully connected to 123.125.160.29:20011
I0727 16:57:17.217025 19503 tcp_client.cc:67] Successfully connected to 123.125.160.29:20011
I0727 16:57:17.217061 19505 tcp_conn.cc:31] TCPConn::[evmc] this=0x7fe2f8001c30 channel=0x7fe2f80025b0 fd=38
I0727 16:57:17.217067 19501 event_loop.cc:149] EventLoop::QueueInLoop tid=140613226092416 IsInLoopThread=0
I0727 16:57:17.217082 19503 tcp_conn.cc:31] TCPConn::[evmc] this=0x7fe300002930 channel=0x7fe3000032b0 fd=35
I0727 16:57:17.217098 19505 fd_channel.cc:50] this=0x7fe2f80025b0 fd=38 watching event kReadable
I0727 16:57:17.217072 19506 connector.cc:70] this=0x7fe2fc000f70 new FdChannel p=0x7fe2fc001140 fd=53
I0727 16:57:17.217080 19504 tcp_conn.cc:31] TCPConn::[evmc] this=0x7fe3040027f0 channel=0x7fe304003170 fd=36
I0727 16:57:17.217123 19503 fd_channel.cc:50] this=0x7fe3000032b0 fd=35 watching event kReadable
I0727 16:57:17.217121 19505 memcache_client_pool.cc:182] OnClientConnection conn=0x7fe2f8001c30 memc_conn=0x7fe2f8001c30
I0727 16:57:17.217146 19506 fd_channel.cc:50] this=0x7fe2fc001140 fd=53 watching event kWritable
I0727 16:57:17.217156 19503 memcache_client_pool.cc:182] OnClientConnection conn=0x7fe300002930 memc_conn=0x7fe300002930
I0727 16:57:17.217165 19505 memcache_client_pool.cc:185] OnClientConnection connect ok
I0727 16:57:17.217180 19506 connector.cc:13] Connector::Connector this=0x7fe2fc001290 raddr=123.125.160.27:20011
I0727 16:57:17.217188 19503 memcache_client_pool.cc:185] OnClientConnection connect ok
I0727 16:57:17.217197 19505 fd_channel.cc:149] HandleEvent fd=42 kWritable
I0727 16:57:17.217164 19504 fd_channel.cc:50] this=0x7fe304003170 fd=36 watching event kReadable
I0727 16:57:17.217208 19506 connector.cc:32] Try to connect 123.125.160.27:20011 status=kDisconnected
I0727 16:57:17.217211 19503 fd_channel.cc:149] HandleEvent fd=37 kWritable
I0727 16:57:17.217221 19505 fd_channel.cc:108] DetachFromLoop this=0x7fe2f8000e20 fd=42 detach from event loop
I0727 16:57:17.217228 19504 memcache_client_pool.cc:182] OnClientConnection conn=0x7fe3040027f0 memc_conn=0x7fe3040027f0
I0727 16:57:17.217243 19503 fd_channel.cc:108] DetachFromLoop this=0x7fe300001280 fd=37 detach from event loop
I0727 16:57:17.217259 19505 tcp_client.cc:67] Successfully connected to 123.125.160.29:20011
I0727 16:57:17.217259 19504 memcache_client_pool.cc:185] OnClientConnection connect ok
I0727 16:57:17.217274 19506 connector.cc:70] this=0x7fe2fc001290 new FdChannel p=0x7fe2fc001460 fd=54
I0727 16:57:17.217290 19504 fd_channel.cc:149] HandleEvent fd=40 kWritable
I0727 16:57:17.217277 19503 tcp_client.cc:67] Successfully connected to 123.125.160.28:20011
I0727 16:57:17.217310 19506 fd_channel.cc:50] this=0x7fe2fc001460 fd=54 watching event kWritable
I0727 16:57:17.217300 19505 tcp_conn.cc:31] TCPConn::[evmc] this=0x7fe2f80027f0 channel=0x7fe2f8003170 fd=42
I0727 16:57:17.217314 19504 fd_channel.cc:108] DetachFromLoop this=0x7fe304001140 fd=40 detach from event loop
I0727 16:57:17.217350 19506 connector.cc:13] Connector::Connector this=0x7fe2fc0015b0 raddr=123.125.160.26:20011
I0727 16:57:17.217337 19503 tcp_conn.cc:31] TCPConn::[evmc] this=0x7fe3000034a0 channel=0x7fe300003e20 fd=37
I0727 16:57:17.217370 19505 fd_channel.cc:50] this=0x7fe2f8003170 fd=42 watching event kReadable
I0727 16:57:17.217380 19506 connector.cc:32] Try to connect 123.125.160.26:20011 status=kDisconnected
I0727 16:57:17.217373 19504 tcp_client.cc:67] Successfully connected to 123.125.160.28:20011
I0727 16:57:17.217396 19505 memcache_client_pool.cc:182] OnClientConnection conn=0x7fe2f80027f0 memc_conn=0x7fe2f80027f0
I0727 16:57:17.217397 19503 fd_channel.cc:50] this=0x7fe300003e20 fd=37 watching event kReadable
I0727 16:57:17.217409 19505 memcache_client_pool.cc:185] OnClientConnection connect ok
I0727 16:57:17.217427 19505 fd_channel.cc:149] HandleEvent fd=45 kWritable
I0727 16:57:17.217420 19503 memcache_client_pool.cc:182] OnClientConnection conn=0x7fe3000034a0 memc_conn=0x7fe3000034a0
I0727 16:57:17.217419 19504 tcp_conn.cc:31] TCPConn::[evmc] this=0x7fe304003360 channel=0x7fe304003ce0 fd=40
I0727 16:57:17.217469 19503 memcache_client_pool.cc:185] OnClientConnection connect ok
I0727 16:57:17.217458 19506 connector.cc:70] this=0x7fe2fc0015b0 new FdChannel p=0x7fe2fc001780 fd=55
I0727 16:57:17.217458 19505 fd_channel.cc:108] DetachFromLoop this=0x7fe2f8001140 fd=45 detach from event loop
I0727 16:57:17.217499 19503 fd_channel.cc:149] HandleEvent fd=39 kWritable
I0727 16:57:17.217504 19504 fd_channel.cc:50] this=0x7fe304003ce0 fd=40 watching event kReadable
I0727 16:57:17.217509 19506 fd_channel.cc:50] this=0x7fe2fc001780 fd=55 watching event kWritable
I0727 16:57:17.217517 19505 tcp_client.cc:67] Successfully connected to 123.125.160.28:20011
I0727 16:57:17.217520 19503 fd_channel.cc:108] DetachFromLoop this=0x7fe3000015a0 fd=39 detach from event loop
I0727 16:57:17.217528 19506 connector.cc:13] Connector::Connector this=0x7fe2fc0018d0 raddr=123.125.160.25:20011
I0727 16:57:17.217525 19504 memcache_client_pool.cc:182] OnClientConnection conn=0x7fe304003360 memc_conn=0x7fe304003360
I0727 16:57:17.217546 19503 tcp_client.cc:67] Successfully connected to 123.125.160.27:20011
I0727 16:57:17.217556 19506 connector.cc:32] Try to connect 123.125.160.25:20011 status=kDisconnected
I0727 16:57:17.217553 19504 memcache_client_pool.cc:185] OnClientConnection connect ok
I0727 16:57:17.217552 19505 tcp_conn.cc:31] TCPConn::[evmc] this=0x7fe2f8003360 channel=0x7fe2f8003ce0 fd=45
I0727 16:57:17.217579 19503 tcp_conn.cc:31] TCPConn::[evmc] this=0x7fe300004010 channel=0x7fe300004990 fd=39
I0727 16:57:17.217595 19504 fd_channel.cc:149] HandleEvent fd=43 kWritable
I0727 16:57:17.217608 19505 fd_channel.cc:50] this=0x7fe2f8003ce0 fd=45 watching event kReadable
I0727 16:57:17.217617 19504 fd_channel.cc:108] DetachFromLoop this=0x7fe304001460 fd=43 detach from event loop
I0727 16:57:17.217612 19503 fd_channel.cc:50] this=0x7fe300004990 fd=39 watching event kReadable
I0727 16:57:17.217634 19505 memcache_client_pool.cc:182] OnClientConnection conn=0x7fe2f8003360 memc_conn=0x7fe2f8003360
I0727 16:57:17.217618 19506 connector.cc:70] this=0x7fe2fc0018d0 new FdChannel p=0x7fe2fc001aa0 fd=56
I0727 16:57:17.217651 19504 tcp_client.cc:67] Successfully connected to 123.125.160.27:20011
I0727 16:57:17.217653 19505 memcache_client_pool.cc:185] OnClientConnection connect ok
I0727 16:57:17.217655 19503 memcache_client_pool.cc:182] OnClientConnection conn=0x7fe300004010 memc_conn=0x7fe300004010
I0727 16:57:17.217677 19506 fd_channel.cc:50] this=0x7fe2fc001aa0 fd=56 watching event kWritable
I0727 16:57:17.217689 19505 fd_channel.cc:149] HandleEvent fd=48 kWritable
I0727 16:57:17.217692 19504 tcp_conn.cc:31] TCPConn::[evmc] this=0x7fe304003ed0 channel=0x7fe304004850 fd=43
I0727 16:57:17.217681 19503 memcache_client_pool.cc:185] OnClientConnection connect ok
I0727 16:57:17.217701 19506 fd_channel.cc:149] HandleEvent fd=49 kWritable
I0727 16:57:17.217725 19503 fd_channel.cc:149] HandleEvent fd=41 kWritable
I0727 16:57:17.217713 19505 fd_channel.cc:108] DetachFromLoop this=0x7fe2f8001460 fd=48 detach from event loop
I0727 16:57:17.217726 19504 fd_channel.cc:50] this=0x7fe304004850 fd=43 watching event kReadable
I0727 16:57:17.217756 19506 fd_channel.cc:108] DetachFromLoop this=0x7fe2fc000b30 fd=49 detach from event loop
I0727 16:57:17.217751 19503 fd_channel.cc:108] DetachFromLoop this=0x7fe3000018c0 fd=41 detach from event loop
I0727 16:57:17.217772 19504 memcache_client_pool.cc:182] OnClientConnection conn=0x7fe304003ed0 memc_conn=0x7fe304003ed0
I0727 16:57:17.217767 19505 tcp_client.cc:67] Successfully connected to 123.125.160.27:20011
I0727 16:57:17.217787 19504 memcache_client_pool.cc:185] OnClientConnection connect ok
I0727 16:57:17.217789 19506 tcp_client.cc:67] Successfully connected to 123.125.160.30:20011
I0727 16:57:17.217795 19503 tcp_client.cc:67] Successfully connected to 123.125.160.26:20011
I0727 16:57:17.217803 19504 fd_channel.cc:149] HandleEvent fd=46 kWritable
I0727 16:57:17.217813 19505 tcp_conn.cc:31] TCPConn::[evmc] this=0x7fe2f8003ed0 channel=0x7fe2f8004850 fd=48
I0727 16:57:17.217823 19504 fd_channel.cc:108] DetachFromLoop this=0x7fe304001780 fd=46 detach from event loop
I0727 16:57:17.217826 19506 tcp_conn.cc:31] TCPConn::[evmc] this=0x7fe2fc001c30 channel=0x7fe2fc0025b0 fd=49
I0727 16:57:17.217829 19503 tcp_conn.cc:31] TCPConn::[evmc] this=0x7fe300004b80 channel=0x7fe300005500 fd=41
I0727 16:57:17.217845 19504 tcp_client.cc:67] Successfully connected to 123.125.160.26:20011
